<?xml version="1.0" encoding="ISO-8859-1" ?>
<link_info>
   <banner>TI ARM Linker Unix v18.12.5.LTS</banner>
   <copyright>Copyright (c) 1996-2018 Texas Instruments Incorporated</copyright>
   <link_time>0x6aaa92b7</link_time>
   <link_errors>0x0</link_errors>
   <output_file>bootloader.out</output_file>
   <entry_point>
      <name>resetISR</name>
      <address>0x4cd9</address>
   </entry_point>
   <input_file_list>
      <input_file id="fl-1">
         <path>./</path>
         <kind>object</kind>
         <file>CC1310_LAUNCHXL.obj</file>
         <name>CC1310_LAUNCHXL.obj</name>
      </input_file>
      <input_file id="fl-2">
         <path>./</path>
         <kind>object</kind>
         <file>CC1310_LAUNCHXL_fxns.obj</file>
         <name>CC1310_LAUNCHXL_fxns.obj</name>
      </input_file>
      <input_file id="fl-3">
         <path>./</path>
         <kind>object</kind>
         <file>ccfg.obj</file>
         <name>ccfg.obj</name>
      </input_file>
      <input_file id="fl-4">
         <path>./</path>
         <kind>object</kind>
         <file>main_nortos.obj</file>
         <name>main_nortos.obj</name>
      </input_file>
      <input_file id="fl-5">
         <path>./</path>
         <kind>object</kind>
         <file>uartecho.obj</file>
         <name>uartecho.obj</name>
      </input_file>
      <input_file id="fl-10">
         <kind>object</kind>
         <file>&lt;internal&gt;</file>
         <name>&lt;internal&gt;</name>
      </input_file>
      <input_file id="fl-11">
         <path>/Applications/ti/simplelink_cc13x0_sdk_4_20_02_07/source/ti/display/lib/</path>
         <kind>archive</kind>
         <file>display.aem3</file>
         <name>DisplayUart.oem3</name>
      </input_file>
      <input_file id="fl-12">
         <path>/Applications/ti/simplelink_cc13x0_sdk_4_20_02_07/source/ti/drivers/lib/</path>
         <kind>archive</kind>
         <file>drivers_cc13x0.aem3</file>
         <name>NVSSPI25X.oem3</name>
      </input_file>
      <input_file id="fl-13">
         <path>/Applications/ti/simplelink_cc13x0_sdk_4_20_02_07/source/ti/drivers/lib/</path>
         <kind>archive</kind>
         <file>drivers_cc13x0.aem3</file>
         <name>SDSPI.oem3</name>
      </input_file>
      <input_file id="fl-14">
         <path>/Applications/ti/simplelink_cc13x0_sdk_4_20_02_07/source/ti/drivers/lib/</path>
         <kind>archive</kind>
         <file>drivers_cc13x0.aem3</file>
         <name>ADCCC26XX.oem3</name>
      </input_file>
      <input_file id="fl-15">
         <path>/Applications/ti/simplelink_cc13x0_sdk_4_20_02_07/source/ti/drivers/lib/</path>
         <kind>archive</kind>
         <file>drivers_cc13x0.aem3</file>
         <name>ADCBufCC26XX.oem3</name>
      </input_file>
      <input_file id="fl-16">
         <path>/Applications/ti/simplelink_cc13x0_sdk_4_20_02_07/source/ti/drivers/lib/</path>
         <kind>archive</kind>
         <file>drivers_cc13x0.aem3</file>
         <name>UDMACC26XX.oem3</name>
      </input_file>
      <input_file id="fl-17">
         <path>/Applications/ti/simplelink_cc13x0_sdk_4_20_02_07/source/ti/drivers/lib/</path>
         <kind>archive</kind>
         <file>drivers_cc13x0.aem3</file>
         <name>GPIOCC26XX.oem3</name>
      </input_file>
      <input_file id="fl-18">
         <path>/Applications/ti/simplelink_cc13x0_sdk_4_20_02_07/source/ti/drivers/lib/</path>
         <kind>archive</kind>
         <file>drivers_cc13x0.aem3</file>
         <name>I2CCC26XX.oem3</name>
      </input_file>
      <input_file id="fl-19">
         <path>/Applications/ti/simplelink_cc13x0_sdk_4_20_02_07/source/ti/drivers/lib/</path>
         <kind>archive</kind>
         <file>drivers_cc13x0.aem3</file>
         <name>NVSCC26XX.oem3</name>
      </input_file>
      <input_file id="fl-1a">
         <path>/Applications/ti/simplelink_cc13x0_sdk_4_20_02_07/source/ti/drivers/lib/</path>
         <kind>archive</kind>
         <file>drivers_cc13x0.aem3</file>
         <name>PINCC26XX.oem3</name>
      </input_file>
      <input_file id="fl-1b">
         <path>/Applications/ti/simplelink_cc13x0_sdk_4_20_02_07/source/ti/drivers/lib/</path>
         <kind>archive</kind>
         <file>drivers_cc13x0.aem3</file>
         <name>PowerCC26XX.oem3</name>
      </input_file>
      <input_file id="fl-1c">
         <path>/Applications/ti/simplelink_cc13x0_sdk_4_20_02_07/source/ti/drivers/lib/</path>
         <kind>archive</kind>
         <file>drivers_cc13x0.aem3</file>
         <name>PowerCC26XX_calibrateRCOSC.oem3</name>
      </input_file>
      <input_file id="fl-1d">
         <path>/Applications/ti/simplelink_cc13x0_sdk_4_20_02_07/source/ti/drivers/lib/</path>
         <kind>archive</kind>
         <file>drivers_cc13x0.aem3</file>
         <name>PWMTimerCC26XX.oem3</name>
      </input_file>
      <input_file id="fl-1e">
         <path>/Applications/ti/simplelink_cc13x0_sdk_4_20_02_07/source/ti/drivers/lib/</path>
         <kind>archive</kind>
         <file>drivers_cc13x0.aem3</file>
         <name>SPI.oem3</name>
      </input_file>
      <input_file id="fl-1f">
         <path>/Applications/ti/simplelink_cc13x0_sdk_4_20_02_07/source/ti/drivers/lib/</path>
         <kind>archive</kind>
         <file>drivers_cc13x0.aem3</file>
         <name>SPICC26XXDMA.oem3</name>
      </input_file>
      <input_file id="fl-20">
         <path>/Applications/ti/simplelink_cc13x0_sdk_4_20_02_07/source/ti/drivers/lib/</path>
         <kind>archive</kind>
         <file>drivers_cc13x0.aem3</file>
         <name>GPTimerCC26XX.oem3</name>
      </input_file>
      <input_file id="fl-21">
         <path>/Applications/ti/simplelink_cc13x0_sdk_4_20_02_07/source/ti/drivers/lib/</path>
         <kind>archive</kind>
         <file>drivers_cc13x0.aem3</file>
         <name>UART.oem3</name>
      </input_file>
      <input_file id="fl-22">
         <path>/Applications/ti/simplelink_cc13x0_sdk_4_20_02_07/source/ti/drivers/lib/</path>
         <kind>archive</kind>
         <file>drivers_cc13x0.aem3</file>
         <name>UARTCC26XX.oem3</name>
      </input_file>
      <input_file id="fl-23">
         <path>/Applications/ti/simplelink_cc13x0_sdk_4_20_02_07/source/ti/drivers/lib/</path>
         <kind>archive</kind>
         <file>drivers_cc13x0.aem3</file>
         <name>WatchdogCC26XX.oem3</name>
      </input_file>
      <input_file id="fl-24">
         <path>/Applications/ti/simplelink_cc13x0_sdk_4_20_02_07/source/ti/drivers/lib/</path>
         <kind>archive</kind>
         <file>drivers_cc13x0.aem3</file>
         <name>List.oem3</name>
      </input_file>
      <input_file id="fl-25">
         <path>/Applications/ti/simplelink_cc13x0_sdk_4_20_02_07/source/ti/drivers/lib/</path>
         <kind>archive</kind>
         <file>drivers_cc13x0.aem3</file>
         <name>RingBuf.oem3</name>
      </input_file>
      <input_file id="fl-26">
         <path>/Applications/ti/simplelink_cc13x0_sdk_4_20_02_07/source/ti/drivers/lib/</path>
         <kind>archive</kind>
         <file>drivers_cc13x0.aem3</file>
         <name>ADCBuf.oem3</name>
      </input_file>
      <input_file id="fl-27">
         <path>/Applications/ti/simplelink_cc13x0_sdk_4_20_02_07/kernel/nortos/lib/</path>
         <kind>archive</kind>
         <file>nortos_cc13x0.aem3</file>
         <name>NoRTOS.oem3</name>
      </input_file>
      <input_file id="fl-28">
         <path>/Applications/ti/simplelink_cc13x0_sdk_4_20_02_07/kernel/nortos/lib/</path>
         <kind>archive</kind>
         <file>nortos_cc13x0.aem3</file>
         <name>SemaphoreP_nortos.oem3</name>
      </input_file>
      <input_file id="fl-29">
         <path>/Applications/ti/simplelink_cc13x0_sdk_4_20_02_07/kernel/nortos/lib/</path>
         <kind>archive</kind>
         <file>nortos_cc13x0.aem3</file>
         <name>SwiP_nortos.oem3</name>
      </input_file>
      <input_file id="fl-2a">
         <path>/Applications/ti/simplelink_cc13x0_sdk_4_20_02_07/kernel/nortos/lib/</path>
         <kind>archive</kind>
         <file>nortos_cc13x0.aem3</file>
         <name>SystemP_nortos.oem3</name>
      </input_file>
      <input_file id="fl-2b">
         <path>/Applications/ti/simplelink_cc13x0_sdk_4_20_02_07/kernel/nortos/lib/</path>
         <kind>archive</kind>
         <file>nortos_cc13x0.aem3</file>
         <name>ClockPTimer_nortos.oem3</name>
      </input_file>
      <input_file id="fl-2c">
         <path>/Applications/ti/simplelink_cc13x0_sdk_4_20_02_07/kernel/nortos/lib/</path>
         <kind>archive</kind>
         <file>nortos_cc13x0.aem3</file>
         <name>TimerPCC26XX_nortos.oem3</name>
      </input_file>
      <input_file id="fl-2d">
         <path>/Applications/ti/simplelink_cc13x0_sdk_4_20_02_07/kernel/nortos/lib/</path>
         <kind>archive</kind>
         <file>nortos_cc13x0.aem3</file>
         <name>HwiPCC26XX_nortos.oem3</name>
      </input_file>
      <input_file id="fl-2e">
         <path>/Applications/ti/simplelink_cc13x0_sdk_4_20_02_07/kernel/nortos/lib/</path>
         <kind>archive</kind>
         <file>nortos_cc13x0.aem3</file>
         <name>PowerCC26XX_nortos.oem3</name>
      </input_file>
      <input_file id="fl-2f">
         <path>/Applications/ti/simplelink_cc13x0_sdk_4_20_02_07/kernel/nortos/lib/</path>
         <kind>archive</kind>
         <file>nortos_cc13x0.aem3</file>
         <name>startup_cc13xx_cc26xx_ccs.oem3</name>
      </input_file>
      <input_file id="fl-30">
         <path>/Applications/ti/simplelink_cc13x0_sdk_4_20_02_07/kernel/nortos/lib/</path>
         <kind>archive</kind>
         <file>nortos_cc13x0.aem3</file>
         <name>QueueP_nortos.oem3</name>
      </input_file>
      <input_file id="fl-31">
         <path>/Applications/ti/simplelink_cc13x0_sdk_4_20_02_07/source/ti/devices/cc13x0/driverlib/bin/ccs/</path>
         <kind>archive</kind>
         <file>driverlib.lib</file>
         <name>aux_adc.obj</name>
      </input_file>
      <input_file id="fl-32">
         <path>/Applications/ti/simplelink_cc13x0_sdk_4_20_02_07/source/ti/devices/cc13x0/driverlib/bin/ccs/</path>
         <kind>archive</kind>
         <file>driverlib.lib</file>
         <name>chipinfo.obj</name>
      </input_file>
      <input_file id="fl-33">
         <path>/Applications/ti/simplelink_cc13x0_sdk_4_20_02_07/source/ti/devices/cc13x0/driverlib/bin/ccs/</path>
         <kind>archive</kind>
         <file>driverlib.lib</file>
         <name>setup.obj</name>
      </input_file>
      <input_file id="fl-34">
         <path>/Applications/ti/simplelink_cc13x0_sdk_4_20_02_07/source/ti/devices/cc13x0/driverlib/bin/ccs/</path>
         <kind>archive</kind>
         <file>driverlib.lib</file>
         <name>flash.obj</name>
      </input_file>
      <input_file id="fl-35">
         <path>/Applications/ti/simplelink_cc13x0_sdk_4_20_02_07/source/ti/devices/cc13x0/driverlib/bin/ccs/</path>
         <kind>archive</kind>
         <file>driverlib.lib</file>
         <name>sys_ctrl.obj</name>
      </input_file>
      <input_file id="fl-36">
         <path>/Applications/ti/simplelink_cc13x0_sdk_4_20_02_07/source/ti/devices/cc13x0/driverlib/bin/ccs/</path>
         <kind>archive</kind>
         <file>driverlib.lib</file>
         <name>cpu.obj</name>
      </input_file>
      <input_file id="fl-37">
         <path>/Applications/ti/simplelink_cc13x0_sdk_4_20_02_07/source/ti/devices/cc13x0/driverlib/bin/ccs/</path>
         <kind>archive</kind>
         <file>driverlib.lib</file>
         <name>driverlib_release.obj</name>
      </input_file>
      <input_file id="fl-38">
         <path>/Applications/ti/simplelink_cc13x0_sdk_4_20_02_07/source/ti/devices/cc13x0/driverlib/bin/ccs/</path>
         <kind>archive</kind>
         <file>driverlib.lib</file>
         <name>aon_rtc.obj</name>
      </input_file>
      <input_file id="fl-39">
         <path>/Applications/ti/simplelink_cc13x0_sdk_4_20_02_07/source/ti/devices/cc13x0/driverlib/bin/ccs/</path>
         <kind>archive</kind>
         <file>driverlib.lib</file>
         <name>setup_rom.obj</name>
      </input_file>
      <input_file id="fl-3a">
         <path>/Applications/ti/simplelink_cc13x0_sdk_4_20_02_07/source/ti/devices/cc13x0/driverlib/bin/ccs/</path>
         <kind>archive</kind>
         <file>driverlib.lib</file>
         <name>interrupt.obj</name>
      </input_file>
      <input_file id="fl-3b">
         <path>/Applications/ti/simplelink_cc13x0_sdk_4_20_02_07/source/ti/devices/cc13x0/driverlib/bin/ccs/</path>
         <kind>archive</kind>
         <file>driverlib.lib</file>
         <name>osc.obj</name>
      </input_file>
      <input_file id="fl-3c">
         <path>/Applications/ti/simplelink_cc13x0_sdk_4_20_02_07/source/ti/devices/cc13x0/driverlib/bin/ccs/</path>
         <kind>archive</kind>
         <file>driverlib.lib</file>
         <name>aon_batmon.obj</name>
      </input_file>
      <input_file id="fl-3d">
         <path>/Applications/ti/simplelink_cc13x0_sdk_4_20_02_07/source/ti/devices/cc13x0/driverlib/bin/ccs/</path>
         <kind>archive</kind>
         <file>driverlib.lib</file>
         <name>adi.obj</name>
      </input_file>
      <input_file id="fl-3e">
         <path>/Applications/ti/simplelink_cc13x0_sdk_4_20_02_07/source/ti/devices/cc13x0/driverlib/bin/ccs/</path>
         <kind>archive</kind>
         <file>driverlib.lib</file>
         <name>vims.obj</name>
      </input_file>
      <input_file id="fl-3f">
         <path>/Applications/ti/simplelink_cc13x0_sdk_4_20_02_07/source/ti/devices/cc13x0/driverlib/bin/ccs/</path>
         <kind>archive</kind>
         <file>driverlib.lib</file>
         <name>ddi.obj</name>
      </input_file>
      <input_file id="fl-f5">
         <path>/Users/xiulin/ti/ti-cgt-arm_18.12.5.LTS/lib/</path>
         <kind>archive</kind>
         <file>rtsv7M3_T_le_eabi.lib</file>
         <name>u_divt2.asm.obj</name>
      </input_file>
      <input_file id="fl-f6">
         <path>/Users/xiulin/ti/ti-cgt-arm_18.12.5.LTS/lib/</path>
         <kind>archive</kind>
         <file>rtsv7M3_T_le_eabi.lib</file>
         <name>fd_add_t2.asm.obj</name>
      </input_file>
      <input_file id="fl-f7">
         <path>/Users/xiulin/ti/ti-cgt-arm_18.12.5.LTS/lib/</path>
         <kind>archive</kind>
         <file>rtsv7M3_T_le_eabi.lib</file>
         <name>fd_cmp_t2.asm.obj</name>
      </input_file>
      <input_file id="fl-f8">
         <path>/Users/xiulin/ti/ti-cgt-arm_18.12.5.LTS/lib/</path>
         <kind>archive</kind>
         <file>rtsv7M3_T_le_eabi.lib</file>
         <name>fd_mul_t2.asm.obj</name>
      </input_file>
      <input_file id="fl-f9">
         <path>/Users/xiulin/ti/ti-cgt-arm_18.12.5.LTS/lib/</path>
         <kind>archive</kind>
         <file>rtsv7M3_T_le_eabi.lib</file>
         <name>fd_toi_t2.asm.obj</name>
      </input_file>
      <input_file id="fl-fa">
         <path>/Users/xiulin/ti/ti-cgt-arm_18.12.5.LTS/lib/</path>
         <kind>archive</kind>
         <file>rtsv7M3_T_le_eabi.lib</file>
         <name>fd_tou_t2.asm.obj</name>
      </input_file>
      <input_file id="fl-fb">
         <path>/Users/xiulin/ti/ti-cgt-arm_18.12.5.LTS/lib/</path>
         <kind>archive</kind>
         <file>rtsv7M3_T_le_eabi.lib</file>
         <name>i_tofd_t2.asm.obj</name>
      </input_file>
      <input_file id="fl-fc">
         <path>/Users/xiulin/ti/ti-cgt-arm_18.12.5.LTS/lib/</path>
         <kind>archive</kind>
         <file>rtsv7M3_T_le_eabi.lib</file>
         <name>ll_mul_t2.asm.obj</name>
      </input_file>
      <input_file id="fl-fd">
         <path>/Users/xiulin/ti/ti-cgt-arm_18.12.5.LTS/lib/</path>
         <kind>archive</kind>
         <file>rtsv7M3_T_le_eabi.lib</file>
         <name>memcpy_t2.asm.obj</name>
      </input_file>
      <input_file id="fl-fe">
         <path>/Users/xiulin/ti/ti-cgt-arm_18.12.5.LTS/lib/</path>
         <kind>archive</kind>
         <file>rtsv7M3_T_le_eabi.lib</file>
         <name>memset_t2.asm.obj</name>
      </input_file>
      <input_file id="fl-ff">
         <path>/Users/xiulin/ti/ti-cgt-arm_18.12.5.LTS/lib/</path>
         <kind>archive</kind>
         <file>rtsv7M3_T_le_eabi.lib</file>
         <name>ull_div_t2.asm.obj</name>
      </input_file>
      <input_file id="fl-100">
         <path>/Users/xiulin/ti/ti-cgt-arm_18.12.5.LTS/lib/</path>
         <kind>archive</kind>
         <file>rtsv7M3_T_le_eabi.lib</file>
         <name>copy_zero_init.c.obj</name>
      </input_file>
      <input_file id="fl-101">
         <path>/Users/xiulin/ti/ti-cgt-arm_18.12.5.LTS/lib/</path>
         <kind>archive</kind>
         <file>rtsv7M3_T_le_eabi.lib</file>
         <name>copy_decompress_none.c.obj</name>
      </input_file>
      <input_file id="fl-102">
         <path>/Users/xiulin/ti/ti-cgt-arm_18.12.5.LTS/lib/</path>
         <kind>archive</kind>
         <file>rtsv7M3_T_le_eabi.lib</file>
         <name>copy_decompress_lzss.c.obj</name>
      </input_file>
      <input_file id="fl-103">
         <path>/Users/xiulin/ti/ti-cgt-arm_18.12.5.LTS/lib/</path>
         <kind>archive</kind>
         <file>rtsv7M3_T_le_eabi.lib</file>
         <name>memory.c.obj</name>
      </input_file>
      <input_file id="fl-104">
         <path>/Users/xiulin/ti/ti-cgt-arm_18.12.5.LTS/lib/</path>
         <kind>archive</kind>
         <file>rtsv7M3_T_le_eabi.lib</file>
         <name>strlen.c.obj</name>
      </input_file>
      <input_file id="fl-105">
         <path>/Users/xiulin/ti/ti-cgt-arm_18.12.5.LTS/lib/</path>
         <kind>archive</kind>
         <file>rtsv7M3_T_le_eabi.lib</file>
         <name>boot_cortex_m.c.obj</name>
      </input_file>
      <input_file id="fl-106">
         <path>/Users/xiulin/ti/ti-cgt-arm_18.12.5.LTS/lib/</path>
         <kind>archive</kind>
         <file>rtsv7M3_T_le_eabi.lib</file>
         <name>div0.asm.obj</name>
      </input_file>
      <input_file id="fl-107">
         <path>/Users/xiulin/ti/ti-cgt-arm_18.12.5.LTS/lib/</path>
         <kind>archive</kind>
         <file>rtsv7M3_T_le_eabi.lib</file>
         <name>autoinit.c.obj</name>
      </input_file>
      <input_file id="fl-108">
         <path>/Users/xiulin/ti/ti-cgt-arm_18.12.5.LTS/lib/</path>
         <kind>archive</kind>
         <file>rtsv7M3_T_le_eabi.lib</file>
         <name>pre_init.c.obj</name>
      </input_file>
      <input_file id="fl-109">
         <path>/Users/xiulin/ti/ti-cgt-arm_18.12.5.LTS/lib/</path>
         <kind>archive</kind>
         <file>rtsv7M3_T_le_eabi.lib</file>
         <name>cpy_tbl.c.obj</name>
      </input_file>
      <input_file id="fl-10a">
         <path>/Users/xiulin/ti/ti-cgt-arm_18.12.5.LTS/lib/</path>
         <kind>archive</kind>
         <file>rtsv7M3_T_le_eabi.lib</file>
         <name>exit.c.obj</name>
      </input_file>
      <input_file id="fl-10b">
         <path>/Users/xiulin/ti/ti-cgt-arm_18.12.5.LTS/lib/</path>
         <kind>archive</kind>
         <file>rtsv7M3_T_le_eabi.lib</file>
         <name>_lock.c.obj</name>
      </input_file>
      <input_file id="fl-10c">
         <path>/Users/xiulin/ti/ti-cgt-arm_18.12.5.LTS/lib/</path>
         <kind>archive</kind>
         <file>rtsv7M3_T_le_eabi.lib</file>
         <name>args_main.c.obj</name>
      </input_file>
   </input_file_list>
   <object_component_list>
      <object_component id="oc-1b">
         <name>.intvecs</name>
         <load_address>0x0</load_address>
         <run_address>0x0</run_address>
         <size>0xc8</size>
         <input_file_ref idref="fl-2f"/>
      </object_component>
      <object_component id="oc-18">
         <name>.boot_api</name>
         <load_address>0x5000</load_address>
         <run_address>0x5000</run_address>
         <size>0x10</size>
         <input_file_ref idref="fl-5"/>
      </object_component>
      <object_component id="oc-83c">
         <name>.text:PowerCC26XX_auxISR</name>
         <load_address>0xc8</load_address>
         <run_address>0xc8</run_address>
         <size>0x30c</size>
         <input_file_ref idref="fl-1c"/>
      </object_component>
      <object_component id="oc-403">
         <name>.text:updater</name>
         <load_address>0x3d4</load_address>
         <run_address>0x3d4</run_address>
         <size>0x244</size>
         <input_file_ref idref="fl-5"/>
      </object_component>
      <object_component id="oc-99e">
         <name>.text:NOROM_SysCtrlSetRechargeBeforePowerDown</name>
         <load_address>0x618</load_address>
         <run_address>0x618</run_address>
         <size>0x238</size>
         <input_file_ref idref="fl-35"/>
      </object_component>
      <object_component id="oc-811">
         <name>.text:Power_sleep</name>
         <load_address>0x850</load_address>
         <run_address>0x850</run_address>
         <size>0x224</size>
         <input_file_ref idref="fl-1b"/>
      </object_component>
      <object_component id="oc-443">
         <name>.text:PIN_init</name>
         <load_address>0xa74</load_address>
         <run_address>0xa74</run_address>
         <size>0x1b0</size>
         <input_file_ref idref="fl-1a"/>
      </object_component>
      <object_component id="oc-82a">
         <name>.text:PowerCC26XX_doCalibrate</name>
         <load_address>0xc24</load_address>
         <run_address>0xc24</run_address>
         <size>0x190</size>
         <input_file_ref idref="fl-1c"/>
      </object_component>
      <object_component id="oc-779">
         <name>.text:UARTCC26XX_open</name>
         <load_address>0xdb4</load_address>
         <run_address>0xdb4</run_address>
         <size>0x164</size>
         <input_file_ref idref="fl-22"/>
      </object_component>
      <object_component id="oc-8ee">
         <name>.text:UARTCC26XX_hwiIntFxn</name>
         <load_address>0xf18</load_address>
         <run_address>0xf18</run_address>
         <size>0x148</size>
         <input_file_ref idref="fl-22"/>
      </object_component>
      <object_component id="oc-77f">
         <name>.text:UARTCC26XX_read</name>
         <load_address>0x1060</load_address>
         <run_address>0x1060</run_address>
         <size>0x136</size>
         <input_file_ref idref="fl-22"/>
      </object_component>
      <object_component id="oc-a89">
         <name>.text:IntDefaultHandler</name>
         <load_address>0x1196</load_address>
         <run_address>0x1196</run_address>
         <size>0x2</size>
         <input_file_ref idref="fl-3a"/>
      </object_component>
      <object_component id="oc-186">
         <name>.text:NOROM_SetupAfterColdResetWakeupFromShutDownCfg3</name>
         <load_address>0x1198</load_address>
         <run_address>0x1198</run_address>
         <size>0x12c</size>
         <input_file_ref idref="fl-39"/>
      </object_component>
      <object_component id="oc-9e">
         <name>.text:append</name>
         <load_address>0x12c4</load_address>
         <run_address>0x12c4</run_address>
         <size>0x128</size>
         <input_file_ref idref="fl-5"/>
      </object_component>
      <object_component id="oc-8a7">
         <name>.text:aligned_alloc</name>
         <load_address>0x13ec</load_address>
         <run_address>0x13ec</run_address>
         <size>0x118</size>
         <input_file_ref idref="fl-103"/>
      </object_component>
      <object_component id="oc-4ba">
         <name>.text:recv</name>
         <load_address>0x1504</load_address>
         <run_address>0x1504</run_address>
         <size>0x118</size>
         <input_file_ref idref="fl-5"/>
      </object_component>
      <object_component id="oc-43d">
         <name>.text:Power_init</name>
         <load_address>0x161c</load_address>
         <run_address>0x161c</run_address>
         <size>0x114</size>
         <input_file_ref idref="fl-1b"/>
      </object_component>
      <object_component id="oc-3e5">
         <name>.text:GPIO_setConfig</name>
         <load_address>0x1730</load_address>
         <run_address>0x1730</run_address>
         <size>0x110</size>
         <input_file_ref idref="fl-17"/>
      </object_component>
      <object_component id="oc-564">
         <name>.text:PINCC26XX_setIoCfg</name>
         <load_address>0x1840</load_address>
         <run_address>0x1840</run_address>
         <size>0x110</size>
         <input_file_ref idref="fl-1a"/>
      </object_component>
      <object_component id="oc-673">
         <name>.text:PowerCC26XX_standbyPolicy</name>
         <load_address>0x1950</load_address>
         <run_address>0x1950</run_address>
         <size>0x100</size>
         <input_file_ref idref="fl-2e"/>
      </object_component>
      <object_component id="oc-180">
         <name>.text:NOROM_SetupAfterColdResetWakeupFromShutDownCfg2</name>
         <load_address>0x1a50</load_address>
         <run_address>0x1a50</run_address>
         <size>0xf0</size>
         <input_file_ref idref="fl-39"/>
      </object_component>
      <object_component id="oc-5b9">
         <name>.text:free</name>
         <load_address>0x1b40</load_address>
         <run_address>0x1b40</run_address>
         <size>0xe8</size>
         <input_file_ref idref="fl-103"/>
      </object_component>
      <object_component id="oc-791">
         <name>.text:UARTCC26XX_write</name>
         <load_address>0x1c28</load_address>
         <run_address>0x1c28</run_address>
         <size>0xe2</size>
         <input_file_ref idref="fl-22"/>
      </object_component>
      <object_component id="oc-8c7">
         <name>.text:SemaphoreP_destruct</name>
         <load_address>0x1d0a</load_address>
         <run_address>0x1d0a</run_address>
         <size>0x2</size>
         <input_file_ref idref="fl-28"/>
      </object_component>
      <object_component id="oc-353">
         <name>.text:mainThread</name>
         <load_address>0x1d0c</load_address>
         <run_address>0x1d0c</run_address>
         <size>0xe0</size>
         <input_file_ref idref="fl-5"/>
      </object_component>
      <object_component id="oc-582">
         <name>.text:SwiP_construct</name>
         <load_address>0x1dec</load_address>
         <run_address>0x1dec</run_address>
         <size>0xd8</size>
         <input_file_ref idref="fl-29"/>
      </object_component>
      <object_component id="oc-4c6">
         <name>.text:send</name>
         <load_address>0x1ec4</load_address>
         <run_address>0x1ec4</run_address>
         <size>0xd8</size>
         <input_file_ref idref="fl-5"/>
      </object_component>
      <object_component id="oc-108">
         <name>.text:TrimAfterColdResetWakeupFromShutDown</name>
         <load_address>0x1f9c</load_address>
         <run_address>0x1f9c</run_address>
         <size>0xc8</size>
         <input_file_ref idref="fl-33"/>
      </object_component>
      <object_component id="oc-62d">
         <name>.text:enc</name>
         <load_address>0x2064</load_address>
         <run_address>0x2064</run_address>
         <size>0xc8</size>
         <input_file_ref idref="fl-5"/>
      </object_component>
      <object_component id="oc-61f">
         <name>.text:dec</name>
         <load_address>0x212c</load_address>
         <run_address>0x212c</run_address>
         <size>0xc4</size>
         <input_file_ref idref="fl-5"/>
      </object_component>
      <object_component id="oc-8b5">
         <name>.text:Power_releaseDependency</name>
         <load_address>0x21f0</load_address>
         <run_address>0x21f0</run_address>
         <size>0xbc</size>
         <input_file_ref idref="fl-1b"/>
      </object_component>
      <object_component id="oc-558">
         <name>.text:Power_setDependency</name>
         <load_address>0x22ac</load_address>
         <run_address>0x22ac</run_address>
         <size>0xb4</size>
         <input_file_ref idref="fl-1b"/>
      </object_component>
      <object_component id="oc-7c1">
         <name>.text:TimerP_construct</name>
         <load_address>0x2360</load_address>
         <run_address>0x2360</run_address>
         <size>0xb0</size>
         <input_file_ref idref="fl-2c"/>
      </object_component>
      <object_component id="oc-7d3">
         <name>.text:ClockP_workFuncDynamic</name>
         <load_address>0x2410</load_address>
         <run_address>0x2410</run_address>
         <size>0xa8</size>
         <input_file_ref idref="fl-2b"/>
      </object_component>
      <object_component id="oc-3d9">
         <name>.text:GPIO_init</name>
         <load_address>0x24b8</load_address>
         <run_address>0x24b8</run_address>
         <size>0xa8</size>
         <input_file_ref idref="fl-17"/>
      </object_component>
      <object_component id="oc-87">
         <name>.text:NOROM_SetupTrimDevice</name>
         <load_address>0x2560</load_address>
         <run_address>0x2560</run_address>
         <size>0xa8</size>
         <input_file_ref idref="fl-33"/>
      </object_component>
      <object_component id="oc-17a">
         <name>.text:NOROM_SetupAfterColdResetWakeupFromShutDownCfg1</name>
         <load_address>0x2608</load_address>
         <run_address>0x2608</run_address>
         <size>0xa4</size>
         <input_file_ref idref="fl-39"/>
      </object_component>
      <object_component id="oc-8d6">
         <name>.text:UARTCC26XX_initHw</name>
         <load_address>0x26ac</load_address>
         <run_address>0x26ac</run_address>
         <size>0xa4</size>
         <input_file_ref idref="fl-22"/>
      </object_component>
      <object_component id="oc-530">
         <name>.text:switchXOSCHFclockFunc</name>
         <load_address>0x2750</load_address>
         <run_address>0x2750</run_address>
         <size>0xa4</size>
         <input_file_ref idref="fl-1b"/>
      </object_component>
      <object_component id="oc-471">
         <name>.text:PIN_open</name>
         <load_address>0x27f4</load_address>
         <run_address>0x27f4</run_address>
         <size>0xa0</size>
         <input_file_ref idref="fl-1a"/>
      </object_component>
      <object_component id="oc-881">
         <name>.text:SwiP_dispatch</name>
         <load_address>0x2894</load_address>
         <run_address>0x2894</run_address>
         <size>0xa0</size>
         <input_file_ref idref="fl-29"/>
      </object_component>
      <object_component id="oc-64f">
         <name>.text:ClockP_startup</name>
         <load_address>0x2934</load_address>
         <run_address>0x2934</run_address>
         <size>0x9c</size>
         <input_file_ref idref="fl-2b"/>
      </object_component>
      <object_component id="oc-69">
         <name>.text</name>
         <load_address>0x29d0</load_address>
         <run_address>0x29d0</run_address>
         <size>0x9c</size>
         <input_file_ref idref="fl-fd"/>
      </object_component>
      <object_component id="oc-46b">
         <name>.text:SemaphoreP_pend</name>
         <load_address>0x2a6c</load_address>
         <run_address>0x2a6c</run_address>
         <size>0x98</size>
         <input_file_ref idref="fl-28"/>
      </object_component>
      <object_component id="oc-8dc">
         <name>.text:UARTCC26XX_initIO</name>
         <load_address>0x2b04</load_address>
         <run_address>0x2b04</run_address>
         <size>0x98</size>
         <input_file_ref idref="fl-22"/>
      </object_component>
      <object_component id="oc-7ea">
         <name>.text</name>
         <load_address>0x2b9c</load_address>
         <run_address>0x2b9c</run_address>
         <size>0x96</size>
         <input_file_ref idref="fl-ff"/>
      </object_component>
      <object_component id="oc-79d">
         <name>.text:UARTCC26XX_writeCancel</name>
         <load_address>0x2c32</load_address>
         <run_address>0x2c32</run_address>
         <size>0x8e</size>
         <input_file_ref idref="fl-22"/>
      </object_component>
      <object_component id="oc-715">
         <name>.text:CC1310_LAUNCHXL_sendExtFlashByte</name>
         <load_address>0x2cc0</load_address>
         <run_address>0x2cc0</run_address>
         <size>0x84</size>
         <input_file_ref idref="fl-2"/>
      </object_component>
      <object_component id="oc-767">
         <name>.text:UARTCC26XX_close</name>
         <load_address>0x2d44</load_address>
         <run_address>0x2d44</run_address>
         <size>0x84</size>
         <input_file_ref idref="fl-22"/>
      </object_component>
      <object_component id="oc-521">
         <name>.text:ClockP_start</name>
         <load_address>0x2dc8</load_address>
         <run_address>0x2dc8</run_address>
         <size>0x80</size>
         <input_file_ref idref="fl-2b"/>
      </object_component>
      <object_component id="oc-938">
         <name>.text:writeTxFifoFlush</name>
         <load_address>0x2e48</load_address>
         <run_address>0x2e48</run_address>
         <size>0x80</size>
         <input_file_ref idref="fl-22"/>
      </object_component>
      <object_component id="oc-625">
         <name>.text:crc16</name>
         <load_address>0x2ec8</load_address>
         <run_address>0x2ec8</run_address>
         <size>0x7e</size>
         <input_file_ref idref="fl-5"/>
      </object_component>
      <object_component id="oc-f5">
         <name>.text</name>
         <load_address>0x2f46</load_address>
         <run_address>0x2f46</run_address>
         <size>0x7a</size>
         <input_file_ref idref="fl-fe"/>
      </object_component>
      <object_component id="oc-576">
         <name>.text:HwiP_construct</name>
         <load_address>0x2fc0</load_address>
         <run_address>0x2fc0</run_address>
         <size>0x78</size>
         <input_file_ref idref="fl-2d"/>
      </object_component>
      <object_component id="oc-95d">
         <name>.text:ClockP_walkQueueDynamic</name>
         <load_address>0x3038</load_address>
         <run_address>0x3038</run_address>
         <size>0x74</size>
         <input_file_ref idref="fl-2b"/>
      </object_component>
      <object_component id="oc-2ce">
         <name>.text:NOROM_SetupSetVddrLevel</name>
         <load_address>0x30ac</load_address>
         <run_address>0x30ac</run_address>
         <size>0x74</size>
         <input_file_ref idref="fl-39"/>
      </object_component>
      <object_component id="oc-a54">
         <name>.text:TimerP_start</name>
         <load_address>0x3120</load_address>
         <run_address>0x3120</run_address>
         <size>0x70</size>
         <input_file_ref idref="fl-2c"/>
      </object_component>
      <object_component id="oc-13a">
         <name>.text:latest</name>
         <load_address>0x3190</load_address>
         <run_address>0x3190</run_address>
         <size>0x70</size>
         <input_file_ref idref="fl-5"/>
      </object_component>
      <object_component id="oc-9f3">
         <name>.text:split</name>
         <load_address>0x3200</load_address>
         <run_address>0x3200</run_address>
         <size>0x70</size>
         <input_file_ref idref="fl-103"/>
      </object_component>
      <object_component id="oc-830">
         <name>.text:PowerCC26XX_initiateCalibration</name>
         <load_address>0x3270</load_address>
         <run_address>0x3270</run_address>
         <size>0x6c</size>
         <input_file_ref idref="fl-1c"/>
      </object_component>
      <object_component id="oc-2f9">
         <name>.text:NOROM_SetupGetTrimForAmpcompCtrl</name>
         <load_address>0x32dc</load_address>
         <run_address>0x32dc</run_address>
         <size>0x68</size>
         <input_file_ref idref="fl-39"/>
      </object_component>
      <object_component id="oc-2d5">
         <name>.text:NOROM_SetupGetTrimForAnabypassValue1</name>
         <load_address>0x3344</load_address>
         <run_address>0x3344</run_address>
         <size>0x68</size>
         <input_file_ref idref="fl-39"/>
      </object_component>
      <object_component id="oc-9aa">
         <name>.text:NOROM_SysCtrlAdjustRechargeAfterPowerDown</name>
         <load_address>0x33ac</load_address>
         <run_address>0x33ac</run_address>
         <size>0x68</size>
         <input_file_ref idref="fl-35"/>
      </object_component>
      <object_component id="oc-7ff">
         <name>.text:NOROM_SysCtrl_DCDC_VoltageConditionalControl</name>
         <load_address>0x3414</load_address>
         <run_address>0x3414</run_address>
         <size>0x68</size>
         <input_file_ref idref="fl-35"/>
      </object_component>
      <object_component id="oc-4a0">
         <name>.text:PIN_add</name>
         <load_address>0x347c</load_address>
         <run_address>0x347c</run_address>
         <size>0x68</size>
         <input_file_ref idref="fl-1a"/>
      </object_component>
      <object_component id="oc-888">
         <name>.text:SwiP_post</name>
         <load_address>0x34e4</load_address>
         <run_address>0x34e4</run_address>
         <size>0x68</size>
         <input_file_ref idref="fl-29"/>
      </object_component>
      <object_component id="oc-141">
         <name>.text:crc32</name>
         <load_address>0x354c</load_address>
         <run_address>0x354c</run_address>
         <size>0x68</size>
         <input_file_ref idref="fl-5"/>
      </object_component>
      <object_component id="oc-1e">
         <name>.text:decompress:lzss:__TI_decompress_lzss</name>
         <load_address>0x35b4</load_address>
         <run_address>0x35b4</run_address>
         <size>0x68</size>
         <input_file_ref idref="fl-102"/>
      </object_component>
      <object_component id="oc-536">
         <name>.text:lfClockReadyCallback</name>
         <load_address>0x361c</load_address>
         <run_address>0x361c</run_address>
         <size>0x68</size>
         <input_file_ref idref="fl-1b"/>
      </object_component>
      <object_component id="oc-68e">
         <name>.text:NOROM_OSCHF_AttemptToSwitchToXosc</name>
         <load_address>0x3684</load_address>
         <run_address>0x3684</run_address>
         <size>0x64</size>
         <input_file_ref idref="fl-3b"/>
      </object_component>
      <object_component id="oc-3fd">
         <name>.text:appOK</name>
         <load_address>0x36e8</load_address>
         <run_address>0x36e8</run_address>
         <size>0x64</size>
         <input_file_ref idref="fl-5"/>
      </object_component>
      <object_component id="oc-6b0">
         <name>.text:configureXOSCHF</name>
         <load_address>0x374c</load_address>
         <run_address>0x374c</run_address>
         <size>0x64</size>
         <input_file_ref idref="fl-1b"/>
      </object_component>
      <object_component id="oc-337">
         <name>.text:NOROM_OSCClockSourceSet</name>
         <load_address>0x37b0</load_address>
         <run_address>0x37b0</run_address>
         <size>0x60</size>
         <input_file_ref idref="fl-3b"/>
      </object_component>
      <object_component id="oc-679">
         <name>.text:PowerCC26XX_calibrate</name>
         <load_address>0x3810</load_address>
         <run_address>0x3810</run_address>
         <size>0x60</size>
         <input_file_ref idref="fl-1b"/>
      </object_component>
      <object_component id="oc-76d">
         <name>.text:UARTCC26XX_control</name>
         <load_address>0x3870</load_address>
         <run_address>0x3870</run_address>
         <size>0x60</size>
         <input_file_ref idref="fl-22"/>
      </object_component>
      <object_component id="oc-8f4">
         <name>.text:UARTCC26XX_swiIntFxn</name>
         <load_address>0x38d0</load_address>
         <run_address>0x38d0</run_address>
         <size>0x5e</size>
         <input_file_ref idref="fl-22"/>
      </object_component>
      <object_component id="oc-4e4">
         <name>.text:_nop</name>
         <load_address>0x392e</load_address>
         <run_address>0x392e</run_address>
         <size>0x2</size>
         <input_file_ref idref="fl-10b"/>
      </object_component>
      <object_component id="oc-836">
         <name>.text:PowerCC26XX_RCOSC_clockFunc</name>
         <load_address>0x3930</load_address>
         <run_address>0x3930</run_address>
         <size>0x5c</size>
         <input_file_ref idref="fl-1c"/>
      </object_component>
      <object_component id="oc-89c">
         <name>.text:PIN_remove</name>
         <load_address>0x398c</load_address>
         <run_address>0x398c</run_address>
         <size>0x58</size>
         <input_file_ref idref="fl-1a"/>
      </object_component>
      <object_component id="oc-3eb">
         <name>.text:GPIO_write</name>
         <load_address>0x39e4</load_address>
         <run_address>0x39e4</run_address>
         <size>0x54</size>
         <input_file_ref idref="fl-17"/>
      </object_component>
      <object_component id="oc-98">
         <name>.text:readMeta</name>
         <load_address>0x3a38</load_address>
         <run_address>0x3a38</run_address>
         <size>0x52</size>
         <input_file_ref idref="fl-5"/>
      </object_component>
      <object_component id="oc-5d8">
         <name>.text:clkFxn</name>
         <load_address>0x3a8a</load_address>
         <run_address>0x3a8a</run_address>
         <size>0x2</size>
         <input_file_ref idref="fl-28"/>
      </object_component>
      <object_component id="oc-102">
         <name>.text:NOROM_SetupSetCacheModeAccordingToCcfgSetting</name>
         <load_address>0x3a8c</load_address>
         <run_address>0x3a8c</run_address>
         <size>0x50</size>
         <input_file_ref idref="fl-39"/>
      </object_component>
      <object_component id="oc-6c5">
         <name>.text:SemaphoreP_construct</name>
         <load_address>0x3adc</load_address>
         <run_address>0x3adc</run_address>
         <size>0x50</size>
         <input_file_ref idref="fl-28"/>
      </object_component>
      <object_component id="oc-932">
         <name>.text:startTxFifoEmptyClk</name>
         <load_address>0x3b2c</load_address>
         <run_address>0x3b2c</run_address>
         <size>0x50</size>
         <input_file_ref idref="fl-22"/>
      </object_component>
      <object_component id="oc-70f">
         <name>.text:CC1310_LAUNCHXL_wakeUpExtFlash</name>
         <load_address>0x3b7c</load_address>
         <run_address>0x3b7c</run_address>
         <size>0x4c</size>
         <input_file_ref idref="fl-2"/>
      </object_component>
      <object_component id="oc-78b">
         <name>.text:UARTCC26XX_readCancel</name>
         <load_address>0x3bc8</load_address>
         <run_address>0x3bc8</run_address>
         <size>0x4a</size>
         <input_file_ref idref="fl-22"/>
      </object_component>
      <object_component id="oc-52a">
         <name>.text:emptyClockFunc</name>
         <load_address>0x3c12</load_address>
         <run_address>0x3c12</run_address>
         <size>0x2</size>
         <input_file_ref idref="fl-1b"/>
      </object_component>
      <object_component id="oc-509">
         <name>.text:ClockP_construct</name>
         <load_address>0x3c14</load_address>
         <run_address>0x3c14</run_address>
         <size>0x48</size>
         <input_file_ref idref="fl-2b"/>
      </object_component>
      <object_component id="oc-a3e">
         <name>.text:PIN_setOutputEnable</name>
         <load_address>0x3c5c</load_address>
         <run_address>0x3c5c</run_address>
         <size>0x48</size>
         <input_file_ref idref="fl-1a"/>
      </object_component>
      <object_component id="oc-906">
         <name>.text:writeFinishedDoCallback</name>
         <load_address>0x3ca4</load_address>
         <run_address>0x3ca4</run_address>
         <size>0x48</size>
         <input_file_ref idref="fl-22"/>
      </object_component>
      <object_component id="oc-a9a">
         <name>.text:RingBuf_put</name>
         <load_address>0x3cec</load_address>
         <run_address>0x3cec</run_address>
         <size>0x44</size>
         <input_file_ref idref="fl-25"/>
      </object_component>
      <object_component id="oc-9a4">
         <name>.text:SwiP_restore</name>
         <load_address>0x3d30</load_address>
         <run_address>0x3d30</run_address>
         <size>0x44</size>
         <input_file_ref idref="fl-29"/>
      </object_component>
      <object_component id="oc-366">
         <name>.text:__TI_auto_init_nobinit_nopinit:__TI_auto_init_nobinit_nopinit</name>
         <load_address>0x3d74</load_address>
         <run_address>0x3d74</run_address>
         <size>0x44</size>
         <input_file_ref idref="fl-107"/>
      </object_component>
      <object_component id="oc-59d">
         <name>.text:CC1310_LAUNCHXL_shutDownExtFlash</name>
         <load_address>0x3db8</load_address>
         <run_address>0x3db8</run_address>
         <size>0x40</size>
         <input_file_ref idref="fl-2"/>
      </object_component>
      <object_component id="oc-172">
         <name>.text:NOROM_ChipInfo_GetHwRevision</name>
         <load_address>0x3df8</load_address>
         <run_address>0x3df8</run_address>
         <size>0x40</size>
         <input_file_ref idref="fl-32"/>
      </object_component>
      <object_component id="oc-594">
         <name>.text:PIN_swi</name>
         <load_address>0x3e38</load_address>
         <run_address>0x3e38</run_address>
         <size>0x40</size>
         <input_file_ref idref="fl-1a"/>
      </object_component>
      <object_component id="oc-3df">
         <name>.text:UART_init</name>
         <load_address>0x3e78</load_address>
         <run_address>0x3e78</run_address>
         <size>0x40</size>
         <input_file_ref idref="fl-21"/>
      </object_component>
      <object_component id="oc-3f7">
         <name>.text:UART_open</name>
         <load_address>0x3eb8</load_address>
         <run_address>0x3eb8</run_address>
         <size>0x40</size>
         <input_file_ref idref="fl-21"/>
      </object_component>
      <object_component id="oc-917">
         <name>.text:RingBuf_get</name>
         <load_address>0x3ef8</load_address>
         <run_address>0x3ef8</run_address>
         <size>0x3e</size>
         <input_file_ref idref="fl-25"/>
      </object_component>
      <object_component id="oc-4f">
         <name>.text:faultISR</name>
         <load_address>0x3f36</load_address>
         <run_address>0x3f36</run_address>
         <size>0x2</size>
         <input_file_ref idref="fl-2f"/>
      </object_component>
      <object_component id="oc-47d">
         <name>.text:GPIO_setCallback</name>
         <load_address>0x3f38</load_address>
         <run_address>0x3f38</run_address>
         <size>0x3c</size>
         <input_file_ref idref="fl-17"/>
      </object_component>
      <object_component id="oc-9be">
         <name>.text:NOROM_OSC_HPOSCRelativeFrequencyOffsetGet</name>
         <load_address>0x3f74</load_address>
         <run_address>0x3f74</run_address>
         <size>0x3c</size>
         <input_file_ref idref="fl-3b"/>
      </object_component>
      <object_component id="oc-483">
         <name>.text:SemaphoreP_post</name>
         <load_address>0x3fb0</load_address>
         <run_address>0x3fb0</run_address>
         <size>0x3c</size>
         <input_file_ref idref="fl-28"/>
      </object_component>
      <object_component id="oc-515">
         <name>.text:disableLfClkQualifiersEnableClkLoss</name>
         <load_address>0x3fec</load_address>
         <run_address>0x3fec</run_address>
         <size>0x3c</size>
         <input_file_ref idref="fl-1b"/>
      </object_component>
      <object_component id="oc-1a6">
         <name>.text:good</name>
         <load_address>0x4028</load_address>
         <run_address>0x4028</run_address>
         <size>0x3c</size>
         <input_file_ref idref="fl-5"/>
      </object_component>
      <object_component id="oc-3a">
         <name>.text:confirm</name>
         <load_address>0x4064</load_address>
         <run_address>0x4064</run_address>
         <size>0x3a</size>
         <input_file_ref idref="fl-5"/>
      </object_component>
      <object_component id="oc-55">
         <name>.text:intDefaultHandler</name>
         <load_address>0x409e</load_address>
         <run_address>0x409e</run_address>
         <size>0x2</size>
         <input_file_ref idref="fl-2f"/>
      </object_component>
      <object_component id="oc-4a6">
         <name>.text:PIN_setConfig</name>
         <load_address>0x40a0</load_address>
         <run_address>0x40a0</run_address>
         <size>0x38</size>
         <input_file_ref idref="fl-1a"/>
      </object_component>
      <object_component id="oc-890">
         <name>.text:PIN_setOutputValue</name>
         <load_address>0x40d8</load_address>
         <run_address>0x40d8</run_address>
         <size>0x38</size>
         <input_file_ref idref="fl-1a"/>
      </object_component>
      <object_component id="oc-147">
         <name>.text:erased</name>
         <load_address>0x4110</load_address>
         <run_address>0x4110</run_address>
         <size>0x38</size>
         <input_file_ref idref="fl-5"/>
      </object_component>
      <object_component id="oc-a27">
         <name>.text:readData</name>
         <load_address>0x4148</load_address>
         <run_address>0x4148</run_address>
         <size>0x38</size>
         <input_file_ref idref="fl-22"/>
      </object_component>
      <object_component id="oc-92c">
         <name>.text:writeData</name>
         <load_address>0x4180</load_address>
         <run_address>0x4180</run_address>
         <size>0x38</size>
         <input_file_ref idref="fl-22"/>
      </object_component>
      <object_component id="oc-7f7">
         <name>.text:TimerP_setNextTick</name>
         <load_address>0x41b8</load_address>
         <run_address>0x41b8</run_address>
         <size>0x36</size>
         <input_file_ref idref="fl-2c"/>
      </object_component>
      <object_component id="oc-49">
         <name>.text:nmiISR</name>
         <load_address>0x41ee</load_address>
         <run_address>0x41ee</run_address>
         <size>0x2</size>
         <input_file_ref idref="fl-2f"/>
      </object_component>
      <object_component id="oc-805">
         <name>.text:ClockP_getTicksUntilInterrupt</name>
         <load_address>0x41f0</load_address>
         <run_address>0x41f0</run_address>
         <size>0x34</size>
         <input_file_ref idref="fl-2b"/>
      </object_component>
      <object_component id="oc-6cf">
         <name>.text:NOROM_IntRegister</name>
         <load_address>0x4224</load_address>
         <run_address>0x4224</run_address>
         <size>0x34</size>
         <input_file_ref idref="fl-3a"/>
      </object_component>
      <object_component id="oc-85d">
         <name>.text:NOROM_OSCHF_SwitchToRcOscTurnOffXosc</name>
         <load_address>0x4258</load_address>
         <run_address>0x4258</run_address>
         <size>0x34</size>
         <input_file_ref idref="fl-3b"/>
      </object_component>
      <object_component id="oc-695">
         <name>.text:Power_releaseConstraint</name>
         <load_address>0x428c</load_address>
         <run_address>0x428c</run_address>
         <size>0x34</size>
         <input_file_ref idref="fl-1b"/>
      </object_component>
      <object_component id="oc-8c1">
         <name>.text:SwiP_destruct</name>
         <load_address>0x42c0</load_address>
         <run_address>0x42c0</run_address>
         <size>0x34</size>
         <input_file_ref idref="fl-29"/>
      </object_component>
      <object_component id="oc-948">
         <name>.text:TimerP_initDevice</name>
         <load_address>0x42f4</load_address>
         <run_address>0x42f4</run_address>
         <size>0x34</size>
         <input_file_ref idref="fl-2c"/>
      </object_component>
      <object_component id="oc-682">
         <name>.text:notify</name>
         <load_address>0x4328</load_address>
         <run_address>0x4328</run_address>
         <size>0x34</size>
         <input_file_ref idref="fl-1b"/>
      </object_component>
      <object_component id="oc-4cc">
         <name>.text:eraseApp</name>
         <load_address>0x435c</load_address>
         <run_address>0x435c</run_address>
         <size>0x32</size>
         <input_file_ref idref="fl-5"/>
      </object_component>
      <object_component id="oc-96e">
         <name>.text</name>
         <load_address>0x438e</load_address>
         <run_address>0x438e</run_address>
         <size>0x2</size>
         <input_file_ref idref="fl-106"/>
      </object_component>
      <object_component id="oc-48c">
         <name>.text:GPIO_hwiIntFxn</name>
         <load_address>0x4390</load_address>
         <run_address>0x4390</run_address>
         <size>0x30</size>
         <input_file_ref idref="fl-17"/>
      </object_component>
      <object_component id="oc-546">
         <name>.text:NOROM_ChipInfo_GetChipType</name>
         <load_address>0x43c0</load_address>
         <run_address>0x43c0</run_address>
         <size>0x30</size>
         <input_file_ref idref="fl-32"/>
      </object_component>
      <object_component id="oc-323">
         <name>.text:NOROM_SetupGetTrimForRadcExtCfg</name>
         <load_address>0x43f0</load_address>
         <run_address>0x43f0</run_address>
         <size>0x30</size>
         <input_file_ref idref="fl-39"/>
      </object_component>
      <object_component id="oc-33d">
         <name>.text:NOROM_SetupSetAonRtcSubSecInc</name>
         <load_address>0x4420</load_address>
         <run_address>0x4420</run_address>
         <size>0x30</size>
         <input_file_ref idref="fl-39"/>
      </object_component>
      <object_component id="oc-a17">
         <name>.text:PINCC26XX_setMux</name>
         <load_address>0x4450</load_address>
         <run_address>0x4450</run_address>
         <size>0x30</size>
         <input_file_ref idref="fl-1a"/>
      </object_component>
      <object_component id="oc-50f">
         <name>.text:Power_setConstraint</name>
         <load_address>0x4480</load_address>
         <run_address>0x4480</run_address>
         <size>0x30</size>
         <input_file_ref idref="fl-1b"/>
      </object_component>
      <object_component id="oc-660">
         <name>.text:TimerP_getCurrentTick</name>
         <load_address>0x44b0</load_address>
         <run_address>0x44b0</run_address>
         <size>0x30</size>
         <input_file_ref idref="fl-2c"/>
      </object_component>
      <object_component id="oc-97c">
         <name>.text:TimerP_setThreshold</name>
         <load_address>0x44e0</load_address>
         <run_address>0x44e0</run_address>
         <size>0x30</size>
         <input_file_ref idref="fl-2c"/>
      </object_component>
      <object_component id="oc-a2d">
         <name>.text:readData2RingBuf</name>
         <load_address>0x4510</load_address>
         <run_address>0x4510</run_address>
         <size>0x30</size>
         <input_file_ref idref="fl-22"/>
      </object_component>
      <object_component id="oc-6d5">
         <name>.text:HwiP_dispatch</name>
         <load_address>0x4540</load_address>
         <run_address>0x4540</run_address>
         <size>0x2c</size>
         <input_file_ref idref="fl-2d"/>
      </object_component>
      <object_component id="oc-2db">
         <name>.text:NOROM_DDI32RegWrite</name>
         <load_address>0x456c</load_address>
         <run_address>0x456c</run_address>
         <size>0x2c</size>
         <input_file_ref idref="fl-3f"/>
      </object_component>
      <object_component id="oc-331">
         <name>.text:NOROM_OSCClockSourceGet</name>
         <load_address>0x4598</load_address>
         <run_address>0x4598</run_address>
         <size>0x2c</size>
         <input_file_ref idref="fl-3b"/>
      </object_component>
      <object_component id="oc-af">
         <name>.text:defaults</name>
         <load_address>0x45c4</load_address>
         <run_address>0x45c4</run_address>
         <size>0x2c</size>
         <input_file_ref idref="fl-5"/>
      </object_component>
      <object_component id="oc-4c0">
         <name>.text:p32</name>
         <load_address>0x45f0</load_address>
         <run_address>0x45f0</run_address>
         <size>0x2c</size>
         <input_file_ref idref="fl-5"/>
      </object_component>
      <object_component id="oc-9b8">
         <name>.text:NOROM_AONBatMonTemperatureGetDegC</name>
         <load_address>0x461c</load_address>
         <run_address>0x461c</run_address>
         <size>0x28</size>
         <input_file_ref idref="fl-3c"/>
      </object_component>
      <object_component id="oc-8e8">
         <name>.text:Power_registerNotify</name>
         <load_address>0x4644</load_address>
         <run_address>0x4644</run_address>
         <size>0x28</size>
         <input_file_ref idref="fl-1b"/>
      </object_component>
      <object_component id="oc-845">
         <name>.text:SafeHapiVoid</name>
         <load_address>0x466c</load_address>
         <run_address>0x466c</run_address>
         <size>0x28</size>
         <input_file_ref idref="fl-3d"/>
      </object_component>
      <object_component id="oc-747">
         <name>.text:free_list_insert</name>
         <load_address>0x4694</load_address>
         <run_address>0x4694</run_address>
         <size>0x28</size>
         <input_file_ref idref="fl-103"/>
      </object_component>
      <object_component id="oc-4d2">
         <name>.text:g32</name>
         <load_address>0x46bc</load_address>
         <run_address>0x46bc</run_address>
         <size>0x26</size>
         <input_file_ref idref="fl-5"/>
      </object_component>
      <object_component id="oc-66c">
         <name>.text:ClockP_getTicks</name>
         <load_address>0x46e4</load_address>
         <run_address>0x46e4</run_address>
         <size>0x24</size>
         <input_file_ref idref="fl-2b"/>
      </object_component>
      <object_component id="oc-666">
         <name>.text:ClockP_scheduleNextTick</name>
         <load_address>0x4708</load_address>
         <run_address>0x4708</run_address>
         <size>0x24</size>
         <input_file_ref idref="fl-2b"/>
      </object_component>
      <object_component id="oc-a06">
         <name>.text:List_remove</name>
         <load_address>0x472c</load_address>
         <run_address>0x472c</run_address>
         <size>0x24</size>
         <input_file_ref idref="fl-24"/>
      </object_component>
      <object_component id="oc-56a">
         <name>.text:PINCC26XX_setIoCfgMux</name>
         <load_address>0x4750</load_address>
         <run_address>0x4750</run_address>
         <size>0x24</size>
         <input_file_ref idref="fl-1a"/>
      </object_component>
      <object_component id="oc-7c7">
         <name>.text:TimerP_getMaxTicks</name>
         <load_address>0x4774</load_address>
         <run_address>0x4774</run_address>
         <size>0x24</size>
         <input_file_ref idref="fl-2c"/>
      </object_component>
      <object_component id="oc-121">
         <name>.text:_c_int00:_c_int00</name>
         <load_address>0x4798</load_address>
         <run_address>0x4798</run_address>
         <size>0x24</size>
         <input_file_ref idref="fl-105"/>
      </object_component>
      <object_component id="oc-a20">
         <name>.text:List_put</name>
         <load_address>0x47bc</load_address>
         <run_address>0x47bc</run_address>
         <size>0x22</size>
         <input_file_ref idref="fl-24"/>
      </object_component>
      <object_component id="oc-40">
         <name>.text:request</name>
         <load_address>0x47de</load_address>
         <run_address>0x47de</run_address>
         <size>0x22</size>
         <input_file_ref idref="fl-5"/>
      </object_component>
      <object_component id="oc-5c0">
         <name>.text:ClockP_add</name>
         <load_address>0x4800</load_address>
         <run_address>0x4800</run_address>
         <size>0x20</size>
         <input_file_ref idref="fl-2b"/>
      </object_component>
      <object_component id="oc-30b">
         <name>.text:NOROM_SetupGetTrimForXoscHfCtl</name>
         <load_address>0x4820</load_address>
         <run_address>0x4820</run_address>
         <size>0x20</size>
         <input_file_ref idref="fl-39"/>
      </object_component>
      <object_component id="oc-8cd">
         <name>.text:Power_unregisterNotify</name>
         <load_address>0x4840</load_address>
         <run_address>0x4840</run_address>
         <size>0x20</size>
         <input_file_ref idref="fl-1b"/>
      </object_component>
      <object_component id="oc-923">
         <name>.text:threadSafeStdbyDisRelease</name>
         <load_address>0x4860</load_address>
         <run_address>0x4860</run_address>
         <size>0x20</size>
         <input_file_ref idref="fl-22"/>
      </object_component>
      <object_component id="oc-91d">
         <name>.text:threadSafeStdbyDisSet</name>
         <load_address>0x4880</load_address>
         <run_address>0x4880</run_address>
         <size>0x20</size>
         <input_file_ref idref="fl-22"/>
      </object_component>
      <object_component id="oc-71b">
         <name>.text:PIN_close</name>
         <load_address>0x48a0</load_address>
         <run_address>0x48a0</run_address>
         <size>0x1e</size>
         <input_file_ref idref="fl-1a"/>
      </object_component>
      <object_component id="oc-80b">
         <name>.text:Power_getTransitionLatency</name>
         <load_address>0x48be</load_address>
         <run_address>0x48be</run_address>
         <size>0x1e</size>
         <input_file_ref idref="fl-1b"/>
      </object_component>
      <object_component id="oc-55e">
         <name>.text:SemaphoreP_constructBinary</name>
         <load_address>0x48dc</load_address>
         <run_address>0x48dc</run_address>
         <size>0x1e</size>
         <input_file_ref idref="fl-28"/>
      </object_component>
      <object_component id="oc-3d1">
         <name>.text:CC1310_LAUNCHXL_initGeneral</name>
         <load_address>0x48fc</load_address>
         <run_address>0x48fc</run_address>
         <size>0x1c</size>
         <input_file_ref idref="fl-1"/>
      </object_component>
      <object_component id="oc-8bb">
         <name>.text:HwiP_destruct</name>
         <load_address>0x4918</load_address>
         <run_address>0x4918</run_address>
         <size>0x1c</size>
         <input_file_ref idref="fl-2d"/>
      </object_component>
      <object_component id="oc-16c">
         <name>.text:NOROM_ChipInfo_GetChipFamily</name>
         <load_address>0x4934</load_address>
         <run_address>0x4934</run_address>
         <size>0x1c</size>
         <input_file_ref idref="fl-32"/>
      </object_component>
      <object_component id="oc-153">
         <name>.text:NOROM_FlashProgram</name>
         <load_address>0x4950</load_address>
         <run_address>0x4950</run_address>
         <size>0x1c</size>
         <input_file_ref idref="fl-34"/>
      </object_component>
      <object_component id="oc-14d">
         <name>.text:NOROM_FlashSectorErase</name>
         <load_address>0x496c</load_address>
         <run_address>0x496c</run_address>
         <size>0x1c</size>
         <input_file_ref idref="fl-34"/>
      </object_component>
      <object_component id="oc-2ed">
         <name>.text:NOROM_SetupGetTrimForAmpcompTh2</name>
         <load_address>0x4988</load_address>
         <run_address>0x4988</run_address>
         <size>0x1c</size>
         <input_file_ref idref="fl-39"/>
      </object_component>
      <object_component id="oc-2e1">
         <name>.text:NOROM_SetupGetTrimForRcOscLfRtuneCtuneTrim</name>
         <load_address>0x49a4</load_address>
         <run_address>0x49a4</run_address>
         <size>0x1c</size>
         <input_file_ref idref="fl-39"/>
      </object_component>
      <object_component id="oc-58e">
         <name>.text:PIN_hwi</name>
         <load_address>0x49c0</load_address>
         <run_address>0x49c0</run_address>
         <size>0x1c</size>
         <input_file_ref idref="fl-1a"/>
      </object_component>
      <object_component id="oc-655">
         <name>.text:QueueP_put</name>
         <load_address>0x49dc</load_address>
         <run_address>0x49dc</run_address>
         <size>0x1c</size>
         <input_file_ref idref="fl-30"/>
      </object_component>
      <object_component id="oc-992">
         <name>.text:SwiP_disable</name>
         <load_address>0x49f8</load_address>
         <run_address>0x49f8</run_address>
         <size>0x1c</size>
         <input_file_ref idref="fl-29"/>
      </object_component>
      <object_component id="oc-6ff">
         <name>.text:SwiP_or</name>
         <load_address>0x4a14</load_address>
         <run_address>0x4a14</run_address>
         <size>0x1c</size>
         <input_file_ref idref="fl-29"/>
      </object_component>
      <object_component id="oc-954">
         <name>.text:TimerP_dynamicStub</name>
         <load_address>0x4a30</load_address>
         <run_address>0x4a30</run_address>
         <size>0x1c</size>
         <input_file_ref idref="fl-2c"/>
      </object_component>
      <object_component id="oc-75">
         <name>.text:decompress:ZI:__TI_zero_init_nomemset:__TI_zero_init_nomemset</name>
         <load_address>0x4a4c</load_address>
         <run_address>0x4a4c</run_address>
         <size>0x1c</size>
         <input_file_ref idref="fl-100"/>
      </object_component>
      <object_component id="oc-741">
         <name>.text:free_list_remove</name>
         <load_address>0x4a68</load_address>
         <run_address>0x4a68</run_address>
         <size>0x1c</size>
         <input_file_ref idref="fl-103"/>
      </object_component>
      <object_component id="oc-9db">
         <name>.text:QueueP_get</name>
         <load_address>0x4a84</load_address>
         <run_address>0x4a84</run_address>
         <size>0x1a</size>
         <input_file_ref idref="fl-30"/>
      </object_component>
      <object_component id="oc-453">
         <name>.text:SemaphoreP_createBinary</name>
         <load_address>0x4a9e</load_address>
         <run_address>0x4a9e</run_address>
         <size>0x1a</size>
         <input_file_ref idref="fl-28"/>
      </object_component>
      <object_component id="oc-5d2">
         <name>.text:ClockP_destruct</name>
         <load_address>0x4ab8</load_address>
         <run_address>0x4ab8</run_address>
         <size>0x18</size>
         <input_file_ref idref="fl-2b"/>
      </object_component>
      <object_component id="oc-5e5">
         <name>.text:HwiP_inISR</name>
         <load_address>0x4ad0</load_address>
         <run_address>0x4ad0</run_address>
         <size>0x18</size>
         <input_file_ref idref="fl-2d"/>
      </object_component>
      <object_component id="oc-84b">
         <name>.text:NOROM_AONRTCCurrentCompareValueGet</name>
         <load_address>0x4ae8</load_address>
         <run_address>0x4ae8</run_address>
         <size>0x18</size>
         <input_file_ref idref="fl-38"/>
      </object_component>
      <object_component id="oc-54c">
         <name>.text:NOROM_ChipInfo_GetPackageType</name>
         <load_address>0x4b00</load_address>
         <run_address>0x4b00</run_address>
         <size>0x18</size>
         <input_file_ref idref="fl-32"/>
      </object_component>
      <object_component id="oc-857">
         <name>.text:NOROM_OSCHF_TurnOnXosc</name>
         <load_address>0x4b18</load_address>
         <run_address>0x4b18</run_address>
         <size>0x18</size>
         <input_file_ref idref="fl-3b"/>
      </object_component>
      <object_component id="oc-2ff">
         <name>.text:NOROM_SetupGetTrimForAdcShModeEn</name>
         <load_address>0x4b30</load_address>
         <run_address>0x4b30</run_address>
         <size>0x18</size>
         <input_file_ref idref="fl-39"/>
      </object_component>
      <object_component id="oc-305">
         <name>.text:NOROM_SetupGetTrimForAdcShVbufEn</name>
         <load_address>0x4b48</load_address>
         <run_address>0x4b48</run_address>
         <size>0x18</size>
         <input_file_ref idref="fl-39"/>
      </object_component>
      <object_component id="oc-2f3">
         <name>.text:NOROM_SetupGetTrimForAmpcompTh1</name>
         <load_address>0x4b60</load_address>
         <run_address>0x4b60</run_address>
         <size>0x18</size>
         <input_file_ref idref="fl-39"/>
      </object_component>
      <object_component id="oc-311">
         <name>.text:NOROM_SetupGetTrimForDblrLoopFilterResetVoltage</name>
         <load_address>0x4b78</load_address>
         <run_address>0x4b78</run_address>
         <size>0x18</size>
         <input_file_ref idref="fl-39"/>
      </object_component>
      <object_component id="oc-317">
         <name>.text:NOROM_SetupGetTrimForRcOscLfIBiasTrim</name>
         <load_address>0x4b90</load_address>
         <run_address>0x4b90</run_address>
         <size>0x18</size>
         <input_file_ref idref="fl-39"/>
      </object_component>
      <object_component id="oc-31d">
         <name>.text:NOROM_SetupGetTrimForXoscLfRegulatorAndCmirrwrRatio</name>
         <load_address>0x4ba8</load_address>
         <run_address>0x4ba8</run_address>
         <size>0x18</size>
         <input_file_ref idref="fl-39"/>
      </object_component>
      <object_component id="oc-759">
         <name>.text:Power_idleFunc</name>
         <load_address>0x4bc0</load_address>
         <run_address>0x4bc0</run_address>
         <size>0x18</size>
         <input_file_ref idref="fl-1b"/>
      </object_component>
      <object_component id="oc-3f1">
         <name>.text:UART_Params_init</name>
         <load_address>0x4bd8</load_address>
         <run_address>0x4bd8</run_address>
         <size>0x18</size>
         <input_file_ref idref="fl-21"/>
      </object_component>
      <object_component id="oc-19e">
         <name>.text:_args_main</name>
         <load_address>0x4bf0</load_address>
         <run_address>0x4bf0</run_address>
         <size>0x18</size>
         <input_file_ref idref="fl-10c"/>
      </object_component>
      <object_component id="oc-7ef">
         <name>.text</name>
         <load_address>0x4c08</load_address>
         <run_address>0x4c08</run_address>
         <size>0x18</size>
         <input_file_ref idref="fl-fc"/>
      </object_component>
      <object_component id="oc-fc">
         <name>.text:NOROM_ThisLibraryIsFor_CC13x0_HwRev20AndLater_HaltIfViolated</name>
         <load_address>0x4c20</load_address>
         <run_address>0x4c20</run_address>
         <size>0x16</size>
         <input_file_ref idref="fl-32"/>
      </object_component>
      <object_component id="oc-5ac">
         <name>.text:SemaphoreP_create</name>
         <load_address>0x4c36</load_address>
         <run_address>0x4c36</run_address>
         <size>0x16</size>
         <input_file_ref idref="fl-28"/>
      </object_component>
      <object_component id="oc-967">
         <name>.text:NOROM_AONRTCCurrent64BitValueGet</name>
         <load_address>0x4c4c</load_address>
         <run_address>0x4c4c</run_address>
         <size>0x14</size>
         <input_file_ref idref="fl-38"/>
      </object_component>
      <object_component id="oc-9fd">
         <name>.text:NOROM_IntUnregister</name>
         <load_address>0x4c60</load_address>
         <run_address>0x4c60</run_address>
         <size>0x14</size>
         <input_file_ref idref="fl-3a"/>
      </object_component>
      <object_component id="oc-5eb">
         <name>.text:Power_disablePolicy</name>
         <load_address>0x4c74</load_address>
         <run_address>0x4c74</run_address>
         <size>0x14</size>
         <input_file_ref idref="fl-1b"/>
      </object_component>
      <object_component id="oc-6f4">
         <name>.text:SwiP_handleHwi</name>
         <load_address>0x4c88</load_address>
         <run_address>0x4c88</run_address>
         <size>0x14</size>
         <input_file_ref idref="fl-29"/>
      </object_component>
      <object_component id="oc-4d8">
         <name>.text:SysCtrlSystemReset</name>
         <load_address>0x4c9c</load_address>
         <run_address>0x4c9c</run_address>
         <size>0x14</size>
         <input_file_ref idref="fl-5"/>
      </object_component>
      <object_component id="oc-94e">
         <name>.text:TimerP_startup</name>
         <load_address>0x4cb0</load_address>
         <run_address>0x4cb0</run_address>
         <size>0x14</size>
         <input_file_ref idref="fl-2c"/>
      </object_component>
      <object_component id="oc-6aa">
         <name>.text:configureRFCoreClocks</name>
         <load_address>0x4cc4</load_address>
         <run_address>0x4cc4</run_address>
         <size>0x14</size>
         <input_file_ref idref="fl-1b"/>
      </object_component>
      <object_component id="oc-2b">
         <name>.text:resetISR</name>
         <load_address>0x4cd8</load_address>
         <run_address>0x4cd8</run_address>
         <size>0x14</size>
         <input_file_ref idref="fl-2f"/>
      </object_component>
      <object_component id="oc-570">
         <name>.text:HwiP_Params_init</name>
         <load_address>0x4cec</load_address>
         <run_address>0x4cec</run_address>
         <size>0x12</size>
         <input_file_ref idref="fl-2d"/>
      </object_component>
      <object_component id="oc-8e2">
         <name>.text:RingBuf_construct</name>
         <load_address>0x4cfe</load_address>
         <run_address>0x4cfe</run_address>
         <size>0x12</size>
         <input_file_ref idref="fl-25"/>
      </object_component>
      <object_component id="oc-194">
         <name>.text:main</name>
         <load_address>0x4d10</load_address>
         <run_address>0x4d10</run_address>
         <size>0x12</size>
         <input_file_ref idref="fl-4"/>
      </object_component>
      <object_component id="oc-503">
         <name>.text:ClockP_Params_init</name>
         <load_address>0x4d24</load_address>
         <run_address>0x4d24</run_address>
         <size>0x10</size>
         <input_file_ref idref="fl-2b"/>
      </object_component>
      <object_component id="oc-a0d">
         <name>.text:ClockP_getCpuFreq</name>
         <load_address>0x4d34</load_address>
         <run_address>0x4d34</run_address>
         <size>0x10</size>
         <input_file_ref idref="fl-2b"/>
      </object_component>
      <object_component id="oc-459">
         <name>.text:HwiP_disable</name>
         <load_address>0x4d44</load_address>
         <run_address>0x4d44</run_address>
         <size>0x10</size>
         <input_file_ref idref="fl-2d"/>
      </object_component>
      <object_component id="oc-9e8">
         <name>.text:HwiP_post</name>
         <load_address>0x4d54</load_address>
         <run_address>0x4d54</run_address>
         <size>0x10</size>
         <input_file_ref idref="fl-2d"/>
      </object_component>
      <object_component id="oc-32b">
         <name>.text:NOROM_SetupGetTrimForXoscHfFastStart</name>
         <load_address>0x4d64</load_address>
         <run_address>0x4d64</run_address>
         <size>0x10</size>
         <input_file_ref idref="fl-39"/>
      </object_component>
      <object_component id="oc-2e7">
         <name>.text:NOROM_SetupGetTrimForXoscHfIbiastherm</name>
         <load_address>0x4d74</load_address>
         <run_address>0x4d74</run_address>
         <size>0x10</size>
         <input_file_ref idref="fl-39"/>
      </object_component>
      <object_component id="oc-552">
         <name>.text:PINCC26XX_getPinCount</name>
         <load_address>0x4d84</load_address>
         <run_address>0x4d84</run_address>
         <size>0x10</size>
         <input_file_ref idref="fl-1a"/>
      </object_component>
      <object_component id="oc-986">
         <name>.text:PowerCC26XX_schedulerDisable</name>
         <load_address>0x4d94</load_address>
         <run_address>0x4d94</run_address>
         <size>0x10</size>
         <input_file_ref idref="fl-2e"/>
      </object_component>
      <object_component id="oc-5c6">
         <name>.text:Power_enablePolicy</name>
         <load_address>0x4da4</load_address>
         <run_address>0x4da4</run_address>
         <size>0x10</size>
         <input_file_ref idref="fl-1b"/>
      </object_component>
      <object_component id="oc-5a6">
         <name>.text:SemaphoreP_Params_init</name>
         <load_address>0x4db4</load_address>
         <run_address>0x4db4</run_address>
         <size>0x10</size>
         <input_file_ref idref="fl-28"/>
      </object_component>
      <object_component id="oc-57c">
         <name>.text:SwiP_Params_init</name>
         <load_address>0x4dc4</load_address>
         <run_address>0x4dc4</run_address>
         <size>0x10</size>
         <input_file_ref idref="fl-29"/>
      </object_component>
      <object_component id="oc-7bb">
         <name>.text:TimerP_Params_init</name>
         <load_address>0x4dd4</load_address>
         <run_address>0x4dd4</run_address>
         <size>0x10</size>
         <input_file_ref idref="fl-2c"/>
      </object_component>
      <object_component id="oc-409">
         <name>.text:jumpToApp</name>
         <load_address>0x4de4</load_address>
         <run_address>0x4de4</run_address>
         <size>0x10</size>
         <input_file_ref idref="fl-5"/>
      </object_component>
      <object_component id="oc-90c">
         <name>.text:uartPostNotify</name>
         <load_address>0x4df4</load_address>
         <run_address>0x4df4</run_address>
         <size>0x10</size>
         <input_file_ref idref="fl-22"/>
      </object_component>
      <object_component id="oc-81d">
         <name>.text:NOROM_VIMSModeGet</name>
         <load_address>0x4e04</load_address>
         <run_address>0x4e04</run_address>
         <size>0xe</size>
         <input_file_ref idref="fl-3e"/>
      </object_component>
      <object_component id="oc-9e1">
         <name>.text:QueueP_empty</name>
         <load_address>0x4e12</load_address>
         <run_address>0x4e12</run_address>
         <size>0xe</size>
         <input_file_ref idref="fl-30"/>
      </object_component>
      <object_component id="oc-751">
         <name>.text:QueueP_remove</name>
         <load_address>0x4e20</load_address>
         <run_address>0x4e20</run_address>
         <size>0xe</size>
         <input_file_ref idref="fl-30"/>
      </object_component>
      <object_component id="oc-24">
         <name>.text:decompress:none:__TI_decompress_none</name>
         <load_address>0x4e2e</load_address>
         <run_address>0x4e2e</run_address>
         <size>0xe</size>
         <input_file_ref idref="fl-101"/>
      </object_component>
      <object_component id="oc-7d9">
         <name>.text:ClockP_doTick</name>
         <load_address>0x4e3c</load_address>
         <run_address>0x4e3c</run_address>
         <size>0xc</size>
         <input_file_ref idref="fl-2b"/>
      </object_component>
      <object_component id="oc-81">
         <name>.text:NOROM_CPUcpsid</name>
         <load_address>0x4e48</load_address>
         <run_address>0x4e48</run_address>
         <size>0xc</size>
         <input_file_ref idref="fl-36"/>
      </object_component>
      <object_component id="oc-3b6">
         <name>.text:NOROM_CPUcpsie</name>
         <load_address>0x4e54</load_address>
         <run_address>0x4e54</run_address>
         <size>0xc</size>
         <input_file_ref idref="fl-36"/>
      </object_component>
      <object_component id="oc-9c4">
         <name>.text:NOROM_OSC_HPOSCRelativeFrequencyOffsetToRFCoreFormatConvert</name>
         <load_address>0x4e60</load_address>
         <run_address>0x4e60</run_address>
         <size>0xc</size>
         <input_file_ref idref="fl-3b"/>
      </object_component>
      <object_component id="oc-477">
         <name>.text:PIN_registerIntCb</name>
         <load_address>0x4e6c</load_address>
         <run_address>0x4e6c</run_address>
         <size>0xc</size>
         <input_file_ref idref="fl-1a"/>
      </object_component>
      <object_component id="oc-98c">
         <name>.text:PowerCC26XX_schedulerRestore</name>
         <load_address>0x4e78</load_address>
         <run_address>0x4e78</run_address>
         <size>0xc</size>
         <input_file_ref idref="fl-2e"/>
      </object_component>
      <object_component id="oc-688">
         <name>.text:Power_getConstraintMask</name>
         <load_address>0x4e84</load_address>
         <run_address>0x4e84</run_address>
         <size>0xc</size>
         <input_file_ref idref="fl-1b"/>
      </object_component>
      <object_component id="oc-998">
[...]
      </symbol>
      <symbol id="sm-be0">
         <name>TimerP_setNextTick</name>
         <value>0x41b9</value>
         <object_component_ref idref="oc-7f7"/>
      </symbol>
      <symbol id="sm-be1">
         <name>TimerP_getCurrentTick</name>
         <value>0x44b1</value>
         <object_component_ref idref="oc-660"/>
      </symbol>
      <symbol id="sm-be2">
         <name>TimerP_getCount64</name>
         <value>0x4f3b</value>
         <object_component_ref idref="oc-7e4"/>
      </symbol>
      <symbol id="sm-be3">
         <name>TimerP_setThreshold</name>
         <value>0x44e1</value>
         <object_component_ref idref="oc-97c"/>
      </symbol>
      <symbol id="sm-be4">
         <name>TimerP_dynamicStub</name>
         <value>0x4a31</value>
         <object_component_ref idref="oc-954"/>
      </symbol>
      <symbol id="sm-be5">
         <name>TimerP_getMaxTicks</name>
         <value>0x4775</value>
         <object_component_ref idref="oc-7c7"/>
      </symbol>
      <symbol id="sm-be6">
         <name>TimerP_construct</name>
         <value>0x2361</value>
         <object_component_ref idref="oc-7c1"/>
      </symbol>
      <symbol id="sm-be7">
         <name>TimerP_getFreq</name>
         <value>0x4ea9</value>
         <object_component_ref idref="oc-7cd"/>
      </symbol>
      <symbol id="sm-be8">
         <name>TimerP_initDevice</name>
         <value>0x42f5</value>
         <object_component_ref idref="oc-948"/>
      </symbol>
      <symbol id="sm-be9">
         <name>TimerP_startup</name>
         <value>0x4cb1</value>
         <object_component_ref idref="oc-94e"/>
      </symbol>
      <symbol id="sm-bea">
         <name>TimerP_start</name>
         <value>0x3121</value>
         <object_component_ref idref="oc-a54"/>
      </symbol>
      <symbol id="sm-beb">
         <name>TimerP_Params_init</name>
         <value>0x4dd5</value>
         <object_component_ref idref="oc-7bb"/>
      </symbol>
      <symbol id="sm-c5c">
         <name>HwiP_construct</name>
         <value>0x2fc1</value>
         <object_component_ref idref="oc-576"/>
      </symbol>
      <symbol id="sm-c5d">
         <name>HwiP_inISR</name>
         <value>0x4ad1</value>
         <object_component_ref idref="oc-5e5"/>
      </symbol>
      <symbol id="sm-c5e">
         <name>HwiP_destruct</name>
         <value>0x4919</value>
         <object_component_ref idref="oc-8bb"/>
      </symbol>
      <symbol id="sm-c5f">
         <name>HwiP_swiPIntNum</name>
         <value>0x2000022c</value>
         <object_component_ref idref="oc-6db"/>
      </symbol>
      <symbol id="sm-c60">
         <name>HwiP_Params_init</name>
         <value>0x4ced</value>
         <object_component_ref idref="oc-570"/>
      </symbol>
      <symbol id="sm-c61">
         <name>HwiP_disable</name>
         <value>0x4d45</value>
         <object_component_ref idref="oc-459"/>
      </symbol>
      <symbol id="sm-c62">
         <name>HwiP_post</name>
         <value>0x4d55</value>
         <object_component_ref idref="oc-9e8"/>
      </symbol>
      <symbol id="sm-c63">
         <name>HwiP_enable</name>
         <value>0x4f2b</value>
         <object_component_ref idref="oc-34d"/>
      </symbol>
      <symbol id="sm-c64">
         <name>HwiP_restore</name>
         <value>0x4ed9</value>
         <object_component_ref idref="oc-45f"/>
      </symbol>
      <symbol id="sm-c9f">
         <name>PowerCC26XX_schedulerDisable</name>
         <value>0x4d95</value>
         <object_component_ref idref="oc-986"/>
      </symbol>
      <symbol id="sm-ca0">
         <name>PowerCC26XX_schedulerRestore</name>
         <value>0x4e79</value>
         <object_component_ref idref="oc-98c"/>
      </symbol>
      <symbol id="sm-ca1">
         <name>PowerCC26XX_standbyPolicy</name>
         <value>0x1951</value>
         <object_component_ref idref="oc-673"/>
      </symbol>
      <symbol id="sm-cd2">
         <name>resetISR</name>
         <value>0x4cd9</value>
         <object_component_ref idref="oc-2b"/>
      </symbol>
      <symbol id="sm-cd3">
         <name>g_pfnVectors</name>
         <value>0x0</value>
         <object_component_ref idref="oc-1b"/>
      </symbol>
      <symbol id="sm-d10">
         <name>QueueP_next</name>
         <value>0x4f33</value>
         <object_component_ref idref="oc-a62"/>
      </symbol>
      <symbol id="sm-d11">
         <name>QueueP_put</name>
         <value>0x49dd</value>
         <object_component_ref idref="oc-655"/>
      </symbol>
      <symbol id="sm-d12">
         <name>QueueP_remove</name>
         <value>0x4e21</value>
         <object_component_ref idref="oc-751"/>
      </symbol>
      <symbol id="sm-d13">
         <name>QueueP_head</name>
         <value>0x4f2f</value>
         <object_component_ref idref="oc-a5c"/>
      </symbol>
      <symbol id="sm-d14">
         <name>QueueP_init</name>
         <value>0x4f0d</value>
         <object_component_ref idref="oc-6e5"/>
      </symbol>
      <symbol id="sm-d15">
         <name>QueueP_empty</name>
         <value>0x4e13</value>
         <object_component_ref idref="oc-9e1"/>
      </symbol>
      <symbol id="sm-d16">
         <name>QueueP_get</name>
         <value>0x4a85</value>
         <object_component_ref idref="oc-9db"/>
      </symbol>
      <symbol id="sm-d50">
         <name>NOROM_ChipInfo_GetChipType</name>
         <value>0x43c1</value>
         <object_component_ref idref="oc-546"/>
      </symbol>
      <symbol id="sm-d51">
         <name>NOROM_ChipInfo_GetHwRevision</name>
         <value>0x3df9</value>
         <object_component_ref idref="oc-172"/>
      </symbol>
      <symbol id="sm-d52">
         <name>NOROM_ThisLibraryIsFor_CC13x0_HwRev20AndLater_HaltIfViolated</name>
         <value>0x4c21</value>
         <object_component_ref idref="oc-fc"/>
      </symbol>
      <symbol id="sm-d53">
         <name>NOROM_ChipInfo_GetChipFamily</name>
         <value>0x4935</value>
         <object_component_ref idref="oc-16c"/>
      </symbol>
      <symbol id="sm-d54">
         <name>NOROM_ChipInfo_GetPackageType</name>
         <value>0x4b01</value>
         <object_component_ref idref="oc-54c"/>
      </symbol>
      <symbol id="sm-d88">
         <name>NOROM_SetupTrimDevice</name>
         <value>0x2561</value>
         <object_component_ref idref="oc-87"/>
      </symbol>
      <symbol id="sm-da3">
         <name>NOROM_FlashProgram</name>
         <value>0x4951</value>
         <object_component_ref idref="oc-153"/>
      </symbol>
      <symbol id="sm-da4">
         <name>NOROM_FlashSectorErase</name>
         <value>0x496d</value>
         <object_component_ref idref="oc-14d"/>
      </symbol>
      <symbol id="sm-df6">
         <name>NOROM_SysCtrl_DCDC_VoltageConditionalControl</name>
         <value>0x3415</value>
         <object_component_ref idref="oc-7ff"/>
      </symbol>
      <symbol id="sm-df7">
         <name>NOROM_SysCtrlAdjustRechargeAfterPowerDown</name>
         <value>0x33ad</value>
         <object_component_ref idref="oc-9aa"/>
      </symbol>
      <symbol id="sm-df8">
         <name>NOROM_SysCtrlSetRechargeBeforePowerDown</name>
         <value>0x619</value>
         <object_component_ref idref="oc-99e"/>
      </symbol>
      <symbol id="sm-e0c">
         <name>NOROM_CPUdelay</name>
         <value>0x4f07</value>
         <object_component_ref idref="oc-896"/>
      </symbol>
      <symbol id="sm-e0d">
         <name>NOROM_CPUcpsie</name>
         <value>0x4e55</value>
         <object_component_ref idref="oc-3b6"/>
      </symbol>
      <symbol id="sm-e0e">
         <name>NOROM_CPUcpsid</name>
         <value>0x4e49</value>
         <object_component_ref idref="oc-81"/>
      </symbol>
      <symbol id="sm-e14">
         <name>driverlib_release_0_3_05_20_00001</name>
         <value>0x20000631</value>
      </symbol>
      <symbol id="sm-e33">
         <name>NOROM_AONRTCCurrentCompareValueGet</name>
         <value>0x4ae9</value>
         <object_component_ref idref="oc-84b"/>
      </symbol>
      <symbol id="sm-e34">
         <name>NOROM_AONRTCCurrent64BitValueGet</name>
         <value>0x4c4d</value>
         <object_component_ref idref="oc-967"/>
      </symbol>
      <symbol id="sm-f44">
         <name>NOROM_SetupGetTrimForRadcExtCfg</name>
         <value>0x43f1</value>
         <object_component_ref idref="oc-323"/>
      </symbol>
      <symbol id="sm-f45">
         <name>NOROM_SetupGetTrimForAmpcompCtrl</name>
         <value>0x32dd</value>
         <object_component_ref idref="oc-2f9"/>
      </symbol>
      <symbol id="sm-f46">
         <name>NOROM_SetupSetAonRtcSubSecInc</name>
         <value>0x4421</value>
         <object_component_ref idref="oc-33d"/>
      </symbol>
      <symbol id="sm-f47">
         <name>NOROM_SetupGetTrimForAnabypassValue1</name>
         <value>0x3345</value>
         <object_component_ref idref="oc-2d5"/>
      </symbol>
      <symbol id="sm-f48">
         <name>NOROM_SetupGetTrimForXoscHfIbiastherm</name>
         <value>0x4d75</value>
         <object_component_ref idref="oc-2e7"/>
      </symbol>
      <symbol id="sm-f49">
         <name>NOROM_SetupGetTrimForRcOscLfIBiasTrim</name>
         <value>0x4b91</value>
         <object_component_ref idref="oc-317"/>
      </symbol>
      <symbol id="sm-f4a">
         <name>NOROM_SetupSetCacheModeAccordingToCcfgSetting</name>
         <value>0x3a8d</value>
         <object_component_ref idref="oc-102"/>
      </symbol>
      <symbol id="sm-f4b">
         <name>NOROM_SetupAfterColdResetWakeupFromShutDownCfg1</name>
         <value>0x2609</value>
         <object_component_ref idref="oc-17a"/>
      </symbol>
      <symbol id="sm-f4c">
         <name>NOROM_SetupAfterColdResetWakeupFromShutDownCfg3</name>
         <value>0x1199</value>
         <object_component_ref idref="oc-186"/>
      </symbol>
      <symbol id="sm-f4d">
         <name>NOROM_SetupAfterColdResetWakeupFromShutDownCfg2</name>
         <value>0x1a51</value>
         <object_component_ref idref="oc-180"/>
      </symbol>
      <symbol id="sm-f4e">
         <name>NOROM_SetupGetTrimForRcOscLfRtuneCtuneTrim</name>
         <value>0x49a5</value>
         <object_component_ref idref="oc-2e1"/>
      </symbol>
      <symbol id="sm-f4f">
         <name>NOROM_SetupGetTrimForXoscHfFastStart</name>
         <value>0x4d65</value>
         <object_component_ref idref="oc-32b"/>
      </symbol>
      <symbol id="sm-f50">
         <name>NOROM_SetupGetTrimForXoscLfRegulatorAndCmirrwrRatio</name>
         <value>0x4ba9</value>
         <object_component_ref idref="oc-31d"/>
      </symbol>
      <symbol id="sm-f51">
         <name>NOROM_SetupGetTrimForXoscHfCtl</name>
         <value>0x4821</value>
         <object_component_ref idref="oc-30b"/>
      </symbol>
      <symbol id="sm-f52">
         <name>NOROM_SetupGetTrimForDblrLoopFilterResetVoltage</name>
         <value>0x4b79</value>
         <object_component_ref idref="oc-311"/>
      </symbol>
      <symbol id="sm-f53">
         <name>NOROM_SetupGetTrimForAdcShModeEn</name>
         <value>0x4b31</value>
         <object_component_ref idref="oc-2ff"/>
      </symbol>
      <symbol id="sm-f54">
         <name>NOROM_SetupGetTrimForAdcShVbufEn</name>
         <value>0x4b49</value>
         <object_component_ref idref="oc-305"/>
      </symbol>
      <symbol id="sm-f55">
         <name>NOROM_SetupSetVddrLevel</name>
         <value>0x30ad</value>
         <object_component_ref idref="oc-2ce"/>
      </symbol>
      <symbol id="sm-f56">
         <name>NOROM_SetupGetTrimForAmpcompTh1</name>
         <value>0x4b61</value>
         <object_component_ref idref="oc-2f3"/>
      </symbol>
      <symbol id="sm-f57">
         <name>NOROM_SetupGetTrimForAmpcompTh2</name>
         <value>0x4989</value>
         <object_component_ref idref="oc-2ed"/>
      </symbol>
      <symbol id="sm-f84">
         <name>NOROM_IntUnregister</name>
         <value>0x4c61</value>
         <object_component_ref idref="oc-9fd"/>
      </symbol>
      <symbol id="sm-f85">
         <name>NOROM_IntRegister</name>
         <value>0x4225</value>
         <object_component_ref idref="oc-6cf"/>
      </symbol>
      <symbol id="sm-f86">
         <name>g_pfnRAMVectors</name>
         <value>0x20000800</value>
         <object_component_ref idref="oc-868"/>
      </symbol>
      <symbol id="sm-fe6">
         <name>NOROM_OSCHF_TurnOnXosc</name>
         <value>0x4b19</value>
         <object_component_ref idref="oc-857"/>
      </symbol>
      <symbol id="sm-fe7">
         <name>NOROM_OSC_HPOSCRelativeFrequencyOffsetToRFCoreFormatConvert</name>
         <value>0x4e61</value>
         <object_component_ref idref="oc-9c4"/>
      </symbol>
      <symbol id="sm-fe8">
         <name>NOROM_OSCHF_AttemptToSwitchToXosc</name>
         <value>0x3685</value>
         <object_component_ref idref="oc-68e"/>
      </symbol>
      <symbol id="sm-fe9">
         <name>NOROM_OSCClockSourceSet</name>
         <value>0x37b1</value>
         <object_component_ref idref="oc-337"/>
      </symbol>
      <symbol id="sm-fea">
         <name>NOROM_OSCClockSourceGet</name>
         <value>0x4599</value>
         <object_component_ref idref="oc-331"/>
      </symbol>
      <symbol id="sm-feb">
         <name>NOROM_OSCHF_SwitchToRcOscTurnOffXosc</name>
         <value>0x4259</value>
         <object_component_ref idref="oc-85d"/>
      </symbol>
      <symbol id="sm-fec">
         <name>NOROM_OSC_HPOSCRelativeFrequencyOffsetGet</name>
         <value>0x3f75</value>
         <object_component_ref idref="oc-9be"/>
      </symbol>
      <symbol id="sm-ff9">
         <name>NOROM_AONBatMonTemperatureGetDegC</name>
         <value>0x461d</value>
         <object_component_ref idref="oc-9b8"/>
      </symbol>
      <symbol id="sm-100b">
         <name>SafeHapiVoid</name>
         <value>0x466d</value>
         <object_component_ref idref="oc-845"/>
      </symbol>
      <symbol id="sm-1018">
         <name>NOROM_VIMSModeGet</name>
         <value>0x4e05</value>
         <object_component_ref idref="oc-81d"/>
      </symbol>
      <symbol id="sm-102a">
         <name>NOROM_DDI32RegWrite</name>
         <value>0x456d</value>
         <object_component_ref idref="oc-2db"/>
      </symbol>
      <symbol id="sm-103a">
         <name>__aeabi_lmul</name>
         <value>0x4c09</value>
         <object_component_ref idref="oc-7ef"/>
      </symbol>
      <symbol id="sm-1055">
         <name>memcpy</name>
         <value>0x29d1</value>
         <object_component_ref idref="oc-69"/>
      </symbol>
      <symbol id="sm-1056">
         <name>__aeabi_memcpy</name>
         <value>0x29d1</value>
         <object_component_ref idref="oc-69"/>
      </symbol>
      <symbol id="sm-1057">
         <name>__aeabi_memcpy8</name>
         <value>0x29d1</value>
         <object_component_ref idref="oc-69"/>
      </symbol>
      <symbol id="sm-1058">
         <name>__aeabi_memcpy4</name>
         <value>0x29d1</value>
         <object_component_ref idref="oc-69"/>
      </symbol>
      <symbol id="sm-1067">
         <name>__aeabi_memset</name>
         <value>0x2f49</value>
         <object_component_ref idref="oc-f5"/>
      </symbol>
      <symbol id="sm-1068">
         <name>memset</name>
         <value>0x2f4f</value>
         <object_component_ref idref="oc-f5"/>
      </symbol>
      <symbol id="sm-1069">
         <name>__aeabi_memset8</name>
         <value>0x2f49</value>
         <object_component_ref idref="oc-f5"/>
      </symbol>
      <symbol id="sm-106a">
         <name>__aeabi_memset4</name>
         <value>0x2f49</value>
         <object_component_ref idref="oc-f5"/>
      </symbol>
      <symbol id="sm-106b">
         <name>__aeabi_memclr8</name>
         <value>0x2f47</value>
         <object_component_ref idref="oc-f5"/>
      </symbol>
      <symbol id="sm-106c">
         <name>__aeabi_memclr4</name>
         <value>0x2f47</value>
         <object_component_ref idref="oc-f5"/>
      </symbol>
      <symbol id="sm-106d">
         <name>__aeabi_memclr</name>
         <value>0x2f47</value>
         <object_component_ref idref="oc-f5"/>
      </symbol>
      <symbol id="sm-107a">
         <name>__aeabi_uldivmod</name>
         <value>0x2b9d</value>
         <object_component_ref idref="oc-7ea"/>
      </symbol>
      <symbol id="sm-108e">
         <name>__TI_zero_init_nomemset</name>
         <value>0x4a4d</value>
         <object_component_ref idref="oc-75"/>
      </symbol>
      <symbol id="sm-10a5">
         <name>__TI_decompress_none</name>
         <value>0x4e2f</value>
         <object_component_ref idref="oc-24"/>
      </symbol>
      <symbol id="sm-10c8">
         <name>__TI_decompress_lzss</name>
         <value>0x35b5</value>
         <object_component_ref idref="oc-1e"/>
      </symbol>
      <symbol id="sm-1151">
         <name>_sys_memory</name>
         <value>0x20000648</value>
         <object_component_ref idref="oc-34"/>
      </symbol>
      <symbol id="sm-1152">
         <name>free</name>
         <value>0x1b41</value>
         <object_component_ref idref="oc-5b9"/>
      </symbol>
      <symbol id="sm-1153">
         <name>memalign</name>
         <value>0x13ed</value>
         <object_component_ref idref="oc-8a7"/>
      </symbol>
      <symbol id="sm-1154">
         <name>malloc</name>
         <value>0x4ee9</value>
         <object_component_ref idref="oc-727"/>
      </symbol>
      <symbol id="sm-1155">
         <name>aligned_alloc</name>
         <value>0x13ed</value>
         <object_component_ref idref="oc-8a7"/>
      </symbol>
      <symbol id="sm-1168">
         <name>__stack</name>
         <value>0x20004c00</value>
         <object_component_ref idref="oc-37"/>
      </symbol>
      <symbol id="sm-1169">
         <name>_c_int00</name>
         <value>0x4799</value>
         <object_component_ref idref="oc-121"/>
      </symbol>
      <symbol id="sm-1173">
         <name>__aeabi_idiv0</name>
         <value>0x438f</value>
         <object_component_ref idref="oc-96e"/>
      </symbol>
      <symbol id="sm-1174">
         <name>__aeabi_ldiv0</name>
         <value>0x438f</value>
         <object_component_ref idref="oc-96e"/>
      </symbol>
      <symbol id="sm-119c">
         <name>__TI_auto_init_nobinit_nopinit</name>
         <value>0x3d75</value>
         <object_component_ref idref="oc-366"/>
      </symbol>
      <symbol id="sm-11a6">
         <name>_system_pre_init</name>
         <value>0x4f3f</value>
         <object_component_ref idref="oc-18e"/>
      </symbol>
      <symbol id="sm-11b2">
         <name>C$$EXIT</name>
         <value>0x4f43</value>
         <object_component_ref idref="oc-35a"/>
      </symbol>
      <symbol id="sm-11b3">
         <name>abort</name>
         <value>0x4f43</value>
         <object_component_ref idref="oc-35a"/>
      </symbol>
      <symbol id="sm-11c8">
         <name>_nop</name>
         <value>0x392f</value>
         <object_component_ref idref="oc-4e4"/>
      </symbol>
      <symbol id="sm-11c9">
         <name>_lock</name>
         <value>0x20000474</value>
         <object_component_ref idref="oc-417"/>
      </symbol>
      <symbol id="sm-11ca">
         <name>_unlock</name>
         <value>0x20000478</value>
         <object_component_ref idref="oc-417"/>
      </symbol>
      <symbol id="sm-11de">
         <name>_args_main</name>
         <value>0x4bf1</value>
         <object_component_ref idref="oc-19e"/>
      </symbol>
      <symbol id="sm-11df">
         <name>__TI_static_base__</name>
         <value>0x0</value>
      </symbol>
      <symbol id="sm-11e2">
         <name>__mpu_init</name>
         <value>0x0</value>
      </symbol>
      <symbol id="sm-11e3">
         <name>_system_post_cinit</name>
         <value>0x0</value>
      </symbol>
      <symbol id="sm-11e4">
         <name>NoRTOS_start</name>
         <value>0x4f2b</value>
      </symbol>
   </symbol_table>
   <title>Link successful</title>
</link_info>
