<?xml version="1.0" encoding="ISO-8859-1" ?>
<link_info>
   <banner>TI ARM Linker Unix v18.12.5.LTS</banner>
   <copyright>Copyright (c) 1996-2018 Texas Instruments Incorporated</copyright>
   <link_time>0x6aaa8f2f</link_time>
   <link_errors>0x0</link_errors>
   <output_file>uartecho.out</output_file>
   <entry_point>
      <name>resetISR</name>
      <address>0x413d</address>
   </entry_point>
   <input_file_list>
      <input_file id="fl-1">
         <path>./</path>
         <kind>object</kind>
         <file>CC1310_LAUNCHXL.obj</file>
         <name>CC1310_LAUNCHXL.obj</name>
      </input_file>
      <input_file id="fl-2">
         <path>./</path>
         <kind>object</kind>
         <file>CC1310_LAUNCHXL_fxns.obj</file>
         <name>CC1310_LAUNCHXL_fxns.obj</name>
      </input_file>
      <input_file id="fl-3">
         <path>./</path>
         <kind>object</kind>
         <file>ccfg.obj</file>
         <name>ccfg.obj</name>
      </input_file>
      <input_file id="fl-4">
         <path>./</path>
         <kind>object</kind>
         <file>main_nortos.obj</file>
         <name>main_nortos.obj</name>
      </input_file>
      <input_file id="fl-5">
         <path>./</path>
         <kind>object</kind>
         <file>uartecho.obj</file>
         <name>uartecho.obj</name>
      </input_file>
      <input_file id="fl-10">
         <kind>object</kind>
         <file>&lt;internal&gt;</file>
         <name>&lt;internal&gt;</name>
      </input_file>
      <input_file id="fl-11">
         <path>/Applications/ti/simplelink_cc13x0_sdk_4_20_02_07/source/ti/display/lib/</path>
         <kind>archive</kind>
         <file>display.aem3</file>
         <name>DisplayUart.oem3</name>
      </input_file>
      <input_file id="fl-12">
         <path>/Applications/ti/simplelink_cc13x0_sdk_4_20_02_07/source/ti/drivers/lib/</path>
         <kind>archive</kind>
         <file>drivers_cc13x0.aem3</file>
         <name>NVSSPI25X.oem3</name>
      </input_file>
      <input_file id="fl-13">
         <path>/Applications/ti/simplelink_cc13x0_sdk_4_20_02_07/source/ti/drivers/lib/</path>
         <kind>archive</kind>
         <file>drivers_cc13x0.aem3</file>
         <name>SDSPI.oem3</name>
      </input_file>
      <input_file id="fl-14">
         <path>/Applications/ti/simplelink_cc13x0_sdk_4_20_02_07/source/ti/drivers/lib/</path>
         <kind>archive</kind>
         <file>drivers_cc13x0.aem3</file>
         <name>ADCCC26XX.oem3</name>
      </input_file>
      <input_file id="fl-15">
         <path>/Applications/ti/simplelink_cc13x0_sdk_4_20_02_07/source/ti/drivers/lib/</path>
         <kind>archive</kind>
         <file>drivers_cc13x0.aem3</file>
         <name>ADCBufCC26XX.oem3</name>
      </input_file>
      <input_file id="fl-16">
         <path>/Applications/ti/simplelink_cc13x0_sdk_4_20_02_07/source/ti/drivers/lib/</path>
         <kind>archive</kind>
         <file>drivers_cc13x0.aem3</file>
         <name>UDMACC26XX.oem3</name>
      </input_file>
      <input_file id="fl-17">
         <path>/Applications/ti/simplelink_cc13x0_sdk_4_20_02_07/source/ti/drivers/lib/</path>
         <kind>archive</kind>
         <file>drivers_cc13x0.aem3</file>
         <name>GPIOCC26XX.oem3</name>
      </input_file>
      <input_file id="fl-18">
         <path>/Applications/ti/simplelink_cc13x0_sdk_4_20_02_07/source/ti/drivers/lib/</path>
         <kind>archive</kind>
         <file>drivers_cc13x0.aem3</file>
         <name>I2CCC26XX.oem3</name>
      </input_file>
      <input_file id="fl-19">
         <path>/Applications/ti/simplelink_cc13x0_sdk_4_20_02_07/source/ti/drivers/lib/</path>
         <kind>archive</kind>
         <file>drivers_cc13x0.aem3</file>
         <name>NVSCC26XX.oem3</name>
      </input_file>
      <input_file id="fl-1a">
         <path>/Applications/ti/simplelink_cc13x0_sdk_4_20_02_07/source/ti/drivers/lib/</path>
         <kind>archive</kind>
         <file>drivers_cc13x0.aem3</file>
         <name>PINCC26XX.oem3</name>
      </input_file>
      <input_file id="fl-1b">
         <path>/Applications/ti/simplelink_cc13x0_sdk_4_20_02_07/source/ti/drivers/lib/</path>
         <kind>archive</kind>
         <file>drivers_cc13x0.aem3</file>
         <name>PowerCC26XX.oem3</name>
      </input_file>
      <input_file id="fl-1c">
         <path>/Applications/ti/simplelink_cc13x0_sdk_4_20_02_07/source/ti/drivers/lib/</path>
         <kind>archive</kind>
         <file>drivers_cc13x0.aem3</file>
         <name>PowerCC26XX_calibrateRCOSC.oem3</name>
      </input_file>
      <input_file id="fl-1d">
         <path>/Applications/ti/simplelink_cc13x0_sdk_4_20_02_07/source/ti/drivers/lib/</path>
         <kind>archive</kind>
         <file>drivers_cc13x0.aem3</file>
         <name>PWMTimerCC26XX.oem3</name>
      </input_file>
      <input_file id="fl-1e">
         <path>/Applications/ti/simplelink_cc13x0_sdk_4_20_02_07/source/ti/drivers/lib/</path>
         <kind>archive</kind>
         <file>drivers_cc13x0.aem3</file>
         <name>SPI.oem3</name>
      </input_file>
      <input_file id="fl-1f">
         <path>/Applications/ti/simplelink_cc13x0_sdk_4_20_02_07/source/ti/drivers/lib/</path>
         <kind>archive</kind>
         <file>drivers_cc13x0.aem3</file>
         <name>SPICC26XXDMA.oem3</name>
      </input_file>
      <input_file id="fl-20">
         <path>/Applications/ti/simplelink_cc13x0_sdk_4_20_02_07/source/ti/drivers/lib/</path>
         <kind>archive</kind>
         <file>drivers_cc13x0.aem3</file>
         <name>GPTimerCC26XX.oem3</name>
      </input_file>
      <input_file id="fl-21">
         <path>/Applications/ti/simplelink_cc13x0_sdk_4_20_02_07/source/ti/drivers/lib/</path>
         <kind>archive</kind>
         <file>drivers_cc13x0.aem3</file>
         <name>UART.oem3</name>
      </input_file>
      <input_file id="fl-22">
         <path>/Applications/ti/simplelink_cc13x0_sdk_4_20_02_07/source/ti/drivers/lib/</path>
         <kind>archive</kind>
         <file>drivers_cc13x0.aem3</file>
         <name>UARTCC26XX.oem3</name>
      </input_file>
      <input_file id="fl-23">
         <path>/Applications/ti/simplelink_cc13x0_sdk_4_20_02_07/source/ti/drivers/lib/</path>
         <kind>archive</kind>
         <file>drivers_cc13x0.aem3</file>
         <name>WatchdogCC26XX.oem3</name>
      </input_file>
      <input_file id="fl-24">
         <path>/Applications/ti/simplelink_cc13x0_sdk_4_20_02_07/source/ti/drivers/lib/</path>
         <kind>archive</kind>
         <file>drivers_cc13x0.aem3</file>
         <name>List.oem3</name>
      </input_file>
      <input_file id="fl-25">
         <path>/Applications/ti/simplelink_cc13x0_sdk_4_20_02_07/source/ti/drivers/lib/</path>
         <kind>archive</kind>
         <file>drivers_cc13x0.aem3</file>
         <name>RingBuf.oem3</name>
      </input_file>
      <input_file id="fl-26">
         <path>/Applications/ti/simplelink_cc13x0_sdk_4_20_02_07/source/ti/drivers/lib/</path>
         <kind>archive</kind>
         <file>drivers_cc13x0.aem3</file>
         <name>ADCBuf.oem3</name>
      </input_file>
      <input_file id="fl-27">
         <path>/Applications/ti/simplelink_cc13x0_sdk_4_20_02_07/kernel/nortos/lib/</path>
         <kind>archive</kind>
         <file>nortos_cc13x0.aem3</file>
         <name>NoRTOS.oem3</name>
      </input_file>
      <input_file id="fl-28">
         <path>/Applications/ti/simplelink_cc13x0_sdk_4_20_02_07/kernel/nortos/lib/</path>
         <kind>archive</kind>
         <file>nortos_cc13x0.aem3</file>
         <name>SemaphoreP_nortos.oem3</name>
      </input_file>
      <input_file id="fl-29">
         <path>/Applications/ti/simplelink_cc13x0_sdk_4_20_02_07/kernel/nortos/lib/</path>
         <kind>archive</kind>
         <file>nortos_cc13x0.aem3</file>
         <name>SwiP_nortos.oem3</name>
      </input_file>
      <input_file id="fl-2a">
         <path>/Applications/ti/simplelink_cc13x0_sdk_4_20_02_07/kernel/nortos/lib/</path>
         <kind>archive</kind>
         <file>nortos_cc13x0.aem3</file>
         <name>SystemP_nortos.oem3</name>
      </input_file>
      <input_file id="fl-2b">
         <path>/Applications/ti/simplelink_cc13x0_sdk_4_20_02_07/kernel/nortos/lib/</path>
         <kind>archive</kind>
         <file>nortos_cc13x0.aem3</file>
         <name>ClockPTimer_nortos.oem3</name>
      </input_file>
      <input_file id="fl-2c">
         <path>/Applications/ti/simplelink_cc13x0_sdk_4_20_02_07/kernel/nortos/lib/</path>
         <kind>archive</kind>
         <file>nortos_cc13x0.aem3</file>
         <name>TimerPCC26XX_nortos.oem3</name>
      </input_file>
      <input_file id="fl-2d">
         <path>/Applications/ti/simplelink_cc13x0_sdk_4_20_02_07/kernel/nortos/lib/</path>
         <kind>archive</kind>
         <file>nortos_cc13x0.aem3</file>
         <name>HwiPCC26XX_nortos.oem3</name>
      </input_file>
      <input_file id="fl-2e">
         <path>/Applications/ti/simplelink_cc13x0_sdk_4_20_02_07/kernel/nortos/lib/</path>
         <kind>archive</kind>
         <file>nortos_cc13x0.aem3</file>
         <name>PowerCC26XX_nortos.oem3</name>
      </input_file>
      <input_file id="fl-2f">
         <path>/Applications/ti/simplelink_cc13x0_sdk_4_20_02_07/kernel/nortos/lib/</path>
         <kind>archive</kind>
         <file>nortos_cc13x0.aem3</file>
         <name>startup_cc13xx_cc26xx_ccs.oem3</name>
      </input_file>
      <input_file id="fl-30">
         <path>/Applications/ti/simplelink_cc13x0_sdk_4_20_02_07/kernel/nortos/lib/</path>
         <kind>archive</kind>
         <file>nortos_cc13x0.aem3</file>
         <name>QueueP_nortos.oem3</name>
      </input_file>
      <input_file id="fl-31">
         <path>/Applications/ti/simplelink_cc13x0_sdk_4_20_02_07/source/ti/devices/cc13x0/driverlib/bin/ccs/</path>
         <kind>archive</kind>
         <file>driverlib.lib</file>
         <name>aux_adc.obj</name>
      </input_file>
      <input_file id="fl-32">
         <path>/Applications/ti/simplelink_cc13x0_sdk_4_20_02_07/source/ti/devices/cc13x0/driverlib/bin/ccs/</path>
         <kind>archive</kind>
         <file>driverlib.lib</file>
         <name>chipinfo.obj</name>
      </input_file>
      <input_file id="fl-33">
         <path>/Applications/ti/simplelink_cc13x0_sdk_4_20_02_07/source/ti/devices/cc13x0/driverlib/bin/ccs/</path>
         <kind>archive</kind>
         <file>driverlib.lib</file>
         <name>setup.obj</name>
      </input_file>
      <input_file id="fl-34">
         <path>/Applications/ti/simplelink_cc13x0_sdk_4_20_02_07/source/ti/devices/cc13x0/driverlib/bin/ccs/</path>
         <kind>archive</kind>
         <file>driverlib.lib</file>
         <name>flash.obj</name>
      </input_file>
      <input_file id="fl-35">
         <path>/Applications/ti/simplelink_cc13x0_sdk_4_20_02_07/source/ti/devices/cc13x0/driverlib/bin/ccs/</path>
         <kind>archive</kind>
         <file>driverlib.lib</file>
         <name>sys_ctrl.obj</name>
      </input_file>
      <input_file id="fl-36">
         <path>/Applications/ti/simplelink_cc13x0_sdk_4_20_02_07/source/ti/devices/cc13x0/driverlib/bin/ccs/</path>
         <kind>archive</kind>
         <file>driverlib.lib</file>
         <name>cpu.obj</name>
      </input_file>
      <input_file id="fl-37">
         <path>/Applications/ti/simplelink_cc13x0_sdk_4_20_02_07/source/ti/devices/cc13x0/driverlib/bin/ccs/</path>
         <kind>archive</kind>
         <file>driverlib.lib</file>
         <name>driverlib_release.obj</name>
      </input_file>
      <input_file id="fl-38">
         <path>/Applications/ti/simplelink_cc13x0_sdk_4_20_02_07/source/ti/devices/cc13x0/driverlib/bin/ccs/</path>
         <kind>archive</kind>
         <file>driverlib.lib</file>
         <name>aon_rtc.obj</name>
      </input_file>
      <input_file id="fl-39">
         <path>/Applications/ti/simplelink_cc13x0_sdk_4_20_02_07/source/ti/devices/cc13x0/driverlib/bin/ccs/</path>
         <kind>archive</kind>
         <file>driverlib.lib</file>
         <name>setup_rom.obj</name>
      </input_file>
      <input_file id="fl-3a">
         <path>/Applications/ti/simplelink_cc13x0_sdk_4_20_02_07/source/ti/devices/cc13x0/driverlib/bin/ccs/</path>
         <kind>archive</kind>
         <file>driverlib.lib</file>
         <name>interrupt.obj</name>
      </input_file>
      <input_file id="fl-3b">
         <path>/Applications/ti/simplelink_cc13x0_sdk_4_20_02_07/source/ti/devices/cc13x0/driverlib/bin/ccs/</path>
         <kind>archive</kind>
         <file>driverlib.lib</file>
         <name>osc.obj</name>
      </input_file>
      <input_file id="fl-3c">
         <path>/Applications/ti/simplelink_cc13x0_sdk_4_20_02_07/source/ti/devices/cc13x0/driverlib/bin/ccs/</path>
         <kind>archive</kind>
         <file>driverlib.lib</file>
         <name>aon_batmon.obj</name>
      </input_file>
      <input_file id="fl-3d">
         <path>/Applications/ti/simplelink_cc13x0_sdk_4_20_02_07/source/ti/devices/cc13x0/driverlib/bin/ccs/</path>
         <kind>archive</kind>
         <file>driverlib.lib</file>
         <name>adi.obj</name>
      </input_file>
      <input_file id="fl-3e">
         <path>/Applications/ti/simplelink_cc13x0_sdk_4_20_02_07/source/ti/devices/cc13x0/driverlib/bin/ccs/</path>
         <kind>archive</kind>
         <file>driverlib.lib</file>
         <name>vims.obj</name>
      </input_file>
      <input_file id="fl-3f">
         <path>/Applications/ti/simplelink_cc13x0_sdk_4_20_02_07/source/ti/devices/cc13x0/driverlib/bin/ccs/</path>
         <kind>archive</kind>
         <file>driverlib.lib</file>
         <name>ddi.obj</name>
      </input_file>
      <input_file id="fl-f5">
         <path>/Users/xiulin/ti/ti-cgt-arm_18.12.5.LTS/lib/</path>
         <kind>archive</kind>
         <file>rtsv7M3_T_le_eabi.lib</file>
         <name>u_divt2.asm.obj</name>
      </input_file>
      <input_file id="fl-f6">
         <path>/Users/xiulin/ti/ti-cgt-arm_18.12.5.LTS/lib/</path>
         <kind>archive</kind>
         <file>rtsv7M3_T_le_eabi.lib</file>
         <name>fd_add_t2.asm.obj</name>
      </input_file>
      <input_file id="fl-f7">
         <path>/Users/xiulin/ti/ti-cgt-arm_18.12.5.LTS/lib/</path>
         <kind>archive</kind>
         <file>rtsv7M3_T_le_eabi.lib</file>
         <name>fd_cmp_t2.asm.obj</name>
      </input_file>
      <input_file id="fl-f8">
         <path>/Users/xiulin/ti/ti-cgt-arm_18.12.5.LTS/lib/</path>
         <kind>archive</kind>
         <file>rtsv7M3_T_le_eabi.lib</file>
         <name>fd_mul_t2.asm.obj</name>
      </input_file>
      <input_file id="fl-f9">
         <path>/Users/xiulin/ti/ti-cgt-arm_18.12.5.LTS/lib/</path>
         <kind>archive</kind>
         <file>rtsv7M3_T_le_eabi.lib</file>
         <name>fd_toi_t2.asm.obj</name>
      </input_file>
      <input_file id="fl-fa">
         <path>/Users/xiulin/ti/ti-cgt-arm_18.12.5.LTS/lib/</path>
         <kind>archive</kind>
         <file>rtsv7M3_T_le_eabi.lib</file>
         <name>fd_tou_t2.asm.obj</name>
      </input_file>
      <input_file id="fl-fb">
         <path>/Users/xiulin/ti/ti-cgt-arm_18.12.5.LTS/lib/</path>
         <kind>archive</kind>
         <file>rtsv7M3_T_le_eabi.lib</file>
         <name>i_tofd_t2.asm.obj</name>
      </input_file>
      <input_file id="fl-fc">
         <path>/Users/xiulin/ti/ti-cgt-arm_18.12.5.LTS/lib/</path>
         <kind>archive</kind>
         <file>rtsv7M3_T_le_eabi.lib</file>
         <name>ll_mul_t2.asm.obj</name>
      </input_file>
      <input_file id="fl-fd">
         <path>/Users/xiulin/ti/ti-cgt-arm_18.12.5.LTS/lib/</path>
         <kind>archive</kind>
         <file>rtsv7M3_T_le_eabi.lib</file>
         <name>memcpy_t2.asm.obj</name>
      </input_file>
      <input_file id="fl-fe">
         <path>/Users/xiulin/ti/ti-cgt-arm_18.12.5.LTS/lib/</path>
         <kind>archive</kind>
         <file>rtsv7M3_T_le_eabi.lib</file>
         <name>ull_div_t2.asm.obj</name>
      </input_file>
      <input_file id="fl-ff">
         <path>/Users/xiulin/ti/ti-cgt-arm_18.12.5.LTS/lib/</path>
         <kind>archive</kind>
         <file>rtsv7M3_T_le_eabi.lib</file>
         <name>copy_zero_init.c.obj</name>
      </input_file>
      <input_file id="fl-100">
         <path>/Users/xiulin/ti/ti-cgt-arm_18.12.5.LTS/lib/</path>
         <kind>archive</kind>
         <file>rtsv7M3_T_le_eabi.lib</file>
         <name>copy_decompress_none.c.obj</name>
      </input_file>
      <input_file id="fl-101">
         <path>/Users/xiulin/ti/ti-cgt-arm_18.12.5.LTS/lib/</path>
         <kind>archive</kind>
         <file>rtsv7M3_T_le_eabi.lib</file>
         <name>copy_decompress_lzss.c.obj</name>
      </input_file>
      <input_file id="fl-102">
         <path>/Users/xiulin/ti/ti-cgt-arm_18.12.5.LTS/lib/</path>
         <kind>archive</kind>
         <file>rtsv7M3_T_le_eabi.lib</file>
         <name>memory.c.obj</name>
      </input_file>
      <input_file id="fl-103">
         <path>/Users/xiulin/ti/ti-cgt-arm_18.12.5.LTS/lib/</path>
         <kind>archive</kind>
         <file>rtsv7M3_T_le_eabi.lib</file>
         <name>strlen.c.obj</name>
      </input_file>
      <input_file id="fl-104">
         <path>/Users/xiulin/ti/ti-cgt-arm_18.12.5.LTS/lib/</path>
         <kind>archive</kind>
         <file>rtsv7M3_T_le_eabi.lib</file>
         <name>boot_cortex_m.c.obj</name>
      </input_file>
      <input_file id="fl-105">
         <path>/Users/xiulin/ti/ti-cgt-arm_18.12.5.LTS/lib/</path>
         <kind>archive</kind>
         <file>rtsv7M3_T_le_eabi.lib</file>
         <name>div0.asm.obj</name>
      </input_file>
      <input_file id="fl-106">
         <path>/Users/xiulin/ti/ti-cgt-arm_18.12.5.LTS/lib/</path>
         <kind>archive</kind>
         <file>rtsv7M3_T_le_eabi.lib</file>
         <name>memset_t2.asm.obj</name>
      </input_file>
      <input_file id="fl-107">
         <path>/Users/xiulin/ti/ti-cgt-arm_18.12.5.LTS/lib/</path>
         <kind>archive</kind>
         <file>rtsv7M3_T_le_eabi.lib</file>
         <name>autoinit.c.obj</name>
      </input_file>
      <input_file id="fl-108">
         <path>/Users/xiulin/ti/ti-cgt-arm_18.12.5.LTS/lib/</path>
         <kind>archive</kind>
         <file>rtsv7M3_T_le_eabi.lib</file>
         <name>pre_init.c.obj</name>
      </input_file>
      <input_file id="fl-109">
         <path>/Users/xiulin/ti/ti-cgt-arm_18.12.5.LTS/lib/</path>
         <kind>archive</kind>
         <file>rtsv7M3_T_le_eabi.lib</file>
         <name>cpy_tbl.c.obj</name>
      </input_file>
      <input_file id="fl-10a">
         <path>/Users/xiulin/ti/ti-cgt-arm_18.12.5.LTS/lib/</path>
         <kind>archive</kind>
         <file>rtsv7M3_T_le_eabi.lib</file>
         <name>exit.c.obj</name>
      </input_file>
      <input_file id="fl-10b">
         <path>/Users/xiulin/ti/ti-cgt-arm_18.12.5.LTS/lib/</path>
         <kind>archive</kind>
         <file>rtsv7M3_T_le_eabi.lib</file>
         <name>_lock.c.obj</name>
      </input_file>
      <input_file id="fl-10c">
         <path>/Users/xiulin/ti/ti-cgt-arm_18.12.5.LTS/lib/</path>
         <kind>archive</kind>
         <file>rtsv7M3_T_le_eabi.lib</file>
         <name>args_main.c.obj</name>
      </input_file>
   </input_file_list>
   <object_component_list>
      <object_component id="oc-15">
         <name>.intvecs</name>
         <load_address>0x0</load_address>
         <run_address>0x0</run_address>
         <size>0xc8</size>
         <input_file_ref idref="fl-2f"/>
      </object_component>
      <object_component id="oc-786">
         <name>.text:PowerCC26XX_auxISR</name>
         <load_address>0xc8</load_address>
         <run_address>0xc8</run_address>
         <size>0x30c</size>
         <input_file_ref idref="fl-1c"/>
      </object_component>
      <object_component id="oc-8e8">
         <name>.text:NOROM_SysCtrlSetRechargeBeforePowerDown</name>
         <load_address>0x3d4</load_address>
         <run_address>0x3d4</run_address>
         <size>0x238</size>
         <input_file_ref idref="fl-35"/>
      </object_component>
      <object_component id="oc-75b">
         <name>.text:Power_sleep</name>
         <load_address>0x60c</load_address>
         <run_address>0x60c</run_address>
         <size>0x224</size>
         <input_file_ref idref="fl-1b"/>
      </object_component>
      <object_component id="oc-3d9">
         <name>.text:PIN_init</name>
         <load_address>0x830</load_address>
         <run_address>0x830</run_address>
         <size>0x1b0</size>
         <input_file_ref idref="fl-1a"/>
      </object_component>
      <object_component id="oc-774">
         <name>.text:PowerCC26XX_doCalibrate</name>
         <load_address>0x9e0</load_address>
         <run_address>0x9e0</run_address>
         <size>0x190</size>
         <input_file_ref idref="fl-1c"/>
      </object_component>
      <object_component id="oc-6c8">
         <name>.text:UARTCC26XX_open</name>
         <load_address>0xb70</load_address>
         <run_address>0xb70</run_address>
         <size>0x164</size>
         <input_file_ref idref="fl-22"/>
      </object_component>
      <object_component id="oc-838">
         <name>.text:UARTCC26XX_hwiIntFxn</name>
         <load_address>0xcd4</load_address>
         <run_address>0xcd4</run_address>
         <size>0x148</size>
         <input_file_ref idref="fl-22"/>
      </object_component>
      <object_component id="oc-6ce">
         <name>.text:UARTCC26XX_read</name>
         <load_address>0xe1c</load_address>
         <run_address>0xe1c</run_address>
         <size>0x136</size>
         <input_file_ref idref="fl-22"/>
      </object_component>
      <object_component id="oc-9d3">
         <name>.text:IntDefaultHandler</name>
         <load_address>0xf52</load_address>
         <run_address>0xf52</run_address>
         <size>0x2</size>
         <input_file_ref idref="fl-3a"/>
      </object_component>
      <object_component id="oc-121">
         <name>.text:NOROM_SetupAfterColdResetWakeupFromShutDownCfg3</name>
         <load_address>0xf54</load_address>
         <run_address>0xf54</run_address>
         <size>0x12c</size>
         <input_file_ref idref="fl-39"/>
      </object_component>
      <object_component id="oc-7f1">
         <name>.text:aligned_alloc</name>
         <load_address>0x1080</load_address>
         <run_address>0x1080</run_address>
         <size>0x118</size>
         <input_file_ref idref="fl-102"/>
      </object_component>
      <object_component id="oc-3d3">
         <name>.text:Power_init</name>
         <load_address>0x1198</load_address>
         <run_address>0x1198</run_address>
         <size>0x114</size>
         <input_file_ref idref="fl-1b"/>
      </object_component>
      <object_component id="oc-380">
         <name>.text:GPIO_setConfig</name>
         <load_address>0x12ac</load_address>
         <run_address>0x12ac</run_address>
         <size>0x110</size>
         <input_file_ref idref="fl-17"/>
      </object_component>
      <object_component id="oc-4d7">
         <name>.text:PINCC26XX_setIoCfg</name>
         <load_address>0x13bc</load_address>
         <run_address>0x13bc</run_address>
         <size>0x110</size>
         <input_file_ref idref="fl-1a"/>
      </object_component>
      <object_component id="oc-5c2">
         <name>.text:PowerCC26XX_standbyPolicy</name>
         <load_address>0x14cc</load_address>
         <run_address>0x14cc</run_address>
         <size>0x100</size>
         <input_file_ref idref="fl-2e"/>
      </object_component>
      <object_component id="oc-11b">
         <name>.text:NOROM_SetupAfterColdResetWakeupFromShutDownCfg2</name>
         <load_address>0x15cc</load_address>
         <run_address>0x15cc</run_address>
         <size>0xf0</size>
         <input_file_ref idref="fl-39"/>
      </object_component>
      <object_component id="oc-52c">
         <name>.text:free</name>
         <load_address>0x16bc</load_address>
         <run_address>0x16bc</run_address>
         <size>0xe8</size>
         <input_file_ref idref="fl-102"/>
      </object_component>
      <object_component id="oc-6e0">
         <name>.text:UARTCC26XX_write</name>
         <load_address>0x17a4</load_address>
         <run_address>0x17a4</run_address>
         <size>0xe2</size>
         <input_file_ref idref="fl-22"/>
      </object_component>
      <object_component id="oc-811">
         <name>.text:SemaphoreP_destruct</name>
         <load_address>0x1886</load_address>
         <run_address>0x1886</run_address>
         <size>0x2</size>
         <input_file_ref idref="fl-28"/>
      </object_component>
      <object_component id="oc-4f5">
         <name>.text:SwiP_construct</name>
         <load_address>0x1888</load_address>
         <run_address>0x1888</run_address>
         <size>0xd8</size>
         <input_file_ref idref="fl-29"/>
      </object_component>
      <object_component id="oc-bf">
         <name>.text:TrimAfterColdResetWakeupFromShutDown</name>
         <load_address>0x1960</load_address>
         <run_address>0x1960</run_address>
         <size>0xc8</size>
         <input_file_ref idref="fl-33"/>
      </object_component>
      <object_component id="oc-7ff">
         <name>.text:Power_releaseDependency</name>
         <load_address>0x1a28</load_address>
         <run_address>0x1a28</run_address>
         <size>0xbc</size>
         <input_file_ref idref="fl-1b"/>
      </object_component>
      <object_component id="oc-4cb">
         <name>.text:Power_setDependency</name>
         <load_address>0x1ae4</load_address>
         <run_address>0x1ae4</run_address>
         <size>0xb4</size>
         <input_file_ref idref="fl-1b"/>
      </object_component>
      <object_component id="oc-70b">
         <name>.text:TimerP_construct</name>
         <load_address>0x1b98</load_address>
         <run_address>0x1b98</run_address>
         <size>0xb0</size>
         <input_file_ref idref="fl-2c"/>
      </object_component>
      <object_component id="oc-71d">
         <name>.text:ClockP_workFuncDynamic</name>
         <load_address>0x1c48</load_address>
         <run_address>0x1c48</run_address>
         <size>0xa8</size>
         <input_file_ref idref="fl-2b"/>
      </object_component>
      <object_component id="oc-374">
         <name>.text:GPIO_init</name>
         <load_address>0x1cf0</load_address>
         <run_address>0x1cf0</run_address>
         <size>0xa8</size>
         <input_file_ref idref="fl-17"/>
      </object_component>
      <object_component id="oc-72">
         <name>.text:NOROM_SetupTrimDevice</name>
         <load_address>0x1d98</load_address>
         <run_address>0x1d98</run_address>
         <size>0xa8</size>
         <input_file_ref idref="fl-33"/>
      </object_component>
      <object_component id="oc-115">
         <name>.text:NOROM_SetupAfterColdResetWakeupFromShutDownCfg1</name>
         <load_address>0x1e40</load_address>
         <run_address>0x1e40</run_address>
         <size>0xa4</size>
         <input_file_ref idref="fl-39"/>
      </object_component>
      <object_component id="oc-820">
         <name>.text:UARTCC26XX_initHw</name>
         <load_address>0x1ee4</load_address>
         <run_address>0x1ee4</run_address>
         <size>0xa4</size>
         <input_file_ref idref="fl-22"/>
      </object_component>
      <object_component id="oc-4a3">
         <name>.text:switchXOSCHFclockFunc</name>
         <load_address>0x1f88</load_address>
         <run_address>0x1f88</run_address>
         <size>0xa4</size>
         <input_file_ref idref="fl-1b"/>
      </object_component>
      <object_component id="oc-407">
         <name>.text:PIN_open</name>
         <load_address>0x202c</load_address>
         <run_address>0x202c</run_address>
         <size>0xa0</size>
         <input_file_ref idref="fl-1a"/>
      </object_component>
      <object_component id="oc-7cb">
         <name>.text:SwiP_dispatch</name>
         <load_address>0x20cc</load_address>
         <run_address>0x20cc</run_address>
         <size>0xa0</size>
         <input_file_ref idref="fl-29"/>
      </object_component>
      <object_component id="oc-59e">
         <name>.text:ClockP_startup</name>
         <load_address>0x216c</load_address>
         <run_address>0x216c</run_address>
         <size>0x9c</size>
         <input_file_ref idref="fl-2b"/>
      </object_component>
      <object_component id="oc-54">
         <name>.text</name>
         <load_address>0x2208</load_address>
         <run_address>0x2208</run_address>
         <size>0x9c</size>
         <input_file_ref idref="fl-fd"/>
      </object_component>
      <object_component id="oc-401">
         <name>.text:SemaphoreP_pend</name>
         <load_address>0x22a4</load_address>
         <run_address>0x22a4</run_address>
         <size>0x98</size>
         <input_file_ref idref="fl-28"/>
      </object_component>
      <object_component id="oc-826">
         <name>.text:UARTCC26XX_initIO</name>
         <load_address>0x233c</load_address>
         <run_address>0x233c</run_address>
         <size>0x98</size>
         <input_file_ref idref="fl-22"/>
      </object_component>
      <object_component id="oc-734">
         <name>.text</name>
         <load_address>0x23d4</load_address>
         <run_address>0x23d4</run_address>
         <size>0x96</size>
         <input_file_ref idref="fl-fe"/>
      </object_component>
      <object_component id="oc-6ec">
         <name>.text:UARTCC26XX_writeCancel</name>
         <load_address>0x246a</load_address>
         <run_address>0x246a</run_address>
         <size>0x8e</size>
         <input_file_ref idref="fl-22"/>
      </object_component>
      <object_component id="oc-664">
         <name>.text:CC1310_LAUNCHXL_sendExtFlashByte</name>
         <load_address>0x24f8</load_address>
         <run_address>0x24f8</run_address>
         <size>0x84</size>
         <input_file_ref idref="fl-2"/>
      </object_component>
      <object_component id="oc-6b6">
         <name>.text:UARTCC26XX_close</name>
         <load_address>0x257c</load_address>
         <run_address>0x257c</run_address>
         <size>0x84</size>
         <input_file_ref idref="fl-22"/>
      </object_component>
      <object_component id="oc-2f1">
         <name>.text:mainThread</name>
         <load_address>0x2600</load_address>
         <run_address>0x2600</run_address>
         <size>0x84</size>
         <input_file_ref idref="fl-5"/>
      </object_component>
      <object_component id="oc-494">
         <name>.text:ClockP_start</name>
         <load_address>0x2684</load_address>
         <run_address>0x2684</run_address>
         <size>0x80</size>
         <input_file_ref idref="fl-2b"/>
      </object_component>
      <object_component id="oc-882">
         <name>.text:writeTxFifoFlush</name>
         <load_address>0x2704</load_address>
         <run_address>0x2704</run_address>
         <size>0x80</size>
         <input_file_ref idref="fl-22"/>
      </object_component>
      <object_component id="oc-4e9">
         <name>.text:HwiP_construct</name>
         <load_address>0x2784</load_address>
         <run_address>0x2784</run_address>
         <size>0x78</size>
         <input_file_ref idref="fl-2d"/>
      </object_component>
      <object_component id="oc-8a7">
         <name>.text:ClockP_walkQueueDynamic</name>
         <load_address>0x27fc</load_address>
         <run_address>0x27fc</run_address>
         <size>0x74</size>
         <input_file_ref idref="fl-2b"/>
      </object_component>
      <object_component id="oc-26c">
         <name>.text:NOROM_SetupSetVddrLevel</name>
         <load_address>0x2870</load_address>
         <run_address>0x2870</run_address>
         <size>0x74</size>
         <input_file_ref idref="fl-39"/>
      </object_component>
      <object_component id="oc-99e">
         <name>.text:TimerP_start</name>
         <load_address>0x28e4</load_address>
         <run_address>0x28e4</run_address>
         <size>0x70</size>
         <input_file_ref idref="fl-2c"/>
      </object_component>
      <object_component id="oc-93d">
         <name>.text:split</name>
         <load_address>0x2954</load_address>
         <run_address>0x2954</run_address>
         <size>0x70</size>
         <input_file_ref idref="fl-102"/>
      </object_component>
      <object_component id="oc-77a">
         <name>.text:PowerCC26XX_initiateCalibration</name>
         <load_address>0x29c4</load_address>
         <run_address>0x29c4</run_address>
         <size>0x6c</size>
         <input_file_ref idref="fl-1c"/>
      </object_component>
      <object_component id="oc-297">
         <name>.text:NOROM_SetupGetTrimForAmpcompCtrl</name>
         <load_address>0x2a30</load_address>
         <run_address>0x2a30</run_address>
         <size>0x68</size>
         <input_file_ref idref="fl-39"/>
      </object_component>
      <object_component id="oc-273">
         <name>.text:NOROM_SetupGetTrimForAnabypassValue1</name>
         <load_address>0x2a98</load_address>
         <run_address>0x2a98</run_address>
         <size>0x68</size>
         <input_file_ref idref="fl-39"/>
      </object_component>
      <object_component id="oc-8f4">
         <name>.text:NOROM_SysCtrlAdjustRechargeAfterPowerDown</name>
         <load_address>0x2b00</load_address>
         <run_address>0x2b00</run_address>
         <size>0x68</size>
         <input_file_ref idref="fl-35"/>
      </object_component>
      <object_component id="oc-749">
         <name>.text:NOROM_SysCtrl_DCDC_VoltageConditionalControl</name>
         <load_address>0x2b68</load_address>
         <run_address>0x2b68</run_address>
         <size>0x68</size>
         <input_file_ref idref="fl-35"/>
      </object_component>
      <object_component id="oc-436">
         <name>.text:PIN_add</name>
         <load_address>0x2bd0</load_address>
         <run_address>0x2bd0</run_address>
         <size>0x68</size>
         <input_file_ref idref="fl-1a"/>
      </object_component>
      <object_component id="oc-7d2">
         <name>.text:SwiP_post</name>
         <load_address>0x2c38</load_address>
         <run_address>0x2c38</run_address>
         <size>0x68</size>
         <input_file_ref idref="fl-29"/>
      </object_component>
      <object_component id="oc-18">
         <name>.text:decompress:lzss:__TI_decompress_lzss</name>
         <load_address>0x2ca0</load_address>
         <run_address>0x2ca0</run_address>
         <size>0x68</size>
         <input_file_ref idref="fl-101"/>
      </object_component>
      <object_component id="oc-4a9">
         <name>.text:lfClockReadyCallback</name>
         <load_address>0x2d08</load_address>
         <run_address>0x2d08</run_address>
         <size>0x68</size>
         <input_file_ref idref="fl-1b"/>
      </object_component>
      <object_component id="oc-5dd">
         <name>.text:NOROM_OSCHF_AttemptToSwitchToXosc</name>
         <load_address>0x2d70</load_address>
         <run_address>0x2d70</run_address>
         <size>0x64</size>
         <input_file_ref idref="fl-3b"/>
      </object_component>
      <object_component id="oc-5ff">
         <name>.text:configureXOSCHF</name>
         <load_address>0x2dd4</load_address>
         <run_address>0x2dd4</run_address>
         <size>0x64</size>
         <input_file_ref idref="fl-1b"/>
      </object_component>
      <object_component id="oc-2d5">
         <name>.text:NOROM_OSCClockSourceSet</name>
         <load_address>0x2e38</load_address>
         <run_address>0x2e38</run_address>
         <size>0x60</size>
         <input_file_ref idref="fl-3b"/>
      </object_component>
      <object_component id="oc-5c8">
         <name>.text:PowerCC26XX_calibrate</name>
         <load_address>0x2e98</load_address>
         <run_address>0x2e98</run_address>
         <size>0x60</size>
         <input_file_ref idref="fl-1b"/>
      </object_component>
      <object_component id="oc-6bc">
         <name>.text:UARTCC26XX_control</name>
         <load_address>0x2ef8</load_address>
         <run_address>0x2ef8</run_address>
         <size>0x60</size>
         <input_file_ref idref="fl-22"/>
      </object_component>
      <object_component id="oc-83e">
         <name>.text:UARTCC26XX_swiIntFxn</name>
         <load_address>0x2f58</load_address>
         <run_address>0x2f58</run_address>
         <size>0x5e</size>
         <input_file_ref idref="fl-22"/>
      </object_component>
      <object_component id="oc-457">
         <name>.text:_nop</name>
         <load_address>0x2fb6</load_address>
         <run_address>0x2fb6</run_address>
         <size>0x2</size>
         <input_file_ref idref="fl-10b"/>
      </object_component>
      <object_component id="oc-780">
         <name>.text:PowerCC26XX_RCOSC_clockFunc</name>
         <load_address>0x2fb8</load_address>
         <run_address>0x2fb8</run_address>
         <size>0x5c</size>
         <input_file_ref idref="fl-1c"/>
      </object_component>
      <object_component id="oc-7e6">
         <name>.text:PIN_remove</name>
         <load_address>0x3014</load_address>
         <run_address>0x3014</run_address>
         <size>0x58</size>
         <input_file_ref idref="fl-1a"/>
      </object_component>
      <object_component id="oc-386">
         <name>.text:GPIO_write</name>
         <load_address>0x306c</load_address>
         <run_address>0x306c</run_address>
         <size>0x54</size>
         <input_file_ref idref="fl-17"/>
      </object_component>
      <object_component id="oc-b9">
         <name>.text:NOROM_SetupSetCacheModeAccordingToCcfgSetting</name>
         <load_address>0x30c0</load_address>
         <run_address>0x30c0</run_address>
         <size>0x50</size>
         <input_file_ref idref="fl-39"/>
      </object_component>
      <object_component id="oc-614">
         <name>.text:SemaphoreP_construct</name>
         <load_address>0x3110</load_address>
         <run_address>0x3110</run_address>
         <size>0x50</size>
         <input_file_ref idref="fl-28"/>
      </object_component>
      <object_component id="oc-87c">
         <name>.text:startTxFifoEmptyClk</name>
         <load_address>0x3160</load_address>
         <run_address>0x3160</run_address>
         <size>0x50</size>
         <input_file_ref idref="fl-22"/>
      </object_component>
      <object_component id="oc-65e">
         <name>.text:CC1310_LAUNCHXL_wakeUpExtFlash</name>
         <load_address>0x31b0</load_address>
         <run_address>0x31b0</run_address>
         <size>0x4c</size>
         <input_file_ref idref="fl-2"/>
      </object_component>
      <object_component id="oc-6da">
         <name>.text:UARTCC26XX_readCancel</name>
         <load_address>0x31fc</load_address>
         <run_address>0x31fc</run_address>
         <size>0x4a</size>
         <input_file_ref idref="fl-22"/>
      </object_component>
      <object_component id="oc-54b">
         <name>.text:clkFxn</name>
         <load_address>0x3246</load_address>
         <run_address>0x3246</run_address>
         <size>0x2</size>
         <input_file_ref idref="fl-28"/>
      </object_component>
      <object_component id="oc-47c">
         <name>.text:ClockP_construct</name>
         <load_address>0x3248</load_address>
         <run_address>0x3248</run_address>
         <size>0x48</size>
         <input_file_ref idref="fl-2b"/>
      </object_component>
      <object_component id="oc-988">
         <name>.text:PIN_setOutputEnable</name>
         <load_address>0x3290</load_address>
         <run_address>0x3290</run_address>
         <size>0x48</size>
         <input_file_ref idref="fl-1a"/>
      </object_component>
      <object_component id="oc-850">
         <name>.text:writeFinishedDoCallback</name>
         <load_address>0x32d8</load_address>
         <run_address>0x32d8</run_address>
         <size>0x48</size>
         <input_file_ref idref="fl-22"/>
      </object_component>
      <object_component id="oc-9e4">
         <name>.text:RingBuf_put</name>
         <load_address>0x3320</load_address>
         <run_address>0x3320</run_address>
         <size>0x44</size>
         <input_file_ref idref="fl-25"/>
      </object_component>
      <object_component id="oc-8ee">
         <name>.text:SwiP_restore</name>
         <load_address>0x3364</load_address>
         <run_address>0x3364</run_address>
         <size>0x44</size>
         <input_file_ref idref="fl-29"/>
      </object_component>
      <object_component id="oc-304">
         <name>.text:__TI_auto_init_nobinit_nopinit:__TI_auto_init_nobinit_nopinit</name>
         <load_address>0x33a8</load_address>
         <run_address>0x33a8</run_address>
         <size>0x44</size>
         <input_file_ref idref="fl-107"/>
      </object_component>
      <object_component id="oc-510">
         <name>.text:CC1310_LAUNCHXL_shutDownExtFlash</name>
         <load_address>0x33ec</load_address>
         <run_address>0x33ec</run_address>
         <size>0x40</size>
         <input_file_ref idref="fl-2"/>
      </object_component>
      <object_component id="oc-10d">
         <name>.text:NOROM_ChipInfo_GetHwRevision</name>
         <load_address>0x342c</load_address>
         <run_address>0x342c</run_address>
         <size>0x40</size>
         <input_file_ref idref="fl-32"/>
      </object_component>
      <object_component id="oc-507">
         <name>.text:PIN_swi</name>
         <load_address>0x346c</load_address>
         <run_address>0x346c</run_address>
         <size>0x40</size>
         <input_file_ref idref="fl-1a"/>
      </object_component>
      <object_component id="oc-37a">
         <name>.text:UART_init</name>
         <load_address>0x34ac</load_address>
         <run_address>0x34ac</run_address>
         <size>0x40</size>
         <input_file_ref idref="fl-21"/>
      </object_component>
      <object_component id="oc-392">
         <name>.text:UART_open</name>
         <load_address>0x34ec</load_address>
         <run_address>0x34ec</run_address>
         <size>0x40</size>
         <input_file_ref idref="fl-21"/>
      </object_component>
      <object_component id="oc-861">
         <name>.text:RingBuf_get</name>
         <load_address>0x352c</load_address>
         <run_address>0x352c</run_address>
         <size>0x3e</size>
         <input_file_ref idref="fl-25"/>
      </object_component>
      <object_component id="oc-49d">
         <name>.text:emptyClockFunc</name>
         <load_address>0x356a</load_address>
         <run_address>0x356a</run_address>
         <size>0x2</size>
         <input_file_ref idref="fl-1b"/>
      </object_component>
      <object_component id="oc-413">
         <name>.text:GPIO_setCallback</name>
         <load_address>0x356c</load_address>
         <run_address>0x356c</run_address>
         <size>0x3c</size>
         <input_file_ref idref="fl-17"/>
      </object_component>
      <object_component id="oc-908">
         <name>.text:NOROM_OSC_HPOSCRelativeFrequencyOffsetGet</name>
         <load_address>0x35a8</load_address>
         <run_address>0x35a8</run_address>
         <size>0x3c</size>
         <input_file_ref idref="fl-3b"/>
      </object_component>
      <object_component id="oc-419">
         <name>.text:SemaphoreP_post</name>
         <load_address>0x35e4</load_address>
         <run_address>0x35e4</run_address>
         <size>0x3c</size>
         <input_file_ref idref="fl-28"/>
      </object_component>
      <object_component id="oc-488">
         <name>.text:disableLfClkQualifiersEnableClkLoss</name>
         <load_address>0x3620</load_address>
         <run_address>0x3620</run_address>
         <size>0x3c</size>
         <input_file_ref idref="fl-1b"/>
      </object_component>
      <object_component id="oc-43c">
         <name>.text:PIN_setConfig</name>
         <load_address>0x365c</load_address>
         <run_address>0x365c</run_address>
         <size>0x38</size>
         <input_file_ref idref="fl-1a"/>
      </object_component>
      <object_component id="oc-7da">
         <name>.text:PIN_setOutputValue</name>
         <load_address>0x3694</load_address>
         <run_address>0x3694</run_address>
         <size>0x38</size>
         <input_file_ref idref="fl-1a"/>
      </object_component>
      <object_component id="oc-971">
         <name>.text:readData</name>
         <load_address>0x36cc</load_address>
         <run_address>0x36cc</run_address>
         <size>0x38</size>
         <input_file_ref idref="fl-22"/>
      </object_component>
      <object_component id="oc-876">
         <name>.text:writeData</name>
         <load_address>0x3704</load_address>
         <run_address>0x3704</run_address>
         <size>0x38</size>
         <input_file_ref idref="fl-22"/>
      </object_component>
      <object_component id="oc-741">
         <name>.text:TimerP_setNextTick</name>
         <load_address>0x373c</load_address>
         <run_address>0x373c</run_address>
         <size>0x36</size>
         <input_file_ref idref="fl-2c"/>
      </object_component>
      <object_component id="oc-3a">
         <name>.text:faultISR</name>
         <load_address>0x3772</load_address>
         <run_address>0x3772</run_address>
         <size>0x2</size>
         <input_file_ref idref="fl-2f"/>
      </object_component>
      <object_component id="oc-74f">
         <name>.text:ClockP_getTicksUntilInterrupt</name>
         <load_address>0x3774</load_address>
         <run_address>0x3774</run_address>
         <size>0x34</size>
         <input_file_ref idref="fl-2b"/>
      </object_component>
      <object_component id="oc-61e">
         <name>.text:NOROM_IntRegister</name>
         <load_address>0x37a8</load_address>
         <run_address>0x37a8</run_address>
         <size>0x34</size>
         <input_file_ref idref="fl-3a"/>
      </object_component>
      <object_component id="oc-7a7">
         <name>.text:NOROM_OSCHF_SwitchToRcOscTurnOffXosc</name>
         <load_address>0x37dc</load_address>
         <run_address>0x37dc</run_address>
         <size>0x34</size>
         <input_file_ref idref="fl-3b"/>
      </object_component>
      <object_component id="oc-5e4">
         <name>.text:Power_releaseConstraint</name>
         <load_address>0x3810</load_address>
         <run_address>0x3810</run_address>
         <size>0x34</size>
         <input_file_ref idref="fl-1b"/>
      </object_component>
      <object_component id="oc-80b">
         <name>.text:SwiP_destruct</name>
         <load_address>0x3844</load_address>
         <run_address>0x3844</run_address>
         <size>0x34</size>
         <input_file_ref idref="fl-29"/>
      </object_component>
      <object_component id="oc-892">
         <name>.text:TimerP_initDevice</name>
         <load_address>0x3878</load_address>
         <run_address>0x3878</run_address>
         <size>0x34</size>
         <input_file_ref idref="fl-2c"/>
      </object_component>
      <object_component id="oc-5d1">
         <name>.text:notify</name>
         <load_address>0x38ac</load_address>
         <run_address>0x38ac</run_address>
         <size>0x34</size>
         <input_file_ref idref="fl-1b"/>
      </object_component>
      <object_component id="oc-422">
         <name>.text:GPIO_hwiIntFxn</name>
         <load_address>0x38e0</load_address>
         <run_address>0x38e0</run_address>
         <size>0x30</size>
         <input_file_ref idref="fl-17"/>
      </object_component>
      <object_component id="oc-4b9">
         <name>.text:NOROM_ChipInfo_GetChipType</name>
         <load_address>0x3910</load_address>
         <run_address>0x3910</run_address>
         <size>0x30</size>
         <input_file_ref idref="fl-32"/>
      </object_component>
      <object_component id="oc-2c1">
         <name>.text:NOROM_SetupGetTrimForRadcExtCfg</name>
         <load_address>0x3940</load_address>
         <run_address>0x3940</run_address>
         <size>0x30</size>
         <input_file_ref idref="fl-39"/>
      </object_component>
      <object_component id="oc-2db">
         <name>.text:NOROM_SetupSetAonRtcSubSecInc</name>
         <load_address>0x3970</load_address>
         <run_address>0x3970</run_address>
         <size>0x30</size>
         <input_file_ref idref="fl-39"/>
      </object_component>
      <object_component id="oc-961">
         <name>.text:PINCC26XX_setMux</name>
         <load_address>0x39a0</load_address>
         <run_address>0x39a0</run_address>
         <size>0x30</size>
         <input_file_ref idref="fl-1a"/>
      </object_component>
      <object_component id="oc-482">
         <name>.text:Power_setConstraint</name>
         <load_address>0x39d0</load_address>
         <run_address>0x39d0</run_address>
         <size>0x30</size>
         <input_file_ref idref="fl-1b"/>
      </object_component>
      <object_component id="oc-5af">
         <name>.text:TimerP_getCurrentTick</name>
         <load_address>0x3a00</load_address>
         <run_address>0x3a00</run_address>
         <size>0x30</size>
         <input_file_ref idref="fl-2c"/>
      </object_component>
      <object_component id="oc-8c6">
         <name>.text:TimerP_setThreshold</name>
         <load_address>0x3a30</load_address>
         <run_address>0x3a30</run_address>
         <size>0x30</size>
         <input_file_ref idref="fl-2c"/>
      </object_component>
      <object_component id="oc-977">
         <name>.text:readData2RingBuf</name>
         <load_address>0x3a60</load_address>
         <run_address>0x3a60</run_address>
         <size>0x30</size>
         <input_file_ref idref="fl-22"/>
      </object_component>
      <object_component id="oc-624">
         <name>.text:HwiP_dispatch</name>
         <load_address>0x3a90</load_address>
         <run_address>0x3a90</run_address>
         <size>0x2c</size>
         <input_file_ref idref="fl-2d"/>
      </object_component>
      <object_component id="oc-279">
         <name>.text:NOROM_DDI32RegWrite</name>
         <load_address>0x3abc</load_address>
         <run_address>0x3abc</run_address>
         <size>0x2c</size>
         <input_file_ref idref="fl-3f"/>
      </object_component>
      <object_component id="oc-2cf">
         <name>.text:NOROM_OSCClockSourceGet</name>
         <load_address>0x3ae8</load_address>
         <run_address>0x3ae8</run_address>
         <size>0x2c</size>
         <input_file_ref idref="fl-3b"/>
      </object_component>
      <object_component id="oc-902">
         <name>.text:NOROM_AONBatMonTemperatureGetDegC</name>
         <load_address>0x3b14</load_address>
         <run_address>0x3b14</run_address>
         <size>0x28</size>
         <input_file_ref idref="fl-3c"/>
      </object_component>
      <object_component id="oc-832">
         <name>.text:Power_registerNotify</name>
         <load_address>0x3b3c</load_address>
         <run_address>0x3b3c</run_address>
         <size>0x28</size>
         <input_file_ref idref="fl-1b"/>
      </object_component>
      <object_component id="oc-78f">
         <name>.text:SafeHapiVoid</name>
         <load_address>0x3b64</load_address>
         <run_address>0x3b64</run_address>
         <size>0x28</size>
         <input_file_ref idref="fl-3d"/>
      </object_component>
      <object_component id="oc-696">
         <name>.text:free_list_insert</name>
         <load_address>0x3b8c</load_address>
         <run_address>0x3b8c</run_address>
         <size>0x28</size>
         <input_file_ref idref="fl-102"/>
      </object_component>
      <object_component id="oc-5bb">
         <name>.text:ClockP_getTicks</name>
         <load_address>0x3bb4</load_address>
         <run_address>0x3bb4</run_address>
         <size>0x24</size>
         <input_file_ref idref="fl-2b"/>
      </object_component>
      <object_component id="oc-5b5">
         <name>.text:ClockP_scheduleNextTick</name>
         <load_address>0x3bd8</load_address>
         <run_address>0x3bd8</run_address>
         <size>0x24</size>
         <input_file_ref idref="fl-2b"/>
      </object_component>
      <object_component id="oc-950">
         <name>.text:List_remove</name>
         <load_address>0x3bfc</load_address>
         <run_address>0x3bfc</run_address>
         <size>0x24</size>
         <input_file_ref idref="fl-24"/>
      </object_component>
      <object_component id="oc-4dd">
         <name>.text:PINCC26XX_setIoCfgMux</name>
         <load_address>0x3c20</load_address>
         <run_address>0x3c20</run_address>
         <size>0x24</size>
         <input_file_ref idref="fl-1a"/>
      </object_component>
      <object_component id="oc-711">
         <name>.text:TimerP_getMaxTicks</name>
         <load_address>0x3c44</load_address>
         <run_address>0x3c44</run_address>
         <size>0x24</size>
         <input_file_ref idref="fl-2c"/>
      </object_component>
      <object_component id="oc-d8">
         <name>.text:_c_int00:_c_int00</name>
         <load_address>0x3c68</load_address>
         <run_address>0x3c68</run_address>
         <size>0x24</size>
         <input_file_ref idref="fl-104"/>
      </object_component>
      <object_component id="oc-96a">
         <name>.text:List_put</name>
         <load_address>0x3c8c</load_address>
         <run_address>0x3c8c</run_address>
         <size>0x22</size>
         <input_file_ref idref="fl-24"/>
      </object_component>
      <object_component id="oc-40">
         <name>.text:intDefaultHandler</name>
         <load_address>0x3cae</load_address>
         <run_address>0x3cae</run_address>
         <size>0x2</size>
         <input_file_ref idref="fl-2f"/>
      </object_component>
      <object_component id="oc-533">
         <name>.text:ClockP_add</name>
         <load_address>0x3cb0</load_address>
         <run_address>0x3cb0</run_address>
         <size>0x20</size>
         <input_file_ref idref="fl-2b"/>
      </object_component>
      <object_component id="oc-2a9">
         <name>.text:NOROM_SetupGetTrimForXoscHfCtl</name>
         <load_address>0x3cd0</load_address>
         <run_address>0x3cd0</run_address>
         <size>0x20</size>
         <input_file_ref idref="fl-39"/>
      </object_component>
      <object_component id="oc-817">
         <name>.text:Power_unregisterNotify</name>
         <load_address>0x3cf0</load_address>
         <run_address>0x3cf0</run_address>
         <size>0x20</size>
         <input_file_ref idref="fl-1b"/>
      </object_component>
      <object_component id="oc-86d">
         <name>.text:threadSafeStdbyDisRelease</name>
         <load_address>0x3d10</load_address>
         <run_address>0x3d10</run_address>
         <size>0x20</size>
         <input_file_ref idref="fl-22"/>
      </object_component>
      <object_component id="oc-867">
         <name>.text:threadSafeStdbyDisSet</name>
         <load_address>0x3d30</load_address>
         <run_address>0x3d30</run_address>
         <size>0x20</size>
         <input_file_ref idref="fl-22"/>
      </object_component>
      <object_component id="oc-66a">
         <name>.text:PIN_close</name>
         <load_address>0x3d50</load_address>
         <run_address>0x3d50</run_address>
         <size>0x1e</size>
         <input_file_ref idref="fl-1a"/>
      </object_component>
      <object_component id="oc-755">
         <name>.text:Power_getTransitionLatency</name>
         <load_address>0x3d6e</load_address>
         <run_address>0x3d6e</run_address>
         <size>0x1e</size>
         <input_file_ref idref="fl-1b"/>
      </object_component>
      <object_component id="oc-4d1">
         <name>.text:SemaphoreP_constructBinary</name>
         <load_address>0x3d8c</load_address>
         <run_address>0x3d8c</run_address>
         <size>0x1e</size>
         <input_file_ref idref="fl-28"/>
      </object_component>
      <object_component id="oc-34">
         <name>.text:nmiISR</name>
         <load_address>0x3daa</load_address>
         <run_address>0x3daa</run_address>
         <size>0x2</size>
         <input_file_ref idref="fl-2f"/>
      </object_component>
      <object_component id="oc-36c">
         <name>.text:CC1310_LAUNCHXL_initGeneral</name>
         <load_address>0x3dac</load_address>
         <run_address>0x3dac</run_address>
         <size>0x1c</size>
         <input_file_ref idref="fl-1"/>
      </object_component>
      <object_component id="oc-805">
         <name>.text:HwiP_destruct</name>
         <load_address>0x3dc8</load_address>
         <run_address>0x3dc8</run_address>
         <size>0x1c</size>
         <input_file_ref idref="fl-2d"/>
      </object_component>
      <object_component id="oc-107">
         <name>.text:NOROM_ChipInfo_GetChipFamily</name>
         <load_address>0x3de4</load_address>
         <run_address>0x3de4</run_address>
         <size>0x1c</size>
         <input_file_ref idref="fl-32"/>
      </object_component>
      <object_component id="oc-28b">
         <name>.text:NOROM_SetupGetTrimForAmpcompTh2</name>
         <load_address>0x3e00</load_address>
         <run_address>0x3e00</run_address>
         <size>0x1c</size>
         <input_file_ref idref="fl-39"/>
      </object_component>
      <object_component id="oc-27f">
         <name>.text:NOROM_SetupGetTrimForRcOscLfRtuneCtuneTrim</name>
         <load_address>0x3e1c</load_address>
         <run_address>0x3e1c</run_address>
         <size>0x1c</size>
         <input_file_ref idref="fl-39"/>
      </object_component>
      <object_component id="oc-501">
         <name>.text:PIN_hwi</name>
         <load_address>0x3e38</load_address>
         <run_address>0x3e38</run_address>
         <size>0x1c</size>
         <input_file_ref idref="fl-1a"/>
      </object_component>
      <object_component id="oc-5a4">
         <name>.text:QueueP_put</name>
         <load_address>0x3e54</load_address>
         <run_address>0x3e54</run_address>
         <size>0x1c</size>
         <input_file_ref idref="fl-30"/>
      </object_component>
      <object_component id="oc-8dc">
         <name>.text:SwiP_disable</name>
         <load_address>0x3e70</load_address>
         <run_address>0x3e70</run_address>
         <size>0x1c</size>
         <input_file_ref idref="fl-29"/>
      </object_component>
      <object_component id="oc-64e">
         <name>.text:SwiP_or</name>
         <load_address>0x3e8c</load_address>
         <run_address>0x3e8c</run_address>
         <size>0x1c</size>
         <input_file_ref idref="fl-29"/>
      </object_component>
      <object_component id="oc-89e">
         <name>.text:TimerP_dynamicStub</name>
         <load_address>0x3ea8</load_address>
         <run_address>0x3ea8</run_address>
         <size>0x1c</size>
         <input_file_ref idref="fl-2c"/>
      </object_component>
      <object_component id="oc-60">
         <name>.text:decompress:ZI:__TI_zero_init_nomemset:__TI_zero_init_nomemset</name>
         <load_address>0x3ec4</load_address>
         <run_address>0x3ec4</run_address>
         <size>0x1c</size>
         <input_file_ref idref="fl-ff"/>
      </object_component>
      <object_component id="oc-690">
         <name>.text:free_list_remove</name>
         <load_address>0x3ee0</load_address>
         <run_address>0x3ee0</run_address>
         <size>0x1c</size>
         <input_file_ref idref="fl-102"/>
      </object_component>
      <object_component id="oc-925">
         <name>.text:QueueP_get</name>
         <load_address>0x3efc</load_address>
         <run_address>0x3efc</run_address>
         <size>0x1a</size>
         <input_file_ref idref="fl-30"/>
      </object_component>
      <object_component id="oc-3e9">
         <name>.text:SemaphoreP_createBinary</name>
         <load_address>0x3f16</load_address>
         <run_address>0x3f16</run_address>
         <size>0x1a</size>
         <input_file_ref idref="fl-28"/>
      </object_component>
      <object_component id="oc-545">
         <name>.text:ClockP_destruct</name>
         <load_address>0x3f30</load_address>
         <run_address>0x3f30</run_address>
         <size>0x18</size>
         <input_file_ref idref="fl-2b"/>
      </object_component>
      <object_component id="oc-558">
         <name>.text:HwiP_inISR</name>
         <load_address>0x3f48</load_address>
         <run_address>0x3f48</run_address>
         <size>0x18</size>
         <input_file_ref idref="fl-2d"/>
      </object_component>
      <object_component id="oc-795">
         <name>.text:NOROM_AONRTCCurrentCompareValueGet</name>
         <load_address>0x3f60</load_address>
         <run_address>0x3f60</run_address>
         <size>0x18</size>
         <input_file_ref idref="fl-38"/>
      </object_component>
      <object_component id="oc-4bf">
         <name>.text:NOROM_ChipInfo_GetPackageType</name>
         <load_address>0x3f78</load_address>
         <run_address>0x3f78</run_address>
         <size>0x18</size>
         <input_file_ref idref="fl-32"/>
      </object_component>
      <object_component id="oc-7a1">
         <name>.text:NOROM_OSCHF_TurnOnXosc</name>
         <load_address>0x3f90</load_address>
         <run_address>0x3f90</run_address>
         <size>0x18</size>
         <input_file_ref idref="fl-3b"/>
      </object_component>
      <object_component id="oc-29d">
         <name>.text:NOROM_SetupGetTrimForAdcShModeEn</name>
         <load_address>0x3fa8</load_address>
         <run_address>0x3fa8</run_address>
         <size>0x18</size>
         <input_file_ref idref="fl-39"/>
      </object_component>
      <object_component id="oc-2a3">
         <name>.text:NOROM_SetupGetTrimForAdcShVbufEn</name>
         <load_address>0x3fc0</load_address>
         <run_address>0x3fc0</run_address>
         <size>0x18</size>
         <input_file_ref idref="fl-39"/>
      </object_component>
      <object_component id="oc-291">
         <name>.text:NOROM_SetupGetTrimForAmpcompTh1</name>
         <load_address>0x3fd8</load_address>
         <run_address>0x3fd8</run_address>
         <size>0x18</size>
         <input_file_ref idref="fl-39"/>
      </object_component>
      <object_component id="oc-2af">
         <name>.text:NOROM_SetupGetTrimForDblrLoopFilterResetVoltage</name>
         <load_address>0x3ff0</load_address>
         <run_address>0x3ff0</run_address>
         <size>0x18</size>
         <input_file_ref idref="fl-39"/>
      </object_component>
      <object_component id="oc-2b5">
         <name>.text:NOROM_SetupGetTrimForRcOscLfIBiasTrim</name>
         <load_address>0x4008</load_address>
         <run_address>0x4008</run_address>
         <size>0x18</size>
         <input_file_ref idref="fl-39"/>
      </object_component>
      <object_component id="oc-2bb">
         <name>.text:NOROM_SetupGetTrimForXoscLfRegulatorAndCmirrwrRatio</name>
         <load_address>0x4020</load_address>
         <run_address>0x4020</run_address>
         <size>0x18</size>
         <input_file_ref idref="fl-39"/>
      </object_component>
      <object_component id="oc-6a8">
         <name>.text:Power_idleFunc</name>
         <load_address>0x4038</load_address>
         <run_address>0x4038</run_address>
         <size>0x18</size>
         <input_file_ref idref="fl-1b"/>
      </object_component>
      <object_component id="oc-38c">
         <name>.text:UART_Params_init</name>
         <load_address>0x4050</load_address>
         <run_address>0x4050</run_address>
         <size>0x18</size>
         <input_file_ref idref="fl-21"/>
      </object_component>
      <object_component id="oc-139">
         <name>.text:_args_main</name>
         <load_address>0x4068</load_address>
         <run_address>0x4068</run_address>
         <size>0x18</size>
         <input_file_ref idref="fl-10c"/>
      </object_component>
      <object_component id="oc-739">
         <name>.text</name>
         <load_address>0x4080</load_address>
         <run_address>0x4080</run_address>
         <size>0x18</size>
         <input_file_ref idref="fl-fc"/>
      </object_component>
      <object_component id="oc-b3">
         <name>.text:NOROM_ThisLibraryIsFor_CC13x0_HwRev20AndLater_HaltIfViolated</name>
         <load_address>0x4098</load_address>
         <run_address>0x4098</run_address>
         <size>0x16</size>
         <input_file_ref idref="fl-32"/>
      </object_component>
      <object_component id="oc-51f">
         <name>.text:SemaphoreP_create</name>
         <load_address>0x40ae</load_address>
         <run_address>0x40ae</run_address>
         <size>0x16</size>
         <input_file_ref idref="fl-28"/>
      </object_component>
      <object_component id="oc-8b1">
         <name>.text:NOROM_AONRTCCurrent64BitValueGet</name>
         <load_address>0x40c4</load_address>
         <run_address>0x40c4</run_address>
         <size>0x14</size>
         <input_file_ref idref="fl-38"/>
      </object_component>
      <object_component id="oc-947">
         <name>.text:NOROM_IntUnregister</name>
         <load_address>0x40d8</load_address>
         <run_address>0x40d8</run_address>
         <size>0x14</size>
         <input_file_ref idref="fl-3a"/>
      </object_component>
      <object_component id="oc-55e">
         <name>.text:Power_disablePolicy</name>
         <load_address>0x40ec</load_address>
         <run_address>0x40ec</run_address>
         <size>0x14</size>
         <input_file_ref idref="fl-1b"/>
      </object_component>
      <object_component id="oc-643">
         <name>.text:SwiP_handleHwi</name>
         <load_address>0x4100</load_address>
         <run_address>0x4100</run_address>
         <size>0x14</size>
         <input_file_ref idref="fl-29"/>
      </object_component>
      <object_component id="oc-898">
         <name>.text:TimerP_startup</name>
         <load_address>0x4114</load_address>
         <run_address>0x4114</run_address>
         <size>0x14</size>
         <input_file_ref idref="fl-2c"/>
      </object_component>
      <object_component id="oc-5f9">
         <name>.text:configureRFCoreClocks</name>
         <load_address>0x4128</load_address>
         <run_address>0x4128</run_address>
         <size>0x14</size>
         <input_file_ref idref="fl-1b"/>
      </object_component>
      <object_component id="oc-25">
         <name>.text:resetISR</name>
         <load_address>0x413c</load_address>
         <run_address>0x413c</run_address>
         <size>0x14</size>
         <input_file_ref idref="fl-2f"/>
      </object_component>
      <object_component id="oc-4e3">
         <name>.text:HwiP_Params_init</name>
         <load_address>0x4150</load_address>
         <run_address>0x4150</run_address>
         <size>0x12</size>
         <input_file_ref idref="fl-2d"/>
      </object_component>
      <object_component id="oc-82c">
         <name>.text:RingBuf_construct</name>
         <load_address>0x4162</load_address>
         <run_address>0x4162</run_address>
         <size>0x12</size>
         <input_file_ref idref="fl-25"/>
      </object_component>
      <object_component id="oc-12f">
         <name>.text:main</name>
         <load_address>0x4174</load_address>
         <run_address>0x4174</run_address>
         <size>0x12</size>
         <input_file_ref idref="fl-4"/>
      </object_component>
      <object_component id="oc-8b8">
         <name>.text</name>
         <load_address>0x4186</load_address>
         <run_address>0x4186</run_address>
         <size>0x2</size>
         <input_file_ref idref="fl-105"/>
      </object_component>
      <object_component id="oc-476">
         <name>.text:ClockP_Params_init</name>
         <load_address>0x4188</load_address>
         <run_address>0x4188</run_address>
         <size>0x10</size>
         <input_file_ref idref="fl-2b"/>
      </object_component>
      <object_component id="oc-957">
         <name>.text:ClockP_getCpuFreq</name>
         <load_address>0x4198</load_address>
         <run_address>0x4198</run_address>
         <size>0x10</size>
         <input_file_ref idref="fl-2b"/>
      </object_component>
      <object_component id="oc-3ef">
         <name>.text:HwiP_disable</name>
         <load_address>0x41a8</load_address>
         <run_address>0x41a8</run_address>
         <size>0x10</size>
         <input_file_ref idref="fl-2d"/>
      </object_component>
      <object_component id="oc-932">
         <name>.text:HwiP_post</name>
         <load_address>0x41b8</load_address>
         <run_address>0x41b8</run_address>
         <size>0x10</size>
         <input_file_ref idref="fl-2d"/>
      </object_component>
      <object_component id="oc-2c9">
         <name>.text:NOROM_SetupGetTrimForXoscHfFastStart</name>
         <load_address>0x41c8</load_address>
         <run_address>0x41c8</run_address>
         <size>0x10</size>
         <input_file_ref idref="fl-39"/>
      </object_component>
      <object_component id="oc-285">
         <name>.text:NOROM_SetupGetTrimForXoscHfIbiastherm</name>
         <load_address>0x41d8</load_address>
         <run_address>0x41d8</run_address>
         <size>0x10</size>
         <input_file_ref idref="fl-39"/>
      </object_component>
      <object_component id="oc-4c5">
         <name>.text:PINCC26XX_getPinCount</name>
         <load_address>0x41e8</load_address>
         <run_address>0x41e8</run_address>
         <size>0x10</size>
         <input_file_ref idref="fl-1a"/>
      </object_component>
      <object_component id="oc-8d0">
         <name>.text:PowerCC26XX_schedulerDisable</name>
         <load_address>0x41f8</load_address>
         <run_address>0x41f8</run_address>
         <size>0x10</size>
         <input_file_ref idref="fl-2e"/>
      </object_component>
      <object_component id="oc-539">
         <name>.text:Power_enablePolicy</name>
         <load_address>0x4208</load_address>
         <run_address>0x4208</run_address>
         <size>0x10</size>
         <input_file_ref idref="fl-1b"/>
      </object_component>
      <object_component id="oc-519">
         <name>.text:SemaphoreP_Params_init</name>
         <load_address>0x4218</load_address>
         <run_address>0x4218</run_address>
         <size>0x10</size>
         <input_file_ref idref="fl-28"/>
      </object_component>
      <object_component id="oc-4ef">
         <name>.text:SwiP_Params_init</name>
         <load_address>0x4228</load_address>
         <run_address>0x4228</run_address>
         <size>0x10</size>
         <input_file_ref idref="fl-29"/>
      </object_component>
      <object_component id="oc-705">
         <name>.text:TimerP_Params_init</name>
         <load_address>0x4238</load_address>
         <run_address>0x4238</run_address>
         <size>0x10</size>
         <input_file_ref idref="fl-2c"/>
      </object_component>
      <object_component id="oc-856">
         <name>.text:uartPostNotify</name>
         <load_address>0x4248</load_address>
         <run_address>0x4248</run_address>
         <size>0x10</size>
         <input_file_ref idref="fl-22"/>
      </object_component>
      <object_component id="oc-767">
         <name>.text:NOROM_VIMSModeGet</name>
         <load_address>0x4258</load_address>
         <run_address>0x4258</run_address>
         <size>0xe</size>
         <input_file_ref idref="fl-3e"/>
      </object_component>
      <object_component id="oc-92b">
         <name>.text:QueueP_empty</name>
         <load_address>0x4266</load_address>
         <run_address>0x4266</run_address>
         <size>0xe</size>
         <input_file_ref idref="fl-30"/>
      </object_component>
      <object_component id="oc-6a0">
         <name>.text:QueueP_remove</name>
         <load_address>0x4274</load_address>
         <run_address>0x4274</run_address>
         <size>0xe</size>
         <input_file_ref idref="fl-30"/>
      </object_component>
      <object_component id="oc-1e">
         <name>.text:decompress:none:__TI_decompress_none</name>
         <load_address>0x4282</load_address>
         <run_address>0x4282</run_address>
         <size>0xe</size>
         <input_file_ref idref="fl-100"/>
      </object_component>
      <object_component id="oc-723">
         <name>.text:ClockP_doTick</name>
         <load_address>0x4290</load_address>
         <run_address>0x4290</run_address>
         <size>0xc</size>
         <input_file_ref idref="fl-2b"/>
      </object_component>
      <object_component id="oc-6c">
         <name>.text:NOROM_CPUcpsid</name>
         <load_address>0x429c</load_address>
         <run_address>0x429c</run_address>
         <size>0xc</size>
         <input_file_ref idref="fl-36"/>
      </object_component>
      <object_component id="oc-351">
         <name>.text:NOROM_CPUcpsie</name>
         <load_address>0x42a8</load_address>
         <run_address>0x42a8</run_address>
         <size>0xc</size>
         <input_file_ref idref="fl-36"/>
      </object_component>
      <object_component id="oc-90e">
         <name>.text:NOROM_OSC_HPOSCRelativeFrequencyOffsetToRFCoreFormatConvert</name>
         <load_address>0x42b4</load_address>
         <run_address>0x42b4</run_address>
         <size>0xc</size>
         <input_file_ref idref="fl-3b"/>
      </object_component>
      <object_component id="oc-40d">
         <name>.text:PIN_registerIntCb</name>
         <load_address>0x42c0</load_address>
         <run_address>0x42c0</run_address>
         <size>0xc</size>
         <input_file_ref idref="fl-1a"/>
      </object_component>
      <object_component id="oc-8d6">
         <name>.text:PowerCC26XX_schedulerRestore</name>
         <load_address>0x42cc</load_address>
         <run_address>0x42cc</run_address>
         <size>0xc</size>
         <input_file_ref idref="fl-2e"/>
      </object_component>
      <object_component id="oc-5d7">
         <name>.text:Power_getConstraintMask</name>
         <load_address>0x42d8</load_address>
         <run_address>0x42d8</run_address>
         <size>0xc</size>
         <input_file_ref idref="fl-1b"/>
      </object_component>
      <object_component id="oc-8e2">
         <name>.text:Power_getDependencyCount</name>
         <load_address>0x42e4</load_address>
         <run_address>0x42e4</run_address>
         <size>0xc</size>
         <input_file_ref idref="fl-1b"/>
      </object_component>
      <object_component id="oc-655">
         <name>.text:SwiP_getTrigger</name>
         <load_address>0x42f0</load_address>
         <run_address>0x42f0</run_address>
         <size>0xc</size>
         <input_file_ref idref="fl-29"/>
      </object_component>
      <object_component id="oc-717">
         <name>.text:TimerP_getFreq</name>
         <load_address>0x42fc</load_address>
         <run_address>0x42fc</run_address>
         <size>0xc</size>
         <input_file_ref idref="fl-2c"/>
      </object_component>
      <object_component id="oc-39e">
         <name>.text:UART_read</name>
         <load_address>0x4308</load_address>
         <run_address>0x4308</run_address>
         <size>0xa</size>
         <input_file_ref idref="fl-21"/>
      </object_component>
      <object_component id="oc-398">
         <name>.text:UART_write</name>
         <load_address>0x4312</load_address>
         <run_address>0x4312</run_address>
         <size>0xa</size>
         <input_file_ref idref="fl-21"/>
      </object_component>
      <object_component id="oc-2e5">
         <name>.text:Board_init</name>
         <load_address>0x431c</load_address>
         <run_address>0x431c</run_address>
         <size>0x8</size>
         <input_file_ref idref="fl-1"/>
      </object_component>
      <object_component id="oc-3df">
         <name>.text:Board_initHook</name>
         <load_address>0x4324</load_address>
         <run_address>0x4324</run_address>
         <size>0x8</size>
         <input_file_ref idref="fl-2"/>
      </object_component>
      <object_component id="oc-3f5">
         <name>.text:HwiP_restore</name>
         <load_address>0x432c</load_address>
         <run_address>0x432c</run_address>
         <size>0x8</size>
         <input_file_ref idref="fl-2d"/>
      </object_component>
      <object_component id="oc-6c2">
         <name>.text:UARTCC26XX_init</name>
         <load_address>0x4334</load_address>
         <run_address>0x4334</run_address>
         <size>0x8</size>
         <input_file_ref idref="fl-22"/>
      </object_component>
      <object_component id="oc-676">
         <name>.text:malloc</name>
         <load_address>0x433c</load_address>
         <run_address>0x433c</run_address>
         <size>0x8</size>
         <input_file_ref idref="fl-102"/>
      </object_component>
      <object_component id="oc-84a">
         <name>.text:readSemCallback</name>
         <load_address>0x4344</load_address>
         <run_address>0x4344</run_address>
         <size>0x8</size>
         <input_file_ref idref="fl-22"/>
      </object_component>
      <object_component id="oc-844">
         <name>.text:writeSemCallback</name>
         <load_address>0x434c</load_address>
         <run_address>0x434c</run_address>
         <size>0x8</size>
         <input_file_ref idref="fl-22"/>
      </object_component>
      <object_component id="oc-761">
         <name>.text:ClockP_stop</name>
         <load_address>0x4354</load_address>
         <run_address>0x4354</run_address>
         <size>0x6</size>
         <input_file_ref idref="fl-2b"/>
      </object_component>
      <object_component id="oc-7e0">
         <name>.text:NOROM_CPUdelay</name>
         <load_address>0x435a</load_address>
         <run_address>0x435a</run_address>
         <size>0x6</size>
         <input_file_ref idref="fl-36"/>
      </object_component>
      <object_component id="oc-634">
         <name>.text:QueueP_init</name>
         <load_address>0x4360</load_address>
         <run_address>0x4360</run_address>
         <size>0x6</size>
         <input_file_ref idref="fl-30"/>
      </object_component>
      <object_component id="oc-6d4">
         <name>.text:UARTCC26XX_readPolling</name>
         <load_address>0x4366</load_address>
         <run_address>0x4366</run_address>
         <size>0x6</size>
         <input_file_ref idref="fl-22"/>
      </object_component>
      <object_component id="oc-6e6">
         <name>.text:UARTCC26XX_writePolling</name>
         <load_address>0x436c</load_address>
         <run_address>0x436c</run_address>
         <size>0x6</size>
         <input_file_ref idref="fl-22"/>
      </object_component>
      <object_component id="oc-76d">
         <name>.text:CPUwfi</name>
         <load_address>0x4372</load_address>
         <run_address>0x4372</run_address>
         <size>0x4</size>
         <input_file_ref idref="fl-2e"/>
      </object_component>
      <object_component id="oc-53f">
         <name>.text:ClockP_isActive</name>
         <load_address>0x4376</load_address>
         <run_address>0x4376</run_address>
         <size>0x4</size>
         <input_file_ref idref="fl-2b"/>
      </object_component>
      <object_component id="oc-48e">
         <name>.text:ClockP_setTimeout</name>
         <load_address>0x437a</load_address>
         <run_address>0x437a</run_address>
         <size>0x4</size>
         <input_file_ref idref="fl-2b"/>
      </object_component>
      <object_component id="oc-2eb">
         <name>.text:HwiP_enable</name>
         <load_address>0x437e</load_address>
         <run_address>0x437e</run_address>
         <size>0x4</size>
         <input_file_ref idref="fl-2d"/>
      </object_component>
      <object_component id="oc-9a6">
         <name>.text:QueueP_head</name>
         <load_address>0x4382</load_address>
         <run_address>0x4382</run_address>
         <size>0x4</size>
         <input_file_ref idref="fl-30"/>
      </object_component>
      <object_component id="oc-9ac">
         <name>.text:QueueP_next</name>
         <load_address>0x4386</load_address>
         <run_address>0x4386</run_address>
         <size>0x4</size>
         <input_file_ref idref="fl-30"/>
      </object_component>
      <object_component id="oc-3fb">
         <name>.text:SemaphoreP_delete</name>
         <load_address>0x438a</load_address>
         <run_address>0x438a</run_address>
         <size>0x4</size>
         <input_file_ref idref="fl-28"/>
      </object_component>
      <object_component id="oc-72e">
         <name>.text:TimerP_getCount64</name>
         <load_address>0x438e</load_address>
[...]
      </symbol>
      <symbol id="sm-a04">
         <name>ClockP_Params_init</name>
         <value>0x4189</value>
         <object_component_ref idref="oc-476"/>
      </symbol>
      <symbol id="sm-a05">
         <name>ClockP_workFuncDynamic</name>
         <value>0x1c49</value>
         <object_component_ref idref="oc-71d"/>
      </symbol>
      <symbol id="sm-a06">
         <name>ClockP_walkQueueDynamic</name>
         <value>0x27fd</value>
         <object_component_ref idref="oc-8a7"/>
      </symbol>
      <symbol id="sm-a07">
         <name>ClockP_destruct</name>
         <value>0x3f31</value>
         <object_component_ref idref="oc-545"/>
      </symbol>
      <symbol id="sm-a08">
         <name>ClockP_start</name>
         <value>0x2685</value>
         <object_component_ref idref="oc-494"/>
      </symbol>
      <symbol id="sm-a09">
         <name>ClockP_isActive</name>
         <value>0x4377</value>
         <object_component_ref idref="oc-53f"/>
      </symbol>
      <symbol id="sm-a0a">
         <name>ClockP_getCpuFreq</name>
         <value>0x4199</value>
         <object_component_ref idref="oc-957"/>
      </symbol>
      <symbol id="sm-a0b">
         <name>ClockP_getTicks</name>
         <value>0x3bb5</value>
         <object_component_ref idref="oc-5bb"/>
      </symbol>
      <symbol id="sm-a0c">
         <name>ClockP_add</name>
         <value>0x3cb1</value>
         <object_component_ref idref="oc-533"/>
      </symbol>
      <symbol id="sm-aa1">
         <name>TimerP_setNextTick</name>
         <value>0x373d</value>
         <object_component_ref idref="oc-741"/>
      </symbol>
      <symbol id="sm-aa2">
         <name>TimerP_getCurrentTick</name>
         <value>0x3a01</value>
         <object_component_ref idref="oc-5af"/>
      </symbol>
      <symbol id="sm-aa3">
         <name>TimerP_getCount64</name>
         <value>0x438f</value>
         <object_component_ref idref="oc-72e"/>
      </symbol>
      <symbol id="sm-aa4">
         <name>TimerP_setThreshold</name>
         <value>0x3a31</value>
         <object_component_ref idref="oc-8c6"/>
      </symbol>
      <symbol id="sm-aa5">
         <name>TimerP_dynamicStub</name>
         <value>0x3ea9</value>
         <object_component_ref idref="oc-89e"/>
      </symbol>
      <symbol id="sm-aa6">
         <name>TimerP_getMaxTicks</name>
         <value>0x3c45</value>
         <object_component_ref idref="oc-711"/>
      </symbol>
      <symbol id="sm-aa7">
         <name>TimerP_construct</name>
         <value>0x1b99</value>
         <object_component_ref idref="oc-70b"/>
      </symbol>
      <symbol id="sm-aa8">
         <name>TimerP_getFreq</name>
         <value>0x42fd</value>
         <object_component_ref idref="oc-717"/>
      </symbol>
      <symbol id="sm-aa9">
         <name>TimerP_initDevice</name>
         <value>0x3879</value>
         <object_component_ref idref="oc-892"/>
      </symbol>
      <symbol id="sm-aaa">
         <name>TimerP_startup</name>
         <value>0x4115</value>
         <object_component_ref idref="oc-898"/>
      </symbol>
      <symbol id="sm-aab">
         <name>TimerP_start</name>
         <value>0x28e5</value>
         <object_component_ref idref="oc-99e"/>
      </symbol>
      <symbol id="sm-aac">
         <name>TimerP_Params_init</name>
         <value>0x4239</value>
         <object_component_ref idref="oc-705"/>
      </symbol>
      <symbol id="sm-b1d">
         <name>HwiP_construct</name>
         <value>0x2785</value>
         <object_component_ref idref="oc-4e9"/>
      </symbol>
      <symbol id="sm-b1e">
         <name>HwiP_inISR</name>
         <value>0x3f49</value>
         <object_component_ref idref="oc-558"/>
      </symbol>
      <symbol id="sm-b1f">
         <name>HwiP_destruct</name>
         <value>0x3dc9</value>
         <object_component_ref idref="oc-805"/>
      </symbol>
      <symbol id="sm-b20">
         <name>HwiP_swiPIntNum</name>
         <value>0x2000022c</value>
         <object_component_ref idref="oc-62a"/>
      </symbol>
      <symbol id="sm-b21">
         <name>HwiP_Params_init</name>
         <value>0x4151</value>
         <object_component_ref idref="oc-4e3"/>
      </symbol>
      <symbol id="sm-b22">
         <name>HwiP_disable</name>
         <value>0x41a9</value>
         <object_component_ref idref="oc-3ef"/>
      </symbol>
      <symbol id="sm-b23">
         <name>HwiP_post</name>
         <value>0x41b9</value>
         <object_component_ref idref="oc-932"/>
      </symbol>
      <symbol id="sm-b24">
         <name>HwiP_enable</name>
         <value>0x437f</value>
         <object_component_ref idref="oc-2eb"/>
      </symbol>
      <symbol id="sm-b25">
         <name>HwiP_restore</name>
         <value>0x432d</value>
         <object_component_ref idref="oc-3f5"/>
      </symbol>
      <symbol id="sm-b60">
         <name>PowerCC26XX_schedulerDisable</name>
         <value>0x41f9</value>
         <object_component_ref idref="oc-8d0"/>
      </symbol>
      <symbol id="sm-b61">
         <name>PowerCC26XX_schedulerRestore</name>
         <value>0x42cd</value>
         <object_component_ref idref="oc-8d6"/>
      </symbol>
      <symbol id="sm-b62">
         <name>PowerCC26XX_standbyPolicy</name>
         <value>0x14cd</value>
         <object_component_ref idref="oc-5c2"/>
      </symbol>
      <symbol id="sm-b93">
         <name>resetISR</name>
         <value>0x413d</value>
         <object_component_ref idref="oc-25"/>
      </symbol>
      <symbol id="sm-b94">
         <name>g_pfnVectors</name>
         <value>0x0</value>
         <object_component_ref idref="oc-15"/>
      </symbol>
      <symbol id="sm-bd1">
         <name>QueueP_next</name>
         <value>0x4387</value>
         <object_component_ref idref="oc-9ac"/>
      </symbol>
      <symbol id="sm-bd2">
         <name>QueueP_put</name>
         <value>0x3e55</value>
         <object_component_ref idref="oc-5a4"/>
      </symbol>
      <symbol id="sm-bd3">
         <name>QueueP_remove</name>
         <value>0x4275</value>
         <object_component_ref idref="oc-6a0"/>
      </symbol>
      <symbol id="sm-bd4">
         <name>QueueP_head</name>
         <value>0x4383</value>
         <object_component_ref idref="oc-9a6"/>
      </symbol>
      <symbol id="sm-bd5">
         <name>QueueP_init</name>
         <value>0x4361</value>
         <object_component_ref idref="oc-634"/>
      </symbol>
      <symbol id="sm-bd6">
         <name>QueueP_empty</name>
         <value>0x4267</value>
         <object_component_ref idref="oc-92b"/>
      </symbol>
      <symbol id="sm-bd7">
         <name>QueueP_get</name>
         <value>0x3efd</value>
         <object_component_ref idref="oc-925"/>
      </symbol>
      <symbol id="sm-c11">
         <name>NOROM_ChipInfo_GetChipType</name>
         <value>0x3911</value>
         <object_component_ref idref="oc-4b9"/>
      </symbol>
      <symbol id="sm-c12">
         <name>NOROM_ChipInfo_GetHwRevision</name>
         <value>0x342d</value>
         <object_component_ref idref="oc-10d"/>
      </symbol>
      <symbol id="sm-c13">
         <name>NOROM_ThisLibraryIsFor_CC13x0_HwRev20AndLater_HaltIfViolated</name>
         <value>0x4099</value>
         <object_component_ref idref="oc-b3"/>
      </symbol>
      <symbol id="sm-c14">
         <name>NOROM_ChipInfo_GetChipFamily</name>
         <value>0x3de5</value>
         <object_component_ref idref="oc-107"/>
      </symbol>
      <symbol id="sm-c15">
         <name>NOROM_ChipInfo_GetPackageType</name>
         <value>0x3f79</value>
         <object_component_ref idref="oc-4bf"/>
      </symbol>
      <symbol id="sm-c49">
         <name>NOROM_SetupTrimDevice</name>
         <value>0x1d99</value>
         <object_component_ref idref="oc-72"/>
      </symbol>
      <symbol id="sm-c9c">
         <name>NOROM_SysCtrl_DCDC_VoltageConditionalControl</name>
         <value>0x2b69</value>
         <object_component_ref idref="oc-749"/>
      </symbol>
      <symbol id="sm-c9d">
         <name>NOROM_SysCtrlAdjustRechargeAfterPowerDown</name>
         <value>0x2b01</value>
         <object_component_ref idref="oc-8f4"/>
      </symbol>
      <symbol id="sm-c9e">
         <name>NOROM_SysCtrlSetRechargeBeforePowerDown</name>
         <value>0x3d5</value>
         <object_component_ref idref="oc-8e8"/>
      </symbol>
      <symbol id="sm-cb2">
         <name>NOROM_CPUdelay</name>
         <value>0x435b</value>
         <object_component_ref idref="oc-7e0"/>
      </symbol>
      <symbol id="sm-cb3">
         <name>NOROM_CPUcpsie</name>
         <value>0x42a9</value>
         <object_component_ref idref="oc-351"/>
      </symbol>
      <symbol id="sm-cb4">
         <name>NOROM_CPUcpsid</name>
         <value>0x429d</value>
         <object_component_ref idref="oc-6c"/>
      </symbol>
      <symbol id="sm-cba">
         <name>driverlib_release_0_3_05_20_00001</name>
         <value>0x20000631</value>
      </symbol>
      <symbol id="sm-cd9">
         <name>NOROM_AONRTCCurrentCompareValueGet</name>
         <value>0x3f61</value>
         <object_component_ref idref="oc-795"/>
      </symbol>
      <symbol id="sm-cda">
         <name>NOROM_AONRTCCurrent64BitValueGet</name>
         <value>0x40c5</value>
         <object_component_ref idref="oc-8b1"/>
      </symbol>
      <symbol id="sm-dea">
         <name>NOROM_SetupGetTrimForRadcExtCfg</name>
         <value>0x3941</value>
         <object_component_ref idref="oc-2c1"/>
      </symbol>
      <symbol id="sm-deb">
         <name>NOROM_SetupGetTrimForAmpcompCtrl</name>
         <value>0x2a31</value>
         <object_component_ref idref="oc-297"/>
      </symbol>
      <symbol id="sm-dec">
         <name>NOROM_SetupSetAonRtcSubSecInc</name>
         <value>0x3971</value>
         <object_component_ref idref="oc-2db"/>
      </symbol>
      <symbol id="sm-ded">
         <name>NOROM_SetupGetTrimForAnabypassValue1</name>
         <value>0x2a99</value>
         <object_component_ref idref="oc-273"/>
      </symbol>
      <symbol id="sm-dee">
         <name>NOROM_SetupGetTrimForXoscHfIbiastherm</name>
         <value>0x41d9</value>
         <object_component_ref idref="oc-285"/>
      </symbol>
      <symbol id="sm-def">
         <name>NOROM_SetupGetTrimForRcOscLfIBiasTrim</name>
         <value>0x4009</value>
         <object_component_ref idref="oc-2b5"/>
      </symbol>
      <symbol id="sm-df0">
         <name>NOROM_SetupSetCacheModeAccordingToCcfgSetting</name>
         <value>0x30c1</value>
         <object_component_ref idref="oc-b9"/>
      </symbol>
      <symbol id="sm-df1">
         <name>NOROM_SetupAfterColdResetWakeupFromShutDownCfg1</name>
         <value>0x1e41</value>
         <object_component_ref idref="oc-115"/>
      </symbol>
      <symbol id="sm-df2">
         <name>NOROM_SetupAfterColdResetWakeupFromShutDownCfg3</name>
         <value>0xf55</value>
         <object_component_ref idref="oc-121"/>
      </symbol>
      <symbol id="sm-df3">
         <name>NOROM_SetupAfterColdResetWakeupFromShutDownCfg2</name>
         <value>0x15cd</value>
         <object_component_ref idref="oc-11b"/>
      </symbol>
      <symbol id="sm-df4">
         <name>NOROM_SetupGetTrimForRcOscLfRtuneCtuneTrim</name>
         <value>0x3e1d</value>
         <object_component_ref idref="oc-27f"/>
      </symbol>
      <symbol id="sm-df5">
         <name>NOROM_SetupGetTrimForXoscHfFastStart</name>
         <value>0x41c9</value>
         <object_component_ref idref="oc-2c9"/>
      </symbol>
      <symbol id="sm-df6">
         <name>NOROM_SetupGetTrimForXoscLfRegulatorAndCmirrwrRatio</name>
         <value>0x4021</value>
         <object_component_ref idref="oc-2bb"/>
      </symbol>
      <symbol id="sm-df7">
         <name>NOROM_SetupGetTrimForXoscHfCtl</name>
         <value>0x3cd1</value>
         <object_component_ref idref="oc-2a9"/>
      </symbol>
      <symbol id="sm-df8">
         <name>NOROM_SetupGetTrimForDblrLoopFilterResetVoltage</name>
         <value>0x3ff1</value>
         <object_component_ref idref="oc-2af"/>
      </symbol>
      <symbol id="sm-df9">
         <name>NOROM_SetupGetTrimForAdcShModeEn</name>
         <value>0x3fa9</value>
         <object_component_ref idref="oc-29d"/>
      </symbol>
      <symbol id="sm-dfa">
         <name>NOROM_SetupGetTrimForAdcShVbufEn</name>
         <value>0x3fc1</value>
         <object_component_ref idref="oc-2a3"/>
      </symbol>
      <symbol id="sm-dfb">
         <name>NOROM_SetupSetVddrLevel</name>
         <value>0x2871</value>
         <object_component_ref idref="oc-26c"/>
      </symbol>
      <symbol id="sm-dfc">
         <name>NOROM_SetupGetTrimForAmpcompTh1</name>
         <value>0x3fd9</value>
         <object_component_ref idref="oc-291"/>
      </symbol>
      <symbol id="sm-dfd">
         <name>NOROM_SetupGetTrimForAmpcompTh2</name>
         <value>0x3e01</value>
         <object_component_ref idref="oc-28b"/>
      </symbol>
      <symbol id="sm-e2a">
         <name>NOROM_IntUnregister</name>
         <value>0x40d9</value>
         <object_component_ref idref="oc-947"/>
      </symbol>
      <symbol id="sm-e2b">
         <name>NOROM_IntRegister</name>
         <value>0x37a9</value>
         <object_component_ref idref="oc-61e"/>
      </symbol>
      <symbol id="sm-e2c">
         <name>g_pfnRAMVectors</name>
         <value>0x20000800</value>
         <object_component_ref idref="oc-7b2"/>
      </symbol>
      <symbol id="sm-e8c">
         <name>NOROM_OSCHF_TurnOnXosc</name>
         <value>0x3f91</value>
         <object_component_ref idref="oc-7a1"/>
      </symbol>
      <symbol id="sm-e8d">
         <name>NOROM_OSC_HPOSCRelativeFrequencyOffsetToRFCoreFormatConvert</name>
         <value>0x42b5</value>
         <object_component_ref idref="oc-90e"/>
      </symbol>
      <symbol id="sm-e8e">
         <name>NOROM_OSCHF_AttemptToSwitchToXosc</name>
         <value>0x2d71</value>
         <object_component_ref idref="oc-5dd"/>
      </symbol>
      <symbol id="sm-e8f">
         <name>NOROM_OSCClockSourceSet</name>
         <value>0x2e39</value>
         <object_component_ref idref="oc-2d5"/>
      </symbol>
      <symbol id="sm-e90">
         <name>NOROM_OSCClockSourceGet</name>
         <value>0x3ae9</value>
         <object_component_ref idref="oc-2cf"/>
      </symbol>
      <symbol id="sm-e91">
         <name>NOROM_OSCHF_SwitchToRcOscTurnOffXosc</name>
         <value>0x37dd</value>
         <object_component_ref idref="oc-7a7"/>
      </symbol>
      <symbol id="sm-e92">
         <name>NOROM_OSC_HPOSCRelativeFrequencyOffsetGet</name>
         <value>0x35a9</value>
         <object_component_ref idref="oc-908"/>
      </symbol>
      <symbol id="sm-e9f">
         <name>NOROM_AONBatMonTemperatureGetDegC</name>
         <value>0x3b15</value>
         <object_component_ref idref="oc-902"/>
      </symbol>
      <symbol id="sm-eb1">
         <name>SafeHapiVoid</name>
         <value>0x3b65</value>
         <object_component_ref idref="oc-78f"/>
      </symbol>
      <symbol id="sm-ebe">
         <name>NOROM_VIMSModeGet</name>
         <value>0x4259</value>
         <object_component_ref idref="oc-767"/>
      </symbol>
      <symbol id="sm-ed0">
         <name>NOROM_DDI32RegWrite</name>
         <value>0x3abd</value>
         <object_component_ref idref="oc-279"/>
      </symbol>
      <symbol id="sm-ee0">
         <name>__aeabi_lmul</name>
         <value>0x4081</value>
         <object_component_ref idref="oc-739"/>
      </symbol>
      <symbol id="sm-efb">
         <name>memcpy</name>
         <value>0x2209</value>
         <object_component_ref idref="oc-54"/>
      </symbol>
      <symbol id="sm-efc">
         <name>__aeabi_memcpy</name>
         <value>0x2209</value>
         <object_component_ref idref="oc-54"/>
      </symbol>
      <symbol id="sm-efd">
         <name>__aeabi_memcpy8</name>
         <value>0x2209</value>
         <object_component_ref idref="oc-54"/>
      </symbol>
      <symbol id="sm-efe">
         <name>__aeabi_memcpy4</name>
         <value>0x2209</value>
         <object_component_ref idref="oc-54"/>
      </symbol>
      <symbol id="sm-f0b">
         <name>__aeabi_uldivmod</name>
         <value>0x23d5</value>
         <object_component_ref idref="oc-734"/>
      </symbol>
      <symbol id="sm-f24">
         <name>__TI_zero_init_nomemset</name>
         <value>0x3ec5</value>
         <object_component_ref idref="oc-60"/>
      </symbol>
      <symbol id="sm-f3b">
         <name>__TI_decompress_none</name>
         <value>0x4283</value>
         <object_component_ref idref="oc-1e"/>
      </symbol>
      <symbol id="sm-f5e">
         <name>__TI_decompress_lzss</name>
         <value>0x2ca1</value>
         <object_component_ref idref="oc-18"/>
      </symbol>
      <symbol id="sm-fe7">
         <name>_sys_memory</name>
         <value>0x20000640</value>
         <object_component_ref idref="oc-2e"/>
      </symbol>
      <symbol id="sm-fe8">
         <name>free</name>
         <value>0x16bd</value>
         <object_component_ref idref="oc-52c"/>
      </symbol>
      <symbol id="sm-fe9">
         <name>memalign</name>
         <value>0x1081</value>
         <object_component_ref idref="oc-7f1"/>
      </symbol>
      <symbol id="sm-fea">
         <name>malloc</name>
         <value>0x433d</value>
         <object_component_ref idref="oc-676"/>
      </symbol>
      <symbol id="sm-feb">
         <name>aligned_alloc</name>
         <value>0x1081</value>
         <object_component_ref idref="oc-7f1"/>
      </symbol>
      <symbol id="sm-ffe">
         <name>__stack</name>
         <value>0x20004c00</value>
         <object_component_ref idref="oc-31"/>
      </symbol>
      <symbol id="sm-fff">
         <name>_c_int00</name>
         <value>0x3c69</value>
         <object_component_ref idref="oc-d8"/>
      </symbol>
      <symbol id="sm-1009">
         <name>__aeabi_idiv0</name>
         <value>0x4187</value>
         <object_component_ref idref="oc-8b8"/>
      </symbol>
      <symbol id="sm-100a">
         <name>__aeabi_ldiv0</name>
         <value>0x4187</value>
         <object_component_ref idref="oc-8b8"/>
      </symbol>
      <symbol id="sm-1033">
         <name>__TI_auto_init_nobinit_nopinit</name>
         <value>0x33a9</value>
         <object_component_ref idref="oc-304"/>
      </symbol>
      <symbol id="sm-103d">
         <name>_system_pre_init</name>
         <value>0x4393</value>
         <object_component_ref idref="oc-129"/>
      </symbol>
      <symbol id="sm-1049">
         <name>C$$EXIT</name>
         <value>0x4397</value>
         <object_component_ref idref="oc-2f8"/>
      </symbol>
      <symbol id="sm-104a">
         <name>abort</name>
         <value>0x4397</value>
         <object_component_ref idref="oc-2f8"/>
      </symbol>
      <symbol id="sm-105f">
         <name>_nop</name>
         <value>0x2fb7</value>
         <object_component_ref idref="oc-457"/>
      </symbol>
      <symbol id="sm-1060">
         <name>_lock</name>
         <value>0x20000474</value>
         <object_component_ref idref="oc-3ad"/>
      </symbol>
      <symbol id="sm-1061">
         <name>_unlock</name>
         <value>0x20000478</value>
         <object_component_ref idref="oc-3ad"/>
      </symbol>
      <symbol id="sm-1075">
         <name>_args_main</name>
         <value>0x4069</value>
         <object_component_ref idref="oc-139"/>
      </symbol>
      <symbol id="sm-1076">
         <name>__TI_static_base__</name>
         <value>0x0</value>
      </symbol>
      <symbol id="sm-1079">
         <name>__mpu_init</name>
         <value>0x0</value>
      </symbol>
      <symbol id="sm-107a">
         <name>_system_post_cinit</name>
         <value>0x0</value>
      </symbol>
      <symbol id="sm-107b">
         <name>NoRTOS_start</name>
         <value>0x437f</value>
      </symbol>
   </symbol_table>
   <title>Link successful</title>
</link_info>
